Component: ARM Compiler 6.16 Tool: armlink [5dfeaa00]

==============================================================================

Section Cross References

    at32f415_clock.o(.text.system_clock_config) refers to at32f415_crm.o(.text.crm_reset) for crm_reset
    at32f415_clock.o(.text.system_clock_config) refers to at32f415_crm.o(.text.crm_clock_source_enable) for crm_clock_source_enable
    at32f415_clock.o(.text.system_clock_config) refers to at32f415_crm.o(.text.crm_hext_stable_wait) for crm_hext_stable_wait
    at32f415_clock.o(.text.system_clock_config) refers to at32f415_crm.o(.text.crm_pll_config) for crm_pll_config
    at32f415_clock.o(.text.system_clock_config) refers to at32f415_crm.o(.text.crm_flag_get) for crm_flag_get
    at32f415_clock.o(.text.system_clock_config) refers to at32f415_crm.o(.text.crm_ahb_div_set) for crm_ahb_div_set
    at32f415_clock.o(.text.system_clock_config) refers to at32f415_crm.o(.text.crm_apb2_div_set) for crm_apb2_div_set
    at32f415_clock.o(.text.system_clock_config) refers to at32f415_crm.o(.text.crm_apb1_div_set) for crm_apb1_div_set
    at32f415_clock.o(.text.system_clock_config) refers to at32f415_crm.o(.text.crm_auto_step_mode_enable) for crm_auto_step_mode_enable
    at32f415_clock.o(.text.system_clock_config) refers to at32f415_crm.o(.text.crm_sysclk_switch) for crm_sysclk_switch
    at32f415_clock.o(.text.system_clock_config) refers to at32f415_crm.o(.text.crm_sysclk_switch_status_get) for crm_sysclk_switch_status_get
    at32f415_clock.o(.text.system_clock_config) refers to system_at32f415.o(.text.system_core_clock_update) for system_core_clock_update
    at32f415_clock.o(.ARM.exidx.text.system_clock_config) refers to at32f415_clock.o(.text.system_clock_config) for [Anonymous Symbol]
    at32f415_int.o(.ARM.exidx.text.NMI_Handler) refers to at32f415_int.o(.text.NMI_Handler) for [Anonymous Symbol]
    at32f415_int.o(.ARM.exidx.text.HardFault_Handler_) refers to at32f415_int.o(.text.HardFault_Handler_) for [Anonymous Symbol]
    at32f415_int.o(.ARM.exidx.text.MemManage_Handler) refers to at32f415_int.o(.text.MemManage_Handler) for [Anonymous Symbol]
    at32f415_int.o(.ARM.exidx.text.BusFault_Handler) refers to at32f415_int.o(.text.BusFault_Handler) for [Anonymous Symbol]
    at32f415_int.o(.ARM.exidx.text.UsageFault_Handler) refers to at32f415_int.o(.text.UsageFault_Handler) for [Anonymous Symbol]
    at32f415_int.o(.ARM.exidx.text.SVC_Handler) refers to at32f415_int.o(.text.SVC_Handler) for [Anonymous Symbol]
    at32f415_int.o(.ARM.exidx.text.DebugMon_Handler) refers to at32f415_int.o(.text.DebugMon_Handler) for [Anonymous Symbol]
    at32f415_int.o(.ARM.exidx.text.PendSV_Handler) refers to at32f415_int.o(.text.PendSV_Handler) for [Anonymous Symbol]
    at32f415_int.o(.ARM.exidx.text.SysTick_Handler) refers to at32f415_int.o(.text.SysTick_Handler) for [Anonymous Symbol]
    at32f415_int.o(.text.TMR1_OVF_TMR10_IRQHandler) refers to at32f415_tmr.o(.text.tmr_interrupt_flag_get) for tmr_interrupt_flag_get
    at32f415_int.o(.text.TMR1_OVF_TMR10_IRQHandler) refers to at32f415_tmr.o(.text.tmr_flag_clear) for tmr_flag_clear
    at32f415_int.o(.ARM.exidx.text.TMR1_OVF_TMR10_IRQHandler) refers to at32f415_int.o(.text.TMR1_OVF_TMR10_IRQHandler) for [Anonymous Symbol]
    main.o(.text.main) refers to at32f415_clock.o(.text.system_clock_config) for system_clock_config
    main.o(.text.main) refers to main.o(.rodata.str1.1) for .L.str
    main.o(.text.main) refers to cm_backtrace.o(.text.cm_backtrace_init) for cm_backtrace_init
    main.o(.text.main) refers to segger_rtt.o(.text.SEGGER_RTT_Init) for SEGGER_RTT_Init
    main.o(.text.main) refers to at32f415_crm.o(.text.crm_periph_clock_enable) for crm_periph_clock_enable
    main.o(.text.main) refers to main.o(.rodata.btn) for btn
    main.o(.text.main) refers to pinctrl.o(.text.PIN_SetMode) for PIN_SetMode
    main.o(.text.main) refers to drv_hwuart.o(.text.DbgUartInit) for DbgUartInit
    main.o(.text.main) refers to drv_timer.o(.text.$Sub$$DelayInit) for DelayInit
    main.o(.text.main) refers to main.o(.text.USBD_Init) for USBD_Init
    main.o(.text.main) refers to pinctrl.o(.text.PIN_ReadLevel) for PIN_ReadLevel
    main.o(.text.main) refers to main.o(.bss.otg_core_struct) for otg_core_struct
    main.o(.text.main) refers to usbd_core.o(.text.usbd_connect_state_get) for usbd_connect_state_get
    main.o(.text.main) refers to mouse_class.o(.text.usb_hid_mouse_send) for usb_hid_mouse_send
    main.o(.text.main) refers to main.o(.bss.m_bMousePressed) for m_bMousePressed
    main.o(.text.main) refers to main.o(.text.DelayBlockMs) for DelayBlockMs
    main.o(.ARM.exidx.text.main) refers to main.o(.text.main) for [Anonymous Symbol]
    main.o(.text.USBD_Init) refers to at32f415_crm.o(.text.crm_periph_clock_enable) for crm_periph_clock_enable
    main.o(.text.USBD_Init) refers to at32f415_gpio.o(.text.gpio_default_para_init) for gpio_default_para_init
[...]
    __rt_lib_init_lc_ctype_2                 0x0800027d   Thumb Code     0  libinit2.o(.ARM.Collect$$libinit$$00000012)
    __rt_lib_init_lc_ctype_1                 0x08000289   Thumb Code     0  libinit2.o(.ARM.Collect$$libinit$$00000013)
    __rt_lib_init_lc_monetary_1              0x08000289   Thumb Code     0  libinit2.o(.ARM.Collect$$libinit$$00000015)
    __rt_lib_init_lc_numeric_2               0x08000289   Thumb Code     0  libinit2.o(.ARM.Collect$$libinit$$00000016)
    __rt_lib_init_alloca_1                   0x08000293   Thumb Code     0  libinit2.o(.ARM.Collect$$libinit$$0000002E)
    __rt_lib_init_argv_1                     0x08000293   Thumb Code     0  libinit2.o(.ARM.Collect$$libinit$$0000002C)
    __rt_lib_init_atexit_1                   0x08000293   Thumb Code     0  libinit2.o(.ARM.Collect$$libinit$$0000001B)
    __rt_lib_init_clock_1                    0x08000293   Thumb Code     0  libinit2.o(.ARM.Collect$$libinit$$00000021)
    __rt_lib_init_cpp_1                      0x08000293   Thumb Code     0  libinit2.o(.ARM.Collect$$libinit$$00000032)
    __rt_lib_init_exceptions_1               0x08000293   Thumb Code     0  libinit2.o(.ARM.Collect$$libinit$$00000030)
    __rt_lib_init_fp_trap_1                  0x08000293   Thumb Code     0  libinit2.o(.ARM.Collect$$libinit$$0000001F)
    __rt_lib_init_getenv_1                   0x08000293   Thumb Code     0  libinit2.o(.ARM.Collect$$libinit$$00000023)
    __rt_lib_init_lc_numeric_1               0x08000293   Thumb Code     0  libinit2.o(.ARM.Collect$$libinit$$00000017)
    __rt_lib_init_lc_time_1                  0x08000293   Thumb Code     0  libinit2.o(.ARM.Collect$$libinit$$00000019)
    __rt_lib_init_return                     0x08000293   Thumb Code     0  libinit2.o(.ARM.Collect$$libinit$$00000033)
    __rt_lib_init_signal_1                   0x08000293   Thumb Code     0  libinit2.o(.ARM.Collect$$libinit$$0000001D)
    __rt_lib_init_stdio_1                    0x08000293   Thumb Code     0  libinit2.o(.ARM.Collect$$libinit$$00000025)
    __rt_lib_shutdown                        0x08000295   Thumb Code     0  libshutdown.o(.ARM.Collect$$libshutdown$$00000000)
    __rt_lib_shutdown_cpp_1                  0x08000297   Thumb Code     0  libshutdown2.o(.ARM.Collect$$libshutdown$$00000002)
    __rt_lib_shutdown_fp_trap_1              0x08000297   Thumb Code     0  libshutdown2.o(.ARM.Collect$$libshutdown$$00000007)
    __rt_lib_shutdown_heap_1                 0x08000297   Thumb Code     0  libshutdown2.o(.ARM.Collect$$libshutdown$$0000000F)
    __rt_lib_shutdown_return                 0x08000297   Thumb Code     0  libshutdown2.o(.ARM.Collect$$libshutdown$$00000010)
    __rt_lib_shutdown_signal_1               0x08000297   Thumb Code     0  libshutdown2.o(.ARM.Collect$$libshutdown$$0000000A)
    __rt_lib_shutdown_stdio_1                0x08000297   Thumb Code     0  libshutdown2.o(.ARM.Collect$$libshutdown$$00000004)
    __rt_lib_shutdown_user_alloc_1           0x08000297   Thumb Code     0  libshutdown2.o(.ARM.Collect$$libshutdown$$0000000C)
    __rt_entry                               0x08000299   Thumb Code     0  __rtentry.o(.ARM.Collect$$rtentry$$00000000)
    __rt_entry_presh_1                       0x08000299   Thumb Code     0  __rtentry2.o(.ARM.Collect$$rtentry$$00000002)
    __rt_entry_sh                            0x08000299   Thumb Code     0  __rtentry4.o(.ARM.Collect$$rtentry$$00000004)
    __rt_entry_li                            0x0800029f   Thumb Code     0  __rtentry2.o(.ARM.Collect$$rtentry$$0000000A)
    __rt_entry_postsh_1                      0x0800029f   Thumb Code     0  __rtentry2.o(.ARM.Collect$$rtentry$$00000009)
    __rt_entry_main                          0x080002a3   Thumb Code     0  __rtentry2.o(.ARM.Collect$$rtentry$$0000000D)
    __rt_entry_postli_1                      0x080002a3   Thumb Code     0  __rtentry2.o(.ARM.Collect$$rtentry$$0000000C)
    __rt_exit                                0x080002ab   Thumb Code     0  rtexit.o(.ARM.Collect$$rtexit$$00000000)
    __rt_exit_ls                             0x080002ad   Thumb Code     0  rtexit2.o(.ARM.Collect$$rtexit$$00000003)
    __rt_exit_prels_1                        0x080002ad   Thumb Code     0  rtexit2.o(.ARM.Collect$$rtexit$$00000002)
    __rt_exit_exit                           0x080002b1   Thumb Code     0  rtexit2.o(.ARM.Collect$$rtexit$$00000004)
    Reset_Handler                            0x080002b9   Thumb Code     8  startup_at32f415.o(.text)
    ADC1_IRQHandler                          0x080002d3   Thumb Code     0  startup_at32f415.o(.text)
    CAN1_RX0_IRQHandler                      0x080002d3   Thumb Code     0  startup_at32f415.o(.text)
    CAN1_RX1_IRQHandler                      0x080002d3   Thumb Code     0  startup_at32f415.o(.text)
    CAN1_SE_IRQHandler                       0x080002d3   Thumb Code     0  startup_at32f415.o(.text)
    CAN1_TX_IRQHandler                       0x080002d3   Thumb Code     0  startup_at32f415.o(.text)
    CMP1_IRQHandler                          0x080002d3   Thumb Code     0  startup_at32f415.o(.text)
    CMP2_IRQHandler                          0x080002d3   Thumb Code     0  startup_at32f415.o(.text)
    CRM_IRQHandler                           0x080002d3   Thumb Code     0  startup_at32f415.o(.text)
    DMA1_Channel1_IRQHandler                 0x080002d3   Thumb Code     0  startup_at32f415.o(.text)
    DMA1_Channel2_IRQHandler                 0x080002d3   Thumb Code     0  startup_at32f415.o(.text)
    DMA1_Channel3_IRQHandler                 0x080002d3   Thumb Code     0  startup_at32f415.o(.text)
    DMA1_Channel4_IRQHandler                 0x080002d3   Thumb Code     0  startup_at32f415.o(.text)
    DMA1_Channel5_IRQHandler                 0x080002d3   Thumb Code     0  startup_at32f415.o(.text)
    DMA1_Channel6_IRQHandler                 0x080002d3   Thumb Code     0  startup_at32f415.o(.text)
    DMA1_Channel7_IRQHandler                 0x080002d3   Thumb Code     0  startup_at32f415.o(.text)
    DMA2_Channel1_IRQHandler                 0x080002d3   Thumb Code     0  startup_at32f415.o(.text)
    DMA2_Channel2_IRQHandler                 0x080002d3   Thumb Code     0  startup_at32f415.o(.text)
    DMA2_Channel3_IRQHandler                 0x080002d3   Thumb Code     0  startup_at32f415.o(.text)
    DMA2_Channel4_5_IRQHandler               0x080002d3   Thumb Code     0  startup_at32f415.o(.text)
    DMA2_Channel6_7_IRQHandler               0x080002d3   Thumb Code     0  startup_at32f415.o(.text)
    ERTCAlarm_IRQHandler                     0x080002d3   Thumb Code     0  startup_at32f415.o(.text)
    ERTC_WKUP_IRQHandler                     0x080002d3   Thumb Code     0  startup_at32f415.o(.text)
    EXINT0_IRQHandler                        0x080002d3   Thumb Code     0  startup_at32f415.o(.text)
    EXINT15_10_IRQHandler                    0x080002d3   Thumb Code     0  startup_at32f415.o(.text)
    EXINT1_IRQHandler                        0x080002d3   Thumb Code     0  startup_at32f415.o(.text)
    EXINT2_IRQHandler                        0x080002d3   Thumb Code     0  startup_at32f415.o(.text)
    EXINT3_IRQHandler                        0x080002d3   Thumb Code     0  startup_at32f415.o(.text)
    EXINT4_IRQHandler                        0x080002d3   Thumb Code     0  startup_at32f415.o(.text)
    EXINT9_5_IRQHandler                      0x080002d3   Thumb Code     0  startup_at32f415.o(.text)
    FLASH_IRQHandler                         0x080002d3   Thumb Code     0  startup_at32f415.o(.text)
    I2C1_ERR_IRQHandler                      0x080002d3   Thumb Code     0  startup_at32f415.o(.text)
    I2C1_EVT_IRQHandler                      0x080002d3   Thumb Code     0  startup_at32f415.o(.text)
    I2C2_ERR_IRQHandler                      0x080002d3   Thumb Code     0  startup_at32f415.o(.text)
    I2C2_EVT_IRQHandler                      0x080002d3   Thumb Code     0  startup_at32f415.o(.text)
    OTGFS1_WKUP_IRQHandler                   0x080002d3   Thumb Code     0  startup_at32f415.o(.text)
    PVM_IRQHandler                           0x080002d3   Thumb Code     0  startup_at32f415.o(.text)
    SDIO1_IRQHandler                         0x080002d3   Thumb Code     0  startup_at32f415.o(.text)
    SPI1_IRQHandler                          0x080002d3   Thumb Code     0  startup_at32f415.o(.text)
    SPI2_IRQHandler                          0x080002d3   Thumb Code     0  startup_at32f415.o(.text)
    TAMP_STAMP_IRQHandler                    0x080002d3   Thumb Code     0  startup_at32f415.o(.text)
    TMR1_BRK_TMR9_IRQHandler                 0x080002d3   Thumb Code     0  startup_at32f415.o(.text)
    TMR1_CH_IRQHandler                       0x080002d3   Thumb Code     0  startup_at32f415.o(.text)
    TMR1_TRG_HALL_TMR11_IRQHandler           0x080002d3   Thumb Code     0  startup_at32f415.o(.text)
    TMR2_GLOBAL_IRQHandler                   0x080002d3   Thumb Code     0  startup_at32f415.o(.text)
    TMR3_GLOBAL_IRQHandler                   0x080002d3   Thumb Code     0  startup_at32f415.o(.text)
    TMR4_GLOBAL_IRQHandler                   0x080002d3   Thumb Code     0  startup_at32f415.o(.text)
    TMR5_GLOBAL_IRQHandler                   0x080002d3   Thumb Code     0  startup_at32f415.o(.text)
    UART4_IRQHandler                         0x080002d3   Thumb Code     0  startup_at32f415.o(.text)
    UART5_IRQHandler                         0x080002d3   Thumb Code     0  startup_at32f415.o(.text)
    USART1_IRQHandler                        0x080002d3   Thumb Code     0  startup_at32f415.o(.text)
    USART2_IRQHandler                        0x080002d3   Thumb Code     0  startup_at32f415.o(.text)
    USART3_IRQHandler                        0x080002d3   Thumb Code     0  startup_at32f415.o(.text)
    WWDT_IRQHandler                          0x080002d3   Thumb Code     0  startup_at32f415.o(.text)
    __user_initial_stackheap                 0x080002d5   Thumb Code     0  startup_at32f415.o(.text)
    HardFault_Handler                        0x080002f9   Thumb Code    12  cmb_fault_keil.o(.text)
    __use_no_semihosting                     0x08000305   Thumb Code     2  use_no_semi_2.o(.text)
    __aeabi_uldivmod                         0x08000307   Thumb Code     0  lludivv7m.o(.text)
    _ll_udiv                                 0x08000307   Thumb Code   240  lludivv7m.o(.text)
    printf                                   0x080003f9   Thumb Code    20  printf.o(.text)
    sprintf                                  0x08000411   Thumb Code    38  sprintf.o(.text)
    __aeabi_memclr                           0x0800043d   Thumb Code     0  rt_memclr.o(.text)
    __rt_memclr                              0x0800043d   Thumb Code     0  rt_memclr.o(.text)
    _memset                                  0x08000441   Thumb Code    64  rt_memclr.o(.text)
    __aeabi_memclr4                          0x08000481   Thumb Code     0  rt_memclr_w.o(.text)
    __aeabi_memclr8                          0x08000481   Thumb Code     0  rt_memclr_w.o(.text)
    __rt_memclr_w                            0x08000481   Thumb Code     0  rt_memclr_w.o(.text)
    _memset_w                                0x08000485   Thumb Code    74  rt_memclr_w.o(.text)
    strncpy                                  0x080004cf   Thumb Code    86  strncpy.o(.text)
    strcmp                                   0x08000529   Thumb Code   124  strcmpv7em.o(.text)
    __use_two_region_memory                  0x080005a5   Thumb Code     2  heapauxi.o(.text)
    __rt_heap_escrow$2region                 0x080005a7   Thumb Code     2  heapauxi.o(.text)
    __rt_heap_expand$2region                 0x080005a9   Thumb Code     2  heapauxi.o(.text)
    __I$use$semihosting                      0x080005ab   Thumb Code     0  use_no_semi.o(.text)
    __use_no_semihosting_swi                 0x080005ab   Thumb Code     2  use_no_semi.o(.text)
    _printf_pre_padding                      0x080005ad   Thumb Code    44  _printf_pad.o(.text)
    _printf_post_padding                     0x080005d9   Thumb Code    34  _printf_pad.o(.text)
    _printf_truncate_signed                  0x080005fb   Thumb Code    18  _printf_truncate.o(.text)
    _printf_truncate_unsigned                0x0800060d   Thumb Code    18  _printf_truncate.o(.text)
    _printf_str                              0x0800061f   Thumb Code    82  _printf_str.o(.text)
    _printf_int_dec                          0x08000671   Thumb Code   104  _printf_dec.o(.text)
    _printf_charcount                        0x080006e9   Thumb Code    40  _printf_charcount.o(.text)
    _printf_char_common                      0x0800071b   Thumb Code    32  _printf_char_common.o(.text)
    _sputc                                   0x08000741   Thumb Code    10  _sputc.o(.text)
    _printf_char_file                        0x0800074d   Thumb Code    32  _printf_char_file.o(.text)
    _printf_wctomb                           0x08000771   Thumb Code   182  _printf_wctomb.o(.text)
    _printf_longlong_dec                     0x0800082d   Thumb Code   108  _printf_longlong_dec.o(.text)
    _printf_longlong_oct                     0x080008a9   Thumb Code    68  _printf_oct_int_ll.o(.text)
    _printf_int_oct                          0x080008ed   Thumb Code    24  _printf_oct_int_ll.o(.text)
    _printf_ll_oct                           0x08000905   Thumb Code    12  _printf_oct_int_ll.o(.text)
    _printf_longlong_hex                     0x08000919   Thumb Code    86  _printf_hex_int_ll_ptr.o(.text)
    _printf_int_hex                          0x0800096f   Thumb Code    28  _printf_hex_int_ll_ptr.o(.text)
    _printf_ll_hex                           0x0800098b   Thumb Code    12  _printf_hex_int_ll_ptr.o(.text)
    _printf_hex_ptr                          0x08000997   Thumb Code    18  _printf_hex_int_ll_ptr.o(.text)
    __printf                                 0x080009ad   Thumb Code   388  __printf_flags_ss_wp.o(.text)
    _ll_udiv10                               0x08000b35   Thumb Code   138  lludiv10.o(.text)
    _printf_int_common                       0x08000bbf   Thumb Code   178  _printf_intcommon.o(.text)
    _printf_fp_dec_real                      0x08000e21   Thumb Code   620  _printf_fp_dec.o(.text)
    _printf_fp_hex_real                      0x0800108d   Thumb Code   756  _printf_fp_hex.o(.text)
    _printf_cs_common                        0x08001389   Thumb Code    20  _printf_char.o(.text)
    _printf_char                             0x0800139d   Thumb Code    16  _printf_char.o(.text)
    _printf_string                           0x080013ad   Thumb Code     8  _printf_char.o(.text)
    _printf_lcs_common                       0x080013b5   Thumb Code    20  _printf_wchar.o(.text)
    _printf_wchar                            0x080013c9   Thumb Code    16  _printf_wchar.o(.text)
    _printf_wstring                          0x080013d9   Thumb Code     8  _printf_wchar.o(.text)
    ferror                                   0x080013e1   Thumb Code     8  ferror.o(.text)
    _c16rtomb                                0x080013e9   Thumb Code    72  _c16rtomb.o(.text)
    _wcrtomb                                 0x080013e9   Thumb Code     0  _c16rtomb.o(.text)
    __user_setup_stackheap                   0x08001431   Thumb Code    74  sys_stackheap_outer.o(.text)
    __rt_ctype_table                         0x0800147d   Thumb Code    16  rt_ctype_table.o(.text)
    __rt_locale                              0x0800148d   Thumb Code     8  rt_locale_intlibspace.o(.text)
    _printf_fp_infnan                        0x08001495   Thumb Code   112  _printf_fp_infnan.o(.text)
    _btod_etento                             0x08001515   Thumb Code   224  bigflt0.o(.text)
    exit                                     0x080015f9   Thumb Code    18  exit.o(.text)
    __user_libspace                          0x0800160d   Thumb Code     8  libspace.o(.text)
    __user_perproc_libspace                  0x0800160d   Thumb Code     0  libspace.o(.text)
    __user_perthread_libspace                0x0800160d   Thumb Code     0  libspace.o(.text)
    DelayInit                                0x08001615   Thumb Code    90  drv_timer.o(.text.$Sub$$DelayInit)
    TMR1_OVF_TMR10_IRQHandler                0x08001671   Thumb Code    42  drv_timer.o(.text.$Sub$$TMR1_OVF_TMR10_IRQHandler)
    BusFault_Handler                         0x0800169d   Thumb Code     4  at32f415_int.o(.text.BusFault_Handler)
    DbgUartInit                              0x080016a1   Thumb Code   126  drv_hwuart.o(.text.DbgUartInit)
    DebugMon_Handler                         0x08001721   Thumb Code     2  at32f415_int.o(.text.DebugMon_Handler)
    DelayBlock                               0x08001725   Thumb Code    48  delay.o(.text.DelayBlock)
    $Super$$DelayInit                        0x0800176d   Thumb Code     2  delay.o(.text.DelayInit)
    GetTick100ns                             0x08001771   Thumb Code    50  drv_timer.o(.text.GetTick100ns)
    GetTickUs                                0x080017a5   Thumb Code    22  drv_timer.o(.text.GetTickUs)
    MemManage_Handler                        0x080017bd   Thumb Code     4  at32f415_int.o(.text.MemManage_Handler)
    NMI_Handler                              0x080017c1   Thumb Code     2  at32f415_int.o(.text.NMI_Handler)
    OTGFS1_IRQHandler                        0x08001831   Thumb Code    16  main.o(.text.OTGFS1_IRQHandler)
    PIN_ReadLevel                            0x08001841   Thumb Code    24  pinctrl.o(.text.PIN_ReadLevel)
    PIN_SetMode                              0x08001881   Thumb Code    40  pinctrl.o(.text.PIN_SetMode)
    PendSV_Handler                           0x080019e1   Thumb Code     2  at32f415_int.o(.text.PendSV_Handler)
    SEGGER_RTT_Init                          0x080019e5   Thumb Code     8  segger_rtt.o(.text.SEGGER_RTT_Init)
    SVC_Handler                              0x080019ed   Thumb Code     2  at32f415_int.o(.text.SVC_Handler)
    SysTick_Handler                          0x080019f1   Thumb Code     2  at32f415_int.o(.text.SysTick_Handler)
    SystemInit                               0x080019f5   Thumb Code   208  system_at32f415.o(.text.SystemInit)
    $Super$$TMR1_OVF_TMR10_IRQHandler        0x08001ac5   Thumb Code    38  at32f415_int.o(.text.TMR1_OVF_TMR10_IRQHandler)
    UsageFault_Handler                       0x08001c35   Thumb Code     4  at32f415_int.o(.text.UsageFault_Handler)
    _sys_exit                                0x08001d9d   Thumb Code     8  drv_hwuart.o(.text._sys_exit)
    cm_backtrace_call_stack                  0x08002035   Thumb Code   410  cm_backtrace.o(.text.cm_backtrace_call_stack)
    cm_backtrace_fault                       0x080021d1   Thumb Code   774  cm_backtrace.o(.text.cm_backtrace_fault)
    cm_backtrace_firmware_info               0x080024d9   Thumb Code    54  cm_backtrace.o(.text.cm_backtrace_firmware_info)
    cm_backtrace_init                        0x08002511   Thumb Code   192  cm_backtrace.o(.text.cm_backtrace_init)
    crm_ahb_div_set                          0x080025d1   Thumb Code    38  at32f415_crm.o(.text.crm_ahb_div_set)
    crm_apb1_div_set                         0x080025f9   Thumb Code    38  at32f415_crm.o(.text.crm_apb1_div_set)
    crm_apb2_div_set                         0x08002621   Thumb Code    38  at32f415_crm.o(.text.crm_apb2_div_set)
    crm_auto_step_mode_enable                0x08002649   Thumb Code    56  at32f415_crm.o(.text.crm_auto_step_mode_enable)
    crm_clock_source_enable                  0x08002681   Thumb Code   166  at32f415_crm.o(.text.crm_clock_source_enable)
    crm_clocks_freq_get                      0x08002729   Thumb Code   622  at32f415_crm.o(.text.crm_clocks_freq_get)
    crm_flag_get                             0x08002999   Thumb Code    62  at32f415_crm.o(.text.crm_flag_get)
    crm_hext_stable_wait                     0x080029d9   Thumb Code   100  at32f415_crm.o(.text.crm_hext_stable_wait)
    crm_periph_clock_enable                  0x08002a3d   Thumb Code    82  at32f415_crm.o(.text.crm_periph_clock_enable)
    crm_pll_config                           0x08002a91   Thumb Code   484  at32f415_crm.o(.text.crm_pll_config)
    crm_reset                                0x08002c75   Thumb Code   154  at32f415_crm.o(.text.crm_reset)
    crm_sysclk_switch                        0x08002d11   Thumb Code    70  at32f415_crm.o(.text.crm_sysclk_switch)
    crm_sysclk_switch_status_get             0x08002d59   Thumb Code    16  at32f415_crm.o(.text.crm_sysclk_switch_status_get)
    crm_usb_clock_div_set                    0x08002d69   Thumb Code    54  at32f415_crm.o(.text.crm_usb_clock_div_set)
    fputc                                    0x080034b1   Thumb Code    74  drv_hwuart.o(.text.fputc)
    gpio_default_para_init                   0x08003655   Thumb Code    38  at32f415_gpio.o(.text.gpio_default_para_init)
    gpio_init                                0x0800367d   Thumb Code   320  at32f415_gpio.o(.text.gpio_init)
    main                                     0x080037bd   Thumb Code   270  main.o(.text.main)
    nvic_irq_enable                          0x080038cd   Thumb Code    52  at32f415_misc.o(.text.nvic_irq_enable)
    nvic_priority_group_config               0x08003901   Thumb Code    20  at32f415_misc.o(.text.nvic_priority_group_config)
    system_clock_config                      0x08003a21   Thumb Code   134  at32f415_clock.o(.text.system_clock_config)
    system_core_clock_update                 0x08003aa9   Thumb Code   562  system_at32f415.o(.text.system_core_clock_update)
    tmr_base_init                            0x08003cdd   Thumb Code    34  at32f415_tmr.o(.text.tmr_base_init)
    tmr_cnt_dir_set                          0x08003d01   Thumb Code    34  at32f415_tmr.o(.text.tmr_cnt_dir_set)
    tmr_counter_enable                       0x08003d25   Thumb Code    26  at32f415_tmr.o(.text.tmr_counter_enable)
    tmr_flag_clear                           0x08003d41   Thumb Code    18  at32f415_tmr.o(.text.tmr_flag_clear)
    tmr_interrupt_enable                     0x08003d55   Thumb Code    58  at32f415_tmr.o(.text.tmr_interrupt_enable)
    tmr_interrupt_flag_get                   0x08003d91   Thumb Code    60  at32f415_tmr.o(.text.tmr_interrupt_flag_get)
    usart_data_transmit                      0x08003dcd   Thumb Code    24  at32f415_usart.o(.text.usart_data_transmit)
    usart_enable                             0x08003de5   Thumb Code    34  at32f415_usart.o(.text.usart_enable)
    usart_flag_get                           0x08003e09   Thumb Code    42  at32f415_usart.o(.text.usart_flag_get)
    usart_init                               0x08003e35   Thumb Code   206  at32f415_usart.o(.text.usart_init)
    usart_transmitter_enable                 0x08003f05   Thumb Code    34  at32f415_usart.o(.text.usart_transmitter_enable)
    usb_connect                              0x08003f29   Thumb Code    22  at32f415_usb.o(.text.usb_connect)
    usb_core_config                          0x08003f41   Thumb Code    94  usb_core.o(.text.usb_core_config)
    usb_disconnect                           0x08003fa1   Thumb Code    22  at32f415_usb.o(.text.usb_disconnect)
    usb_ept0_setup                           0x08003fb9   Thumb Code    38  at32f415_usb.o(.text.usb_ept0_setup)
    usb_ept0_start                           0x08003fe1   Thumb Code    56  at32f415_usb.o(.text.usb_ept0_start)
    usb_ept_clear_stall                      0x08004019   Thumb Code   154  at32f415_usb.o(.text.usb_ept_clear_stall)
    usb_ept_close                            0x080040b5   Thumb Code   112  at32f415_usb.o(.text.usb_ept_close)
    usb_ept_default_init                     0x08004125   Thumb Code   238  usbd_core.o(.text.usb_ept_default_init)
    usb_ept_in_clear                         0x08004215   Thumb Code    26  at32f415_usb.o(.text.usb_ept_in_clear)
    usb_ept_in_interrupt                     0x08004231   Thumb Code    64  at32f415_usb.o(.text.usb_ept_in_interrupt)
    usb_ept_open                             0x08004271   Thumb Code   478  at32f415_usb.o(.text.usb_ept_open)
    usb_ept_out_clear                        0x08004451   Thumb Code    26  at32f415_usb.o(.text.usb_ept_out_clear)
    usb_ept_out_interrupt                    0x0800446d   Thumb Code    34  at32f415_usb.o(.text.usb_ept_out_interrupt)
    usb_ept_stall                            0x08004491   Thumb Code   162  at32f415_usb.o(.text.usb_ept_stall)
    usb_flush_rx_fifo                        0x08004535   Thumb Code    60  at32f415_usb.o(.text.usb_flush_rx_fifo)
    usb_flush_tx_fifo                        0x08004571   Thumb Code    82  at32f415_usb.o(.text.usb_flush_tx_fifo)
    usb_get_all_in_interrupt                 0x080045c5   Thumb Code    28  at32f415_usb.o(.text.usb_get_all_in_interrupt)
    usb_get_all_out_interrupt                0x080045e1   Thumb Code    28  at32f415_usb.o(.text.usb_get_all_out_interrupt)
    usb_global_clear_interrupt               0x080045fd   Thumb Code    16  at32f415_usb.o(.text.usb_global_clear_interrupt)
    usb_global_get_all_interrupt             0x0800460d   Thumb Code    22  at32f415_usb.o(.text.usb_global_get_all_interrupt)
    usb_global_init                          0x08004625   Thumb Code    46  at32f415_usb.o(.text.usb_global_init)
    usb_global_interrupt_enable              0x08004655   Thumb Code    54  at32f415_usb.o(.text.usb_global_interrupt_enable)
    usb_global_reset                         0x0800468d   Thumb Code   104  at32f415_usb.o(.text.usb_global_reset)
    usb_global_select_core                   0x080046f5   Thumb Code    14  at32f415_usb.o(.text.usb_global_select_core)
    usb_global_set_mode                      0x08004705   Thumb Code    98  at32f415_usb.o(.text.usb_global_set_mode)
    usb_hid_mouse_send                       0x08004769   Thumb Code   174  mouse_class.o(.text.usb_hid_mouse_send)
    usb_interrupt_disable                    0x08004819   Thumb Code    18  at32f415_usb.o(.text.usb_interrupt_disable)
    usb_interrupt_enable                     0x0800482d   Thumb Code    18  at32f415_usb.o(.text.usb_interrupt_enable)
    usb_mouse_class_send_report              0x08004841   Thumb Code    68  mouse_class.o(.text.usb_mouse_class_send_report)
    usb_open_phy_clk                         0x08004885   Thumb Code    22  at32f415_usb.o(.text.usb_open_phy_clk)
    usb_read_packet                          0x0800489d   Thumb Code    76  at32f415_usb.o(.text.usb_read_packet)
    usb_set_address                          0x080048e9   Thumb Code    38  at32f415_usb.o(.text.usb_set_address)
    usb_set_rx_fifo                          0x08004911   Thumb Code    20  at32f415_usb.o(.text.usb_set_rx_fifo)
    usb_set_tx_fifo                          0x08004925   Thumb Code   152  at32f415_usb.o(.text.usb_set_tx_fifo)
    usb_stop_phy_clk                         0x080049bd   Thumb Code    22  at32f415_usb.o(.text.usb_stop_phy_clk)
    usb_suspend_status_get                   0x080049d5   Thumb Code    18  at32f415_usb.o(.text.usb_suspend_status_get)
    usb_write_empty_txfifo                   0x080049e9   Thumb Code   246  usbd_int.o(.text.usb_write_empty_txfifo)
    usb_write_packet                         0x08004ae1   Thumb Code    84  at32f415_usb.o(.text.usb_write_packet)
    usbd_clear_stall                         0x08004b9d   Thumb Code    90  usbd_core.o(.text.usbd_clear_stall)
    usbd_connect                             0x08004bf9   Thumb Code    18  usbd_core.o(.text.usbd_connect)
    usbd_connect_state_get                   0x08004c0d   Thumb Code    14  usbd_core.o(.text.usbd_connect_state_get)
    usbd_core_in_handler                     0x08004c1d   Thumb Code   288  usbd_core.o(.text.usbd_core_in_handler)
    usbd_core_init                           0x08004d3d   Thumb Code   464  usbd_core.o(.text.usbd_core_init)
    usbd_core_out_handler                    0x08004f0d   Thumb Code   208  usbd_core.o(.text.usbd_core_out_handler)
    usbd_core_setup_handler                  0x08004fdd   Thumb Code   106  usbd_core.o(.text.usbd_core_setup_handler)
    usbd_ctrl_recv                           0x08005049   Thumb Code    60  usbd_core.o(.text.usbd_ctrl_recv)
    usbd_ctrl_recv_status                    0x08005085   Thumb Code    30  usbd_core.o(.text.usbd_ctrl_recv_status)
    usbd_ctrl_send                           0x080050a5   Thumb Code    60  usbd_core.o(.text.usbd_ctrl_send)
    usbd_ctrl_send_status                    0x080050e1   Thumb Code    30  usbd_core.o(.text.usbd_ctrl_send_status)
    usbd_ctrl_unsupport                      0x08005101   Thumb Code    26  usbd_core.o(.text.usbd_ctrl_unsupport)
    usbd_device_request                      0x0800511d   Thumb Code   166  usbd_sdr.o(.text.usbd_device_request)
    usbd_discon_handler                      0x080051c5   Thumb Code    32  usbd_int.o(.text.usbd_discon_handler)
    usbd_disconnect                          0x080051e5   Thumb Code    18  usbd_core.o(.text.usbd_disconnect)
    usbd_endpoint_request                    0x080051f9   Thumb Code   500  usbd_sdr.o(.text.usbd_endpoint_request)
    usbd_enter_suspend                       0x080053ed   Thumb Code    34  usbd_core.o(.text.usbd_enter_suspend)
    usbd_enumdone_handler                    0x08005411   Thumb Code    90  usbd_int.o(.text.usbd_enumdone_handler)
    usbd_ept_close                           0x0800546d   Thumb Code    80  usbd_core.o(.text.usbd_ept_close)
    usbd_ept_open                            0x080054bd   Thumb Code   120  usbd_core.o(.text.usbd_ept_open)
    usbd_ept_recv                            0x08005535   Thumb Code   278  usbd_core.o(.text.usbd_ept_recv)
    usbd_ept_send                            0x0800564d   Thumb Code   398  usbd_core.o(.text.usbd_ept_send)
    usbd_fifo_alloc                          0x080057dd   Thumb Code    78  usbd_core.o(.text.usbd_fifo_alloc)
    usbd_flush_tx_fifo                       0x0800582d   Thumb Code    30  usbd_core.o(.text.usbd_flush_tx_fifo)
    usbd_get_recv_len                        0x08005a21   Thumb Code    36  usbd_core.o(.text.usbd_get_recv_len)
    usbd_incomisioin_handler                 0x08005a99   Thumb Code    32  usbd_int.o(.text.usbd_incomisioin_handler)
    usbd_incomisoout_handler                 0x08005ab9   Thumb Code    32  usbd_int.o(.text.usbd_incomisoout_handler)
    usbd_inept_handler                       0x08005ad9   Thumb Code   244  usbd_int.o(.text.usbd_inept_handler)
    usbd_init                                0x08005bcd   Thumb Code   128  usb_core.o(.text.usbd_init)
    usbd_interface_request                   0x08005cc5   Thumb Code    78  usbd_sdr.o(.text.usbd_interface_request)
    usbd_irq_handler                         0x08005d15   Thumb Code   396  usbd_int.o(.text.usbd_irq_handler)
    usbd_outept_handler                      0x08005ea1   Thumb Code   214  usbd_int.o(.text.usbd_outept_handler)
    usbd_reset_handler                       0x08005f79   Thumb Code   224  usbd_int.o(.text.usbd_reset_handler)
    usbd_rxflvl_handler                      0x08006059   Thumb Code   178  usbd_int.o(.text.usbd_rxflvl_handler)
    usbd_set_stall                           0x080062fd   Thumb Code    90  usbd_core.o(.text.usbd_set_stall)
    usbd_setup_request_parse                 0x08006359   Thumb Code    68  usbd_sdr.o(.text.usbd_setup_request_parse)
    usbd_sof_handler                         0x0800639d   Thumb Code    30  usbd_int.o(.text.usbd_sof_handler)
    usbd_suspend_handler                     0x080063bd   Thumb Code    76  usbd_int.o(.text.usbd_suspend_handler)
    usbd_wakeup_handler                      0x08006481   Thumb Code    70  usbd_int.o(.text.usbd_wakeup_handler)
    _btod_d2e                                0x080064c7   Thumb Code    62  btod.o(CL$$btod_d2e)
    _d2e_denorm_low                          0x08006505   Thumb Code    70  btod.o(CL$$btod_d2e_denorm_low)
    _d2e_norm_op1                            0x0800654b   Thumb Code    96  btod.o(CL$$btod_d2e_norm_op1)
    __btod_div_common                        0x080065ad   Thumb Code   696  btod.o(CL$$btod_div_common)
    _e2e                                     0x080068e5   Thumb Code   220  btod.o(CL$$btod_e2e)
    _btod_ediv                               0x080069c1   Thumb Code    42  btod.o(CL$$btod_ediv)
    _btod_emul                               0x080069eb   Thumb Code    42  btod.o(CL$$btod_emul)
    __btod_mult_common                       0x08006a15   Thumb Code   580  btod.o(CL$$btod_mult_common)
    __ARM_fpclassify                         0x08006c59   Thumb Code    40  fpclassify.o(i.__ARM_fpclassify)
    _is_digit                                0x08006c81   Thumb Code    14  __printf_wp.o(i._is_digit)
    _get_lc_numeric                          0x08006c91   Thumb Code    44  lc_numeric_c.o(locale$$code)
    _get_lc_ctype                            0x08006cbd   Thumb Code    44  lc_ctype_c.o(locale$$code)
    _printf_fp_dec                           0x08006ce9   Thumb Code     4  printf1.o(x$fpl$printf1)
    _printf_fp_hex                           0x08006ced   Thumb Code     4  printf2.o(x$fpl$printf2)
    __I$use$fp                               0x08006cf0   Number         0  usenofp.o(x$fpl$usenofp)
    g_hwPinOps                               0x08006e50   Data          16  drv_pinctrl.o(.rodata.g_hwPinOps)
    Region$$Table$$Base                      0x0800794c   Number         0  anon$$obj.o(Region$$Table)
    Region$$Table$$Limit                     0x0800796c   Number         0  anon$$obj.o(Region$$Table)
    __ctype                                  0x08007995   Data           0  lc_ctype_c.o(locale$$data)
    Image$$ER_IROM1$$Limit                   0x08007a98   Number         0  anon$$obj.o ABSOLUTE
    g_mouse_usb_desc                         0x20000010   Data           9  mouse_desc.o(.data.g_mouse_usb_desc)
    g_usbd_mouse_report                      0x20000074   Data          74  mouse_desc.o(.data.g_usbd_mouse_report)
    mouse_class_handler                      0x200000c8   Data          40  mouse_class.o(.data.mouse_class_handler)
    mouse_desc_handler                       0x200000f0   Data          40  mouse_desc.o(.data.mouse_desc_handler)
    system_core_clock                        0x20000120   Data           4  system_at32f415.o(.data.system_core_clock)
    __libspace_start                         0x20000128   Data          96  libspace.o(.bss)
    _SEGGER_RTT                              0x20000188   Data         168  segger_rtt.o(.bss._SEGGER_RTT)
    __temporary_stack_top$libspace           0x20000188   Data           0  libspace.o(.bss)
    __stdout                                 0x20000230   Data          84  drv_hwuart.o(.bss.__stdout)
    mouse_struct                             0x20000910   Data          84  mouse_class.o(.bss.mouse_struct)
    otg_core_struct                          0x20000968   Data         420  main.o(.bss.otg_core_struct)
    STACK$$Base                              0x20001380   Number         0  startup_at32f415.o(STACK)
    STACK$$Limit                             0x20001b80   Number         0  startup_at32f415.o(STACK)



==============================================================================

Memory Map of the image

  Image Entry point : 0x08000171

  Load Region LR_IROM1 (Base: 0x08000000, Size: 0x00007bc0, Max: 0x00020000, ABSOLUTE)

    Execution Region ER_IROM1 (Exec base: 0x08000000, Load base: 0x08000000, Size: 0x00007a98, Max: 0x00020000, ABSOLUTE)

    Exec Addr    Load Addr    Size         Type   Attr      Idx    E Section Name        Object

    0x08000000   0x08000000   0x00000170   Data   RO         1217    RESET               startup_at32f415.o
    0x08000170   0x08000170   0x00000008   Code   RO         1958  * !!!main             c_w.l(__main.o)
    0x08000178   0x08000178   0x00000034   Code   RO         2301    !!!scatter          c_w.l(__scatter.o)
    0x080001ac   0x080001ac   0x0000001a   Code   RO         2303    !!handler_copy      c_w.l(__scatter_copy.o)
    0x080001c6   0x080001c6   0x00000002   PAD
    0x080001c8   0x080001c8   0x0000001c   Code   RO         2305    !!handler_zi        c_w.l(__scatter_zi.o)
    0x080001e4   0x080001e4   0x00000000   Code   RO         2050    .ARM.Collect$$_printf_percent$$00000000  c_w.l(_printf_percent.o)
    0x080001e4   0x080001e4   0x00000006   Code   RO         2039    .ARM.Collect$$_printf_percent$$00000001  c_w.l(_printf_n.o)
    0x080001ea   0x080001ea   0x00000006   Code   RO         2041    .ARM.Collect$$_printf_percent$$00000002  c_w.l(_printf_p.o)
    0x080001f0   0x080001f0   0x00000006   Code   RO         2046    .ARM.Collect$$_printf_percent$$00000003  c_w.l(_printf_f.o)
    0x080001f6   0x080001f6   0x00000006   Code   RO         2047    .ARM.Collect$$_printf_percent$$00000004  c_w.l(_printf_e.o)
    0x080001fc   0x080001fc   0x00000006   Code   RO         2048    .ARM.Collect$$_printf_percent$$00000005  c_w.l(_printf_g.o)
    0x08000202   0x08000202   0x00000006   Code   RO         2049    .ARM.Collect$$_printf_percent$$00000006  c_w.l(_printf_a.o)
    0x08000208   0x08000208   0x0000000a   Code   RO         2054    .ARM.Collect$$_printf_percent$$00000007  c_w.l(_printf_ll.o)
    0x08000212   0x08000212   0x00000006   Code   RO         2043    .ARM.Collect$$_printf_percent$$00000008  c_w.l(_printf_i.o)
    0x08000218   0x08000218   0x00000006   Code   RO         2044    .ARM.Collect$$_printf_percent$$00000009  c_w.l(_printf_d.o)
    0x0800021e   0x0800021e   0x00000006   Code   RO         2045    .ARM.Collect$$_printf_percent$$0000000A  c_w.l(_printf_u.o)
    0x08000224   0x08000224   0x00000006   Code   RO         2042    .ARM.Collect$$_printf_percent$$0000000B  c_w.l(_printf_o.o)
    0x0800022a   0x0800022a   0x00000006   Code   RO         2040    .ARM.Collect$$_printf_percent$$0000000C  c_w.l(_printf_x.o)
    0x08000230   0x08000230   0x00000006   Code   RO         2051    .ARM.Collect$$_printf_percent$$0000000D  c_w.l(_printf_lli.o)
    0x08000236   0x08000236   0x00000006   Code   RO         2052    .ARM.Collect$$_printf_percent$$0000000E  c_w.l(_printf_lld.o)
    0x0800023c   0x0800023c   0x00000006   Code   RO         2053    .ARM.Collect$$_printf_percent$$0000000F  c_w.l(_printf_llu.o)
    0x08000242   0x08000242   0x00000006   Code   RO         2058    .ARM.Collect$$_printf_percent$$00000010  c_w.l(_printf_llo.o)
    0x08000248   0x08000248   0x00000006   Code   RO         2059    .ARM.Collect$$_printf_percent$$00000011  c_w.l(_printf_llx.o)
    0x0800024e   0x0800024e   0x0000000a   Code   RO         2055    .ARM.Collect$$_printf_percent$$00000012  c_w.l(_printf_l.o)
    0x08000258   0x08000258   0x00000006   Code   RO         2037    .ARM.Collect$$_printf_percent$$00000013  c_w.l(_printf_c.o)
    0x0800025e   0x0800025e   0x00000006   Code   RO         2038    .ARM.Collect$$_printf_percent$$00000014  c_w.l(_printf_s.o)
    0x08000264   0x08000264   0x00000006   Code   RO         2056    .ARM.Collect$$_printf_percent$$00000015  c_w.l(_printf_lc.o)
    0x0800026a   0x0800026a   0x00000006   Code   RO         2057    .ARM.Collect$$_printf_percent$$00000016  c_w.l(_printf_ls.o)
    0x08000270   0x08000270   0x00000004   Code   RO         2104    .ARM.Collect$$_printf_percent$$00000017  c_w.l(_printf_percent_end.o)
    0x08000274   0x08000274   0x00000002   Code   RO         2163    .ARM.Collect$$libinit$$00000000  c_w.l(libinit.o)
    0x08000276   0x08000276   0x00000000   Code   RO         2186    .ARM.Collect$$libinit$$00000002  c_w.l(libinit2.o)
    0x08000276   0x08000276   0x00000000   Code   RO         2188    .ARM.Collect$$libinit$$00000004  c_w.l(libinit2.o)
    0x08000276   0x08000276   0x00000000   Code   RO         2191    .ARM.Collect$$libinit$$0000000A  c_w.l(libinit2.o)
    0x08000276   0x08000276   0x00000000   Code   RO         2193    .ARM.Collect$$libinit$$0000000C  c_w.l(libinit2.o)
    0x08000276   0x08000276   0x00000000   Code   RO         2195    .ARM.Collect$$libinit$$0000000E  c_w.l(libinit2.o)
    0x08000276   0x08000276   0x00000006   Code   RO         2196    .ARM.Collect$$libinit$$0000000F  c_w.l(libinit2.o)
    0x0800027c   0x0800027c   0x00000000   Code   RO         2198    .ARM.Collect$$libinit$$00000011  c_w.l(libinit2.o)
    0x0800027c   0x0800027c   0x0000000c   Code   RO         2199    .ARM.Collect$$libinit$$00000012  c_w.l(libinit2.o)
    0x08000288   0x08000288   0x00000000   Code   RO         2200    .ARM.Collect$$libinit$$00000013  c_w.l(libinit2.o)
    0x08000288   0x08000288   0x00000000   Code   RO         2202    .ARM.Collect$$libinit$$00000015  c_w.l(libinit2.o)
    0x08000288   0x08000288   0x0000000a   Code   RO         2203    .ARM.Collect$$libinit$$00000016  c_w.l(libinit2.o)
    0x08000292   0x08000292   0x00000000   Code   RO         2204    .ARM.Collect$$libinit$$00000017  c_w.l(libinit2.o)
    0x08000292   0x08000292   0x00000000   Code   RO         2206    .ARM.Collect$$libinit$$00000019  c_w.l(libinit2.o)
    0x08000292   0x08000292   0x00000000   Code   RO         2208    .ARM.Collect$$libinit$$0000001B  c_w.l(libinit2.o)
    0x08000292   0x08000292   0x00000000   Code   RO         2210    .ARM.Collect$$libinit$$0000001D  c_w.l(libinit2.o)
    0x08000292   0x08000292   0x00000000   Code   RO         2212    .ARM.Collect$$libinit$$0000001F  c_w.l(libinit2.o)
    0x08000292   0x08000292   0x00000000   Code   RO         2214    .ARM.Collect$$libinit$$00000021  c_w.l(libinit2.o)
    0x08000292   0x08000292   0x00000000   Code   RO         2216    .ARM.Collect$$libinit$$00000023  c_w.l(libinit2.o)
    0x08000292   0x08000292   0x00000000   Code   RO         2218    .ARM.Collect$$libinit$$00000025  c_w.l(libinit2.o)
    0x08000292   0x08000292   0x00000000   Code   RO         2222    .ARM.Collect$$libinit$$0000002C  c_w.l(libinit2.o)
    0x08000292   0x08000292   0x00000000   Code   RO         2224    .ARM.Collect$$libinit$$0000002E  c_w.l(libinit2.o)
    0x08000292   0x08000292   0x00000000   Code   RO         2226    .ARM.Collect$$libinit$$00000030  c_w.l(libinit2.o)
    0x08000292   0x08000292   0x00000000   Code   RO         2228    .ARM.Collect$$libinit$$00000032  c_w.l(libinit2.o)
    0x08000292   0x08000292   0x00000002   Code   RO         2229    .ARM.Collect$$libinit$$00000033  c_w.l(libinit2.o)
    0x08000294   0x08000294   0x00000002   Code   RO         2255    .ARM.Collect$$libshutdown$$00000000  c_w.l(libshutdown.o)
    0x08000296   0x08000296   0x00000000   Code   RO         2283    .ARM.Collect$$libshutdown$$00000002  c_w.l(libshutdown2.o)
    0x08000296   0x08000296   0x00000000   Code   RO         2285    .ARM.Collect$$libshutdown$$00000004  c_w.l(libshutdown2.o)
    0x08000296   0x08000296   0x00000000   Code   RO         2288    .ARM.Collect$$libshutdown$$00000007  c_w.l(libshutdown2.o)
    0x08000296   0x08000296   0x00000000   Code   RO         2291    .ARM.Collect$$libshutdown$$0000000A  c_w.l(libshutdown2.o)
    0x08000296   0x08000296   0x00000000   Code   RO         2293    .ARM.Collect$$libshutdown$$0000000C  c_w.l(libshutdown2.o)
    0x08000296   0x08000296   0x00000000   Code   RO         2296    .ARM.Collect$$libshutdown$$0000000F  c_w.l(libshutdown2.o)
    0x08000296   0x08000296   0x00000002   Code   RO         2297    .ARM.Collect$$libshutdown$$00000010  c_w.l(libshutdown2.o)
    0x08000298   0x08000298   0x00000000   Code   RO         1962    .ARM.Collect$$rtentry$$00000000  c_w.l(__rtentry.o)
    0x08000298   0x08000298   0x00000000   Code   RO         2071    .ARM.Collect$$rtentry$$00000002  c_w.l(__rtentry2.o)
    0x08000298   0x08000298   0x00000006   Code   RO         2083    .ARM.Collect$$rtentry$$00000004  c_w.l(__rtentry4.o)
    0x0800029e   0x0800029e   0x00000000   Code   RO         2073    .ARM.Collect$$rtentry$$00000009  c_w.l(__rtentry2.o)
    0x0800029e   0x0800029e   0x00000004   Code   RO         2074    .ARM.Collect$$rtentry$$0000000A  c_w.l(__rtentry2.o)
    0x080002a2   0x080002a2   0x00000000   Code   RO         2076    .ARM.Collect$$rtentry$$0000000C  c_w.l(__rtentry2.o)
    0x080002a2   0x080002a2   0x00000008   Code   RO         2077    .ARM.Collect$$rtentry$$0000000D  c_w.l(__rtentry2.o)
    0x080002aa   0x080002aa   0x00000002   Code   RO         2172    .ARM.Collect$$rtexit$$00000000  c_w.l(rtexit.o)
    0x080002ac   0x080002ac   0x00000000   Code   RO         2231    .ARM.Collect$$rtexit$$00000002  c_w.l(rtexit2.o)
    0x080002ac   0x080002ac   0x00000004   Code   RO         2232    .ARM.Collect$$rtexit$$00000003  c_w.l(rtexit2.o)
    0x080002b0   0x080002b0   0x00000006   Code   RO         2233    .ARM.Collect$$rtexit$$00000004  c_w.l(rtexit2.o)
    0x080002b6   0x080002b6   0x00000002   PAD
    0x080002b8   0x080002b8   0x00000040   Code   RO         1218    .text               startup_at32f415.o
    0x080002f8   0x080002f8   0x0000000c   Code   RO         1719    .text               cmb_fault_keil.o
    0x08000304   0x08000304   0x00000002   Code   RO         1934    .text               c_w.l(use_no_semi_2.o)
    0x08000306   0x08000306   0x000000f0   Code   RO         1936    .text               c_w.l(lludivv7m.o)
    0x080003f6   0x080003f6   0x00000002   PAD
    0x080003f8   0x080003f8   0x00000018   Code   RO         1938    .text               c_w.l(printf.o)
    0x08000410   0x08000410   0x0000002c   Code   RO         1940    .text               c_w.l(sprintf.o)
    0x0800043c   0x0800043c   0x00000044   Code   RO         1948    .text               c_w.l(rt_memclr.o)
    0x08000480   0x08000480   0x0000004e   Code   RO         1950    .text               c_w.l(rt_memclr_w.o)
    0x080004ce   0x080004ce   0x00000056   Code   RO         1952    .text               c_w.l(strncpy.o)
    0x08000524   0x08000524   0x00000004   PAD
    0x08000528   0x08000528   0x0000007c   Code   RO         1954    .text               c_w.l(strcmpv7em.o)
    0x080005a4   0x080005a4   0x00000006   Code   RO         1956    .text               c_w.l(heapauxi.o)
    0x080005aa   0x080005aa   0x00000002   Code   RO         1960    .text               c_w.l(use_no_semi.o)
    0x080005ac   0x080005ac   0x0000004e   Code   RO         1969    .text               c_w.l(_printf_pad.o)
    0x080005fa   0x080005fa   0x00000024   Code   RO         1971    .text               c_w.l(_printf_truncate.o)
    0x0800061e   0x0800061e   0x00000052   Code   RO         1973    .text               c_w.l(_printf_str.o)
    0x08000670   0x08000670   0x00000078   Code   RO         1975    .text               c_w.l(_printf_dec.o)
    0x080006e8   0x080006e8   0x00000028   Code   RO         1977    .text               c_w.l(_printf_charcount.o)
    0x08000710   0x08000710   0x00000030   Code   RO         1979    .text               c_w.l(_printf_char_common.o)
    0x08000740   0x08000740   0x0000000a   Code   RO         1981    .text               c_w.l(_sputc.o)
    0x0800074a   0x0800074a   0x00000002   PAD
    0x0800074c   0x0800074c   0x00000024   Code   RO         1983    .text               c_w.l(_printf_char_file.o)
    0x08000770   0x08000770   0x000000bc   Code   RO         1985    .text               c_w.l(_printf_wctomb.o)
    0x0800082c   0x0800082c   0x0000007c   Code   RO         1988    .text               c_w.l(_printf_longlong_dec.o)
    0x080008a8   0x080008a8   0x00000070   Code   RO         1994    .text               c_w.l(_printf_oct_int_ll.o)
    0x08000918   0x08000918   0x00000094   Code   RO         2014    .text               c_w.l(_printf_hex_int_ll_ptr.o)
    0x080009ac   0x080009ac   0x00000188   Code   RO         2034    .text               c_w.l(__printf_flags_ss_wp.o)
    0x08000b34   0x08000b34   0x0000008a   Code   RO         2087    .text               c_w.l(lludiv10.o)
    0x08000bbe   0x08000bbe   0x000000b2   Code   RO         2089    .text               c_w.l(_printf_intcommon.o)
    0x08000c70   0x08000c70   0x0000041c   Code   RO         2091    .text               c_w.l(_printf_fp_dec.o)
    0x0800108c   0x0800108c   0x000002fc   Code   RO         2095    .text               c_w.l(_printf_fp_hex.o)
    0x08001388   0x08001388   0x0000002c   Code   RO         2100    .text               c_w.l(_printf_char.o)
    0x080013b4   0x080013b4   0x0000002c   Code   RO         2102    .text               c_w.l(_printf_wchar.o)
    0x080013e0   0x080013e0   0x00000008   Code   RO         2105    .text               c_w.l(ferror.o)
    0x080013e8   0x080013e8   0x00000048   Code   RO         2109    .text               c_w.l(_c16rtomb.o)
    0x08001430   0x08001430   0x0000004a   Code   RO         2111    .text               c_w.l(sys_stackheap_outer.o)
    0x0800147a   0x0800147a   0x00000002   PAD
    0x0800147c   0x0800147c   0x00000010   Code   RO         2113    .text               c_w.l(rt_ctype_table.o)
    0x0800148c   0x0800148c   0x00000008   Code   RO         2118    .text               c_w.l(rt_locale_intlibspace.o)
    0x08001494   0x08001494   0x00000080   Code   RO         2120    .text               c_w.l(_printf_fp_infnan.o)
    0x08001514   0x08001514   0x000000e4   Code   RO         2122    .text               c_w.l(bigflt0.o)
    0x080015f8   0x080015f8   0x00000012   Code   RO         2152    .text               c_w.l(exit.o)
    0x0800160a   0x0800160a   0x00000002   PAD
    0x0800160c   0x0800160c   0x00000008   Code   RO         2169    .text               c_w.l(libspace.o)
    0x08001614   0x08001614   0x0000005a   Code   RO         1553    .text.$Sub$$DelayInit  drv_timer.o
    0x0800166e   0x0800166e   0x00000002   PAD
    0x08001670   0x08001670   0x0000002a   Code   RO         1559    .text.$Sub$$TMR1_OVF_TMR10_IRQHandler  drv_timer.o
    0x0800169a   0x0800169a   0x00000002   PAD
    0x0800169c   0x0800169c   0x00000004   Code   RO           16    .text.BusFault_Handler  at32f415_int.o
    0x080016a0   0x080016a0   0x0000007e   Code   RO         1520    .text.DbgUartInit   drv_hwuart.o
    0x0800171e   0x0800171e   0x00000002   PAD
    0x08001720   0x08001720   0x00000002   Code   RO           22    .text.DebugMon_Handler  at32f415_int.o
    0x08001722   0x08001722   0x00000002   PAD
    0x08001724   0x08001724   0x00000030   Code   RO         1227    .text.DelayBlock    delay.o
    0x08001754   0x08001754   0x00000016   Code   RO           41    .text.DelayBlockMs  main.o
    0x0800176a   0x0800176a   0x00000002   PAD
    0x0800176c   0x0800176c   0x00000002   Code   RO         1225    .text.DelayInit     delay.o
    0x0800176e   0x0800176e   0x00000002   PAD
    0x08001770   0x08001770   0x00000032   Code   RO         1555    .text.GetTick100ns  drv_timer.o
    0x080017a2   0x080017a2   0x00000002   PAD
    0x080017a4   0x080017a4   0x00000016   Code   RO         1557    .text.GetTickUs     drv_timer.o
    0x080017ba   0x080017ba   0x00000002   PAD
    0x080017bc   0x080017bc   0x00000004   Code   RO           14    .text.MemManage_Handler  at32f415_int.o
    0x080017c0   0x080017c0   0x00000002   Code   RO           10    .text.NMI_Handler   at32f415_int.o
    0x080017c2   0x080017c2   0x00000002   PAD
    0x080017c4   0x080017c4   0x0000006c   Code   RO          700    .text.NVIC_EncodePriority  at32f415_misc.o
    0x08001830   0x08001830   0x00000010   Code   RO           45    .text.OTGFS1_IRQHandler  main.o
    0x08001840   0x08001840   0x00000018   Code   RO         1240    .text.PIN_ReadLevel  pinctrl.o
    0x08001858   0x08001858   0x00000026   Code   RO         1538    .text.PIN_ReadLevel  drv_pinctrl.o
    0x0800187e   0x0800187e   0x00000002   PAD
    0x08001880   0x08001880   0x00000028   Code   RO         1238    .text.PIN_SetMode   pinctrl.o
    0x080018a8   0x080018a8   0x000000da   Code   RO         1536    .text.PIN_SetMode   drv_pinctrl.o
    0x08001982   0x08001982   0x00000002   PAD
    0x08001984   0x08001984   0x00000022   Code   RO         1542    .text.PIN_ToggleLevel  drv_pinctrl.o
    0x080019a6   0x080019a6   0x00000002   PAD
    0x080019a8   0x080019a8   0x00000036   Code   RO         1540    .text.PIN_WriteLevel  drv_pinctrl.o
    0x080019de   0x080019de   0x00000002   PAD
    0x080019e0   0x080019e0   0x00000002   Code   RO           24    .text.PendSV_Handler  at32f415_int.o
    0x080019e2   0x080019e2   0x00000002   PAD
    0x080019e4   0x080019e4   0x00000008   Code   RO         1629    .text.SEGGER_RTT_Init  segger_rtt.o
    0x080019ec   0x080019ec   0x00000002   Code   RO           20    .text.SVC_Handler   at32f415_int.o
    0x080019ee   0x080019ee   0x00000002   PAD
    0x080019f0   0x080019f0   0x00000002   Code   RO           26    .text.SysTick_Handler  at32f415_int.o
    0x080019f2   0x080019f2   0x00000002   PAD
    0x080019f4   0x080019f4   0x000000d0   Code   RO         1203    .text.SystemInit    system_at32f415.o
    0x08001ac4   0x08001ac4   0x00000026   Code   RO           28    .text.TMR1_OVF_TMR10_IRQHandler  at32f415_int.o
    0x08001aea   0x08001aea   0x00000002   PAD
    0x08001aec   0x08001aec   0x00000146   Code   RO           39    .text.USBD_Init     main.o
    0x08001c32   0x08001c32   0x00000002   PAD
    0x08001c34   0x08001c34   0x00000004   Code   RO           18    .text.UsageFault_Handler  at32f415_int.o
    0x08001c38   0x08001c38   0x000000a4   Code   RO         1571    .text._DoInit       segger_rtt.o
    0x08001cdc   0x08001cdc   0x00000030   Code   RO          706    .text.__NVIC_EnableIRQ  at32f415_misc.o
    0x08001d0c   0x08001d0c   0x00000010   Code   RO          702    .text.__NVIC_GetPriorityGrouping  at32f415_misc.o
    0x08001d1c   0x08001d1c   0x00000042   Code   RO          704    .text.__NVIC_SetPriority  at32f415_misc.o
    0x08001d5e   0x08001d5e   0x00000002   PAD
    0x08001d60   0x08001d60   0x0000003c   Code   RO          714    .text.__NVIC_SetPriorityGrouping  at32f415_misc.o
    0x08001d9c   0x08001d9c   0x00000008   Code   RO         1522    .text._sys_exit     drv_hwuart.o
    0x08001da4   0x08001da4   0x00000020   Code   RO         1857    .text.class_clear_handler  mouse_class.o
    0x08001dc4   0x08001dc4   0x0000003e   Code   RO         1863    .text.class_ept0_rx_handler  mouse_class.o
    0x08001e02   0x08001e02   0x00000002   PAD
    0x08001e04   0x08001e04   0x00000012   Code   RO         1861    .text.class_ept0_tx_handler  mouse_class.o
    0x08001e16   0x08001e16   0x00000002   PAD
    0x08001e18   0x08001e18   0x00000050   Code   RO         1871    .text.class_event_handler  mouse_class.o
    0x08001e68   0x08001e68   0x00000016   Code   RO         1865    .text.class_in_handler  mouse_class.o
    0x08001e7e   0x08001e7e   0x00000002   PAD
    0x08001e80   0x08001e80   0x00000024   Code   RO         1855    .text.class_init_handler  mouse_class.o
    0x08001ea4   0x08001ea4   0x00000016   Code   RO         1867    .text.class_out_handler  mouse_class.o
    0x08001eba   0x08001eba   0x00000002   PAD
    0x08001ebc   0x08001ebc   0x00000164   Code   RO         1859    .text.class_setup_handler  mouse_class.o
    0x08002020   0x08002020   0x00000012   Code   RO         1869    .text.class_sof_handler  mouse_class.o
    0x08002032   0x08002032   0x00000002   PAD
    0x08002034   0x08002034   0x0000019a   Code   RO         1682    .text.cm_backtrace_call_stack  cm_backtrace.o
    0x080021ce   0x080021ce   0x00000002   PAD
    0x080021d0   0x080021d0   0x00000306   Code   RO         1690    .text.cm_backtrace_fault  cm_backtrace.o
    0x080024d6   0x080024d6   0x00000002   PAD
    0x080024d8   0x080024d8   0x00000036   Code   RO         1676    .text.cm_backtrace_firmware_info  cm_backtrace.o
    0x0800250e   0x0800250e   0x00000002   PAD
    0x08002510   0x08002510   0x000000c0   Code   RO         1674    .text.cm_backtrace_init  cm_backtrace.o
    0x080025d0   0x080025d0   0x00000026   Code   RO          275    .text.crm_ahb_div_set  at32f415_crm.o
    0x080025f6   0x080025f6   0x00000002   PAD
    0x080025f8   0x080025f8   0x00000026   Code   RO          277    .text.crm_apb1_div_set  at32f415_crm.o
    0x0800261e   0x0800261e   0x00000002   PAD
    0x08002620   0x08002620   0x00000026   Code   RO          279    .text.crm_apb2_div_set  at32f415_crm.o
    0x08002646   0x08002646   0x00000002   PAD
    0x08002648   0x08002648   0x00000038   Code   RO          303    .text.crm_auto_step_mode_enable  at32f415_crm.o
    0x08002680   0x08002680   0x000000a6   Code   RO          267    .text.crm_clock_source_enable  at32f415_crm.o
    0x08002726   0x08002726   0x00000002   PAD
    0x08002728   0x08002728   0x0000026e   Code   RO          297    .text.crm_clocks_freq_get  at32f415_crm.o
    0x08002996   0x08002996   0x00000002   PAD
    0x08002998   0x08002998   0x0000003e   Code   RO          251    .text.crm_flag_get  at32f415_crm.o
    0x080029d6   0x080029d6   0x00000002   PAD
    0x080029d8   0x080029d8   0x00000064   Code   RO          255    .text.crm_hext_stable_wait  at32f415_crm.o
    0x08002a3c   0x08002a3c   0x00000052   Code   RO          261    .text.crm_periph_clock_enable  at32f415_crm.o
    0x08002a8e   0x08002a8e   0x00000002   PAD
    0x08002a90   0x08002a90   0x000001e4   Code   RO          289    .text.crm_pll_config  at32f415_crm.o
    0x08002c74   0x08002c74   0x0000009a   Code   RO          245    .text.crm_reset     at32f415_crm.o
    0x08002d0e   0x08002d0e   0x00000002   PAD
    0x08002d10   0x08002d10   0x00000046   Code   RO          293    .text.crm_sysclk_switch  at32f415_crm.o
    0x08002d56   0x08002d56   0x00000002   PAD
    0x08002d58   0x08002d58   0x00000010   Code   RO          295    .text.crm_sysclk_switch_status_get  at32f415_crm.o
    0x08002d68   0x08002d68   0x00000036   Code   RO          283    .text.crm_usb_clock_div_set  at32f415_crm.o
    0x08002d9e   0x08002d9e   0x00000002   PAD
    0x08002da0   0x08002da0   0x00000064   Code   RO         1680    .text.disassembly_ins_is_bl_blx  cm_backtrace.o
    0x08002e04   0x08002e04   0x00000120   Code   RO         1686    .text.dump_stack    cm_backtrace.o
    0x08002f24   0x08002f24   0x0000058c   Code   RO         1694    .text.fault_diagnosis  cm_backtrace.o
    0x080034b0   0x080034b0   0x0000004a   Code   RO         1526    .text.fputc         drv_hwuart.o
    0x080034fa   0x080034fa   0x00000002   PAD
    0x080034fc   0x080034fc   0x0000002e   Code   RO         1904    .text.get_device_config_string  mouse_desc.o
    0x0800352a   0x0800352a   0x00000002   PAD
    0x0800352c   0x0800352c   0x0000000a   Code   RO         1890    .text.get_device_configuration  mouse_desc.o
    0x08003536   0x08003536   0x00000002   PAD
    0x08003538   0x08003538   0x0000000a   Code   RO         1886    .text.get_device_descriptor  mouse_desc.o
    0x08003542   0x08003542   0x00000002   PAD
    0x08003544   0x08003544   0x0000002e   Code   RO         1902    .text.get_device_interface_string  mouse_desc.o
    0x08003572   0x08003572   0x00000002   PAD
    0x08003574   0x08003574   0x0000000a   Code   RO         1894    .text.get_device_lang_id  mouse_desc.o
    0x0800357e   0x0800357e   0x00000002   PAD
    0x08003580   0x08003580   0x0000002e   Code   RO         1896    .text.get_device_manufacturer_string  mouse_desc.o
    0x080035ae   0x080035ae   0x00000002   PAD
    0x080035b0   0x080035b0   0x00000004   Code   RO         1892    .text.get_device_other_speed  mouse_desc.o
    0x080035b4   0x080035b4   0x0000002e   Code   RO         1898    .text.get_device_product_string  mouse_desc.o
    0x080035e2   0x080035e2   0x00000002   PAD
    0x080035e4   0x080035e4   0x00000004   Code   RO         1888    .text.get_device_qualifier  mouse_desc.o
    0x080035e8   0x080035e8   0x00000010   Code   RO         1900    .text.get_device_serial_string  mouse_desc.o
    0x080035f8   0x080035f8   0x0000005c   Code   RO         1908    .text.get_serial_num  mouse_desc.o
    0x08003654   0x08003654   0x00000026   Code   RO          590    .text.gpio_default_para_init  at32f415_gpio.o
    0x0800367a   0x0800367a   0x00000002   PAD
    0x0800367c   0x0800367c   0x00000140   Code   RO          588    .text.gpio_init     at32f415_gpio.o
    0x080037bc   0x080037bc   0x0000010e   Code   RO           37    .text.main          main.o
    0x080038ca   0x080038ca   0x00000002   PAD
    0x080038cc   0x080038cc   0x00000034   Code   RO          698    .text.nvic_irq_enable  at32f415_misc.o
    0x08003900   0x08003900   0x00000014   Code   RO          712    .text.nvic_priority_group_config  at32f415_misc.o
    0x08003914   0x08003914   0x000000d4   Code   RO         1688    .text.print_call_stack  cm_backtrace.o
    0x080039e8   0x080039e8   0x00000038   Code   RO         1692    .text.statck_del_fpu_regs  cm_backtrace.o
    0x08003a20   0x08003a20   0x00000086   Code   RO            2    .text.system_clock_config  at32f415_clock.o
    0x08003aa6   0x08003aa6   0x00000002   PAD
    0x08003aa8   0x08003aa8   0x00000232   Code   RO         1205    .text.system_core_clock_update  system_at32f415.o
    0x08003cda   0x08003cda   0x00000002   PAD
    0x08003cdc   0x08003cdc   0x00000022   Code   RO          888    .text.tmr_base_init  at32f415_tmr.o
    0x08003cfe   0x08003cfe   0x00000002   PAD
    0x08003d00   0x08003d00   0x00000022   Code   RO          892    .text.tmr_cnt_dir_set  at32f415_tmr.o
    0x08003d22   0x08003d22   0x00000002   PAD
    0x08003d24   0x08003d24   0x0000001a   Code   RO          880    .text.tmr_counter_enable  at32f415_tmr.o
    0x08003d3e   0x08003d3e   0x00000002   PAD
    0x08003d40   0x08003d40   0x00000012   Code   RO          968    .text.tmr_flag_clear  at32f415_tmr.o
    0x08003d52   0x08003d52   0x00000002   PAD
    0x08003d54   0x08003d54   0x0000003a   Code   RO          962    .text.tmr_interrupt_enable  at32f415_tmr.o
    0x08003d8e   0x08003d8e   0x00000002   PAD
    0x08003d90   0x08003d90   0x0000003c   Code   RO          964    .text.tmr_interrupt_flag_get  at32f415_tmr.o
    0x08003dcc   0x08003dcc   0x00000018   Code   RO         1031    .text.usart_data_transmit  at32f415_usart.o
    0x08003de4   0x08003de4   0x00000022   Code   RO         1005    .text.usart_enable  at32f415_usart.o
    0x08003e06   0x08003e06   0x00000002   PAD
    0x08003e08   0x08003e08   0x0000002a   Code   RO         1053    .text.usart_flag_get  at32f415_usart.o
    0x08003e32   0x08003e32   0x00000002   PAD
    0x08003e34   0x08003e34   0x000000ce   Code   RO         1001    .text.usart_init    at32f415_usart.o
    0x08003f02   0x08003f02   0x00000002   PAD
    0x08003f04   0x08003f04   0x00000022   Code   RO         1007    .text.usart_transmitter_enable  at32f415_usart.o
    0x08003f26   0x08003f26   0x00000002   PAD
    0x08003f28   0x08003f28   0x00000016   Code   RO         1128    .text.usb_connect   at32f415_usb.o
    0x08003f3e   0x08003f3e   0x00000002   PAD
    0x08003f40   0x08003f40   0x0000005e   Code   RO         1724    .text.usb_core_config  usb_core.o
    0x08003f9e   0x08003f9e   0x00000002   PAD
    0x08003fa0   0x08003fa0   0x00000016   Code   RO         1130    .text.usb_disconnect  at32f415_usb.o
    0x08003fb6   0x08003fb6   0x00000002   PAD
    0x08003fb8   0x08003fb8   0x00000026   Code   RO         1126    .text.usb_ept0_setup  at32f415_usb.o
    0x08003fde   0x08003fde   0x00000002   PAD
    0x08003fe0   0x08003fe0   0x00000038   Code   RO         1124    .text.usb_ept0_start  at32f415_usb.o
    0x08004018   0x08004018   0x0000009a   Code   RO         1108    .text.usb_ept_clear_stall  at32f415_usb.o
    0x080040b2   0x080040b2   0x00000002   PAD
    0x080040b4   0x080040b4   0x00000070   Code   RO         1104    .text.usb_ept_close  at32f415_usb.o
    0x08004124   0x08004124   0x000000ee   Code   RO         1771    .text.usb_ept_default_init  usbd_core.o
    0x08004212   0x08004212   0x00000002   PAD
    0x08004214   0x08004214   0x0000001a   Code   RO         1120    .text.usb_ept_in_clear  at32f415_usb.o
    0x0800422e   0x0800422e   0x00000002   PAD
    0x08004230   0x08004230   0x00000040   Code   RO         1116    .text.usb_ept_in_interrupt  at32f415_usb.o
    0x08004270   0x08004270   0x000001de   Code   RO         1102    .text.usb_ept_open  at32f415_usb.o
    0x0800444e   0x0800444e   0x00000002   PAD
    0x08004450   0x08004450   0x0000001a   Code   RO         1118    .text.usb_ept_out_clear  at32f415_usb.o
    0x0800446a   0x0800446a   0x00000002   PAD
    0x0800446c   0x0800446c   0x00000022   Code   RO         1114    .text.usb_ept_out_interrupt  at32f415_usb.o
    0x0800448e   0x0800448e   0x00000002   PAD
    0x08004490   0x08004490   0x000000a2   Code   RO         1106    .text.usb_ept_stall  at32f415_usb.o
    0x08004532   0x08004532   0x00000002   PAD
    0x08004534   0x08004534   0x0000003c   Code   RO         1074    .text.usb_flush_rx_fifo  at32f415_usb.o
    0x08004570   0x08004570   0x00000052   Code   RO         1072    .text.usb_flush_tx_fifo  at32f415_usb.o
    0x080045c2   0x080045c2   0x00000002   PAD
    0x080045c4   0x080045c4   0x0000001c   Code   RO         1112    .text.usb_get_all_in_interrupt  at32f415_usb.o
    0x080045e0   0x080045e0   0x0000001c   Code   RO         1110    .text.usb_get_all_out_interrupt  at32f415_usb.o
    0x080045fc   0x080045fc   0x00000010   Code   RO         1080    .text.usb_global_clear_interrupt  at32f415_usb.o
    0x0800460c   0x0800460c   0x00000016   Code   RO         1078    .text.usb_global_get_all_interrupt  at32f415_usb.o
    0x08004622   0x08004622   0x00000002   PAD
    0x08004624   0x08004624   0x0000002e   Code   RO         1068    .text.usb_global_init  at32f415_usb.o
    0x08004652   0x08004652   0x00000002   PAD
    0x08004654   0x08004654   0x00000036   Code   RO         1076    .text.usb_global_interrupt_enable  at32f415_usb.o
    0x0800468a   0x0800468a   0x00000002   PAD
    0x0800468c   0x0800468c   0x00000068   Code   RO         1066    .text.usb_global_reset  at32f415_usb.o
    0x080046f4   0x080046f4   0x0000000e   Code   RO         1070    .text.usb_global_select_core  at32f415_usb.o
    0x08004702   0x08004702   0x00000002   PAD
    0x08004704   0x08004704   0x00000062   Code   RO         1090    .text.usb_global_set_mode  at32f415_usb.o
    0x08004766   0x08004766   0x00000002   PAD
    0x08004768   0x08004768   0x000000ae   Code   RO         1875    .text.usb_hid_mouse_send  mouse_class.o
    0x08004816   0x08004816   0x00000002   PAD
    0x08004818   0x08004818   0x00000012   Code   RO         1084    .text.usb_interrupt_disable  at32f415_usb.o
    0x0800482a   0x0800482a   0x00000002   PAD
    0x0800482c   0x0800482c   0x00000012   Code   RO         1082    .text.usb_interrupt_enable  at32f415_usb.o
    0x0800483e   0x0800483e   0x00000002   PAD
    0x08004840   0x08004840   0x00000044   Code   RO         1873    .text.usb_mouse_class_send_report  mouse_class.o
    0x08004884   0x08004884   0x00000016   Code   RO         1096    .text.usb_open_phy_clk  at32f415_usb.o
    0x0800489a   0x0800489a   0x00000002   PAD
    0x0800489c   0x0800489c   0x0000004c   Code   RO         1100    .text.usb_read_packet  at32f415_usb.o
    0x080048e8   0x080048e8   0x00000026   Code   RO         1122    .text.usb_set_address  at32f415_usb.o
    0x0800490e   0x0800490e   0x00000002   PAD
    0x08004910   0x08004910   0x00000014   Code   RO         1086    .text.usb_set_rx_fifo  at32f415_usb.o
    0x08004924   0x08004924   0x00000098   Code   RO         1088    .text.usb_set_tx_fifo  at32f415_usb.o
    0x080049bc   0x080049bc   0x00000016   Code   RO         1094    .text.usb_stop_phy_clk  at32f415_usb.o
    0x080049d2   0x080049d2   0x00000002   PAD
    0x080049d4   0x080049d4   0x00000012   Code   RO         1136    .text.usb_suspend_status_get  at32f415_usb.o
    0x080049e6   0x080049e6   0x00000002   PAD
    0x080049e8   0x080049e8   0x000000f6   Code   RO         1816    .text.usb_write_empty_txfifo  usbd_int.o
    0x08004ade   0x08004ade   0x00000002   PAD
    0x08004ae0   0x08004ae0   0x00000054   Code   RO         1098    .text.usb_write_packet  at32f415_usb.o
    0x08004b34   0x08004b34   0x00000068   Code   RO         1831    .text.usbd_clear_feature  usbd_sdr.o
    0x08004b9c   0x08004b9c   0x0000005a   Code   RO         1753    .text.usbd_clear_stall  usbd_core.o
    0x08004bf6   0x08004bf6   0x00000002   PAD
    0x08004bf8   0x08004bf8   0x00000012   Code   RO         1765    .text.usbd_connect  usbd_core.o
    0x08004c0a   0x08004c0a   0x00000002   PAD
    0x08004c0c   0x08004c0c   0x0000000e   Code   RO         1773    .text.usbd_connect_state_get  usbd_core.o
    0x08004c1a   0x08004c1a   0x00000002   PAD
    0x08004c1c   0x08004c1c   0x00000120   Code   RO         1735    .text.usbd_core_in_handler  usbd_core.o
    0x08004d3c   0x08004d3c   0x000001d0   Code   RO         1783    .text.usbd_core_init  usbd_core.o
    0x08004f0c   0x08004f0c   0x000000d0   Code   RO         1743    .text.usbd_core_out_handler  usbd_core.o
    0x08004fdc   0x08004fdc   0x0000006a   Code   RO         1747    .text.usbd_core_setup_handler  usbd_core.o
    0x08005046   0x08005046   0x00000002   PAD
    0x08005048   0x08005048   0x0000003c   Code   RO         1751    .text.usbd_ctrl_recv  usbd_core.o
    0x08005084   0x08005084   0x0000001e   Code   RO         1741    .text.usbd_ctrl_recv_status  usbd_core.o
    0x080050a2   0x080050a2   0x00000002   PAD
    0x080050a4   0x080050a4   0x0000003c   Code   RO         1749    .text.usbd_ctrl_send  usbd_core.o
    0x080050e0   0x080050e0   0x0000001e   Code   RO         1745    .text.usbd_ctrl_send_status  usbd_core.o
    0x080050fe   0x080050fe   0x00000002   PAD
    0x08005100   0x08005100   0x0000001a   Code   RO         1757    .text.usbd_ctrl_unsupport  usbd_core.o
    0x0800511a   0x0800511a   0x00000002   PAD
    0x0800511c   0x0800511c   0x000000a6   Code   RO         1827    .text.usbd_device_request  usbd_sdr.o
    0x080051c2   0x080051c2   0x00000002   PAD
    0x080051c4   0x080051c4   0x00000020   Code   RO         1808    .text.usbd_discon_handler  usbd_int.o
    0x080051e4   0x080051e4   0x00000012   Code   RO         1767    .text.usbd_disconnect  usbd_core.o
    0x080051f6   0x080051f6   0x00000002   PAD
    0x080051f8   0x080051f8   0x000001f4   Code   RO         1845    .text.usbd_endpoint_request  usbd_sdr.o
    0x080053ec   0x080053ec   0x00000022   Code   RO         1777    .text.usbd_enter_suspend  usbd_core.o
    0x0800540e   0x0800540e   0x00000002   PAD
    0x08005410   0x08005410   0x0000005a   Code   RO         1802    .text.usbd_enumdone_handler  usbd_int.o
    0x0800546a   0x0800546a   0x00000002   PAD
    0x0800546c   0x0800546c   0x00000050   Code   RO         1763    .text.usbd_ept_close  usbd_core.o
    0x080054bc   0x080054bc   0x00000078   Code   RO         1761    .text.usbd_ept_open  usbd_core.o
    0x08005534   0x08005534   0x00000116   Code   RO         1739    .text.usbd_ept_recv  usbd_core.o
    0x0800564a   0x0800564a   0x00000002   PAD
    0x0800564c   0x0800564c   0x0000018e   Code   RO         1737    .text.usbd_ept_send  usbd_core.o
    0x080057da   0x080057da   0x00000002   PAD
    0x080057dc   0x080057dc   0x0000004e   Code   RO         1781    .text.usbd_fifo_alloc  usbd_core.o
    0x0800582a   0x0800582a   0x00000002   PAD
    0x0800582c   0x0800582c   0x0000001e   Code   RO         1779    .text.usbd_flush_tx_fifo  usbd_core.o
    0x0800584a   0x0800584a   0x00000002   PAD
    0x0800584c   0x0800584c   0x00000074   Code   RO         1839    .text.usbd_get_configuration  usbd_sdr.o
    0x080058c0   0x080058c0   0x0000015e   Code   RO         1837    .text.usbd_get_descriptor  usbd_sdr.o
    0x08005a1e   0x08005a1e   0x00000002   PAD
    0x08005a20   0x08005a20   0x00000024   Code   RO         1759    .text.usbd_get_recv_len  usbd_core.o
    0x08005a44   0x08005a44   0x00000052   Code   RO         1829    .text.usbd_get_status  usbd_sdr.o
    0x08005a96   0x08005a96   0x00000002   PAD
    0x08005a98   0x08005a98   0x00000020   Code   RO         1806    .text.usbd_incomisioin_handler  usbd_int.o
    0x08005ab8   0x08005ab8   0x00000020   Code   RO         1810    .text.usbd_incomisoout_handler  usbd_int.o
    0x08005ad8   0x08005ad8   0x000000f4   Code   RO         1794    .text.usbd_inept_handler  usbd_int.o
    0x08005bcc   0x08005bcc   0x00000080   Code   RO         1726    .text.usbd_init     usb_core.o
    0x08005c4c   0x08005c4c   0x00000076   Code   RO         1910    .text.usbd_int_to_unicode  mouse_desc.o
    0x08005cc2   0x08005cc2   0x00000002   PAD
    0x08005cc4   0x08005cc4   0x0000004e   Code   RO         1843    .text.usbd_interface_request  usbd_sdr.o
    0x08005d12   0x08005d12   0x00000002   PAD
    0x08005d14   0x08005d14   0x0000018c   Code   RO         1792    .text.usbd_irq_handler  usbd_int.o
    0x08005ea0   0x08005ea0   0x000000d6   Code   RO         1796    .text.usbd_outept_handler  usbd_int.o
    0x08005f76   0x08005f76   0x00000002   PAD
    0x08005f78   0x08005f78   0x000000e0   Code   RO         1798    .text.usbd_reset_handler  usbd_int.o
    0x08006058   0x08006058   0x000000b2   Code   RO         1804    .text.usbd_rxflvl_handler  usbd_int.o
    0x0800610a   0x0800610a   0x00000002   PAD
    0x0800610c   0x0800610c   0x00000084   Code   RO         1835    .text.usbd_set_address  usbd_sdr.o
    0x08006190   0x08006190   0x00000128   Code   RO         1841    .text.usbd_set_configuration  usbd_sdr.o
    0x080062b8   0x080062b8   0x00000042   Code   RO         1833    .text.usbd_set_feature  usbd_sdr.o
    0x080062fa   0x080062fa   0x00000002   PAD
    0x080062fc   0x080062fc   0x0000005a   Code   RO         1755    .text.usbd_set_stall  usbd_core.o
    0x08006356   0x08006356   0x00000002   PAD
    0x08006358   0x08006358   0x00000044   Code   RO         1825    .text.usbd_setup_request_parse  usbd_sdr.o
    0x0800639c   0x0800639c   0x0000001e   Code   RO         1800    .text.usbd_sof_handler  usbd_int.o
    0x080063ba   0x080063ba   0x00000002   PAD
    0x080063bc   0x080063bc   0x0000004c   Code   RO         1814    .text.usbd_suspend_handler  usbd_int.o
    0x08006408   0x08006408   0x00000076   Code   RO         1906    .text.usbd_unicode_convert  mouse_desc.o
    0x0800647e   0x0800647e   0x00000002   PAD
    0x08006480   0x08006480   0x00000046   Code   RO         1812    .text.usbd_wakeup_handler  usbd_int.o
    0x080064c6   0x080064c6   0x0000003e   Code   RO         2125    CL$$btod_d2e        c_w.l(btod.o)
    0x08006504   0x08006504   0x00000046   Code   RO         2127    CL$$btod_d2e_denorm_low  c_w.l(btod.o)
    0x0800654a   0x0800654a   0x00000060   Code   RO         2126    CL$$btod_d2e_norm_op1  c_w.l(btod.o)
    0x080065aa   0x080065aa   0x00000002   PAD
    0x080065ac   0x080065ac   0x00000338   Code   RO         2135    CL$$btod_div_common  c_w.l(btod.o)
    0x080068e4   0x080068e4   0x000000dc   Code   RO         2132    CL$$btod_e2e        c_w.l(btod.o)
    0x080069c0   0x080069c0   0x0000002a   Code   RO         2129    CL$$btod_ediv       c_w.l(btod.o)
    0x080069ea   0x080069ea   0x0000002a   Code   RO         2128    CL$$btod_emul       c_w.l(btod.o)
    0x08006a14   0x08006a14   0x00000244   Code   RO         2134    CL$$btod_mult_common  c_w.l(btod.o)
    0x08006c58   0x08006c58   0x00000028   Code   RO         2167    i.__ARM_fpclassify  m_ws.l(fpclassify.o)
    0x08006c80   0x08006c80   0x0000000e   Code   RO         2027    i._is_digit         c_w.l(__printf_wp.o)
    0x08006c8e   0x08006c8e   0x00000002   PAD
    0x08006c90   0x08006c90   0x0000002c   Code   RO         2150    locale$$code        c_w.l(lc_numeric_c.o)
    0x08006cbc   0x08006cbc   0x0000002c   Code   RO         2179    locale$$code        c_w.l(lc_ctype_c.o)
    0x08006ce8   0x08006ce8   0x00000004   Code   RO         2062    x$fpl$printf1       fz_ws.l(printf1.o)
    0x08006cec   0x08006cec   0x00000004   Code   RO         2064    x$fpl$printf2       fz_ws.l(printf2.o)
    0x08006cf0   0x08006cf0   0x00000000   Code   RO         2166    x$fpl$usenofp       fz_ws.l(usenofp.o)
    0x08006cf0   0x08006cf0   0x00000008   Data   RO         1986    .constdata          c_w.l(_printf_wctomb.o)
    0x08006cf8   0x08006cf8   0x00000028   Data   RO         2015    .constdata          c_w.l(_printf_hex_int_ll_ptr.o)
    0x08006d20   0x08006d20   0x00000011   Data   RO         2035    .constdata          c_w.l(__printf_flags_ss_wp.o)
    0x08006d31   0x08006d31   0x00000026   Data   RO         2096    .constdata          c_w.l(_printf_fp_hex.o)
    0x08006d57   0x08006d57   0x00000001   PAD
    0x08006d58   0x08006d58   0x00000094   Data   RO         2123    .constdata          c_w.l(bigflt0.o)
    0x08006dec   0x08006dec   0x00000020   Data   RO         1709    .rodata..L__const.cm_backtrace_fault.regs_name  cm_backtrace.o
    0x08006e0c   0x08006e0c   0x00000011   Data   RO         1644    .rodata._DoInit._aInitStr  segger_rtt.o
    0x08006e1d   0x08006e1d   0x00000003   PAD
    0x08006e20   0x08006e20   0x00000008   Data   RO           48    .rodata.btn         main.o
    0x08006e28   0x08006e28   0x00000008   Data   RO          320    .rodata.crm_clocks_freq_get.adc_div_table  at32f415_crm.o
    0x08006e30   0x08006e30   0x00000008   Data   RO          318    .rodata.crm_clocks_freq_get.ahb_apb1_div_table  at32f415_crm.o
    0x08006e38   0x08006e38   0x00000008   Data   RO          319    .rodata.crm_clocks_freq_get.ahb_apb2_div_table  at32f415_crm.o
    0x08006e40   0x08006e40   0x00000010   Data   RO          317    .rodata.crm_clocks_freq_get.sclk_ahb_div_table  at32f415_crm.o
    0x08006e50   0x08006e50   0x00000010   Data   RO         1544    .rodata.g_hwPinOps  drv_pinctrl.o
    0x08006e60   0x08006e60   0x00000098   Data   RO         1703    .rodata.print_info  cm_backtrace.o
    0x08006ef8   0x08006ef8   0x0000006e   Data   RO           47    .rodata.str1.1      main.o
    0x08006f66   0x08006f66   0x0000003a   Data   RO         1545    .rodata.str1.1      drv_pinctrl.o
    0x08006fa0   0x08006fa0   0x00000009   Data   RO         1645    .rodata.str1.1      segger_rtt.o
    0x08006fa9   0x08006fa9   0x00000967   Data   RO         1704    .rodata.str1.1      cm_backtrace.o
    0x08007910   0x08007910   0x0000002a   Data   RO         1921    .rodata.str1.1      mouse_desc.o
    0x0800793a   0x0800793a   0x00000010   Data   RO         1208    .rodata.system_core_clock_update.sys_ahb_div_table  system_at32f415.o
    0x0800794a   0x0800794a   0x00000002   PAD
    0x0800794c   0x0800794c   0x00000020   Data   RO         2300    Region$$Table       anon$$obj.o
    0x0800796c   0x0800796c   0x0000001c   Data   RO         2149    locale$$data        c_w.l(lc_numeric_c.o)
    0x08007988   0x08007988   0x00000110   Data   RO         2178    locale$$data        c_w.l(lc_ctype_c.o)


    Execution Region RW_IRAM1 (Exec base: 0x20000000, Load base: 0x08007a98, Size: 0x00001b80, Max: 0x00008000, ABSOLUTE)

    Exec Addr    Load Addr    Size         Type   Attr      Idx    E Section Name        Object

    0x20000000   0x08007a98   0x00000008   Data   RW         1917    .data.config_descriptor  mouse_desc.o
    0x20000008   0x08007aa0   0x00000008   Data   RW         1915    .data.device_descriptor  mouse_desc.o
    0x20000010   0x08007aa8   0x00000009   Data   RW         1914    .data.g_mouse_usb_desc  mouse_desc.o
    0x20000019   0x08007ab1   0x00000003   PAD
    0x2000001c   0x08007ab4   0x00000004   Data   RW         1920    .data.g_string_lang_id  mouse_desc.o
    0x20000020   0x08007ab8   0x0000001a   Data   RW         1925    .data.g_string_serial  mouse_desc.o
    0x2000003a   0x08007ad2   0x00000002   PAD
    0x2000003c   0x08007ad4   0x00000022   Data   RW         1918    .data.g_usbd_configuration  mouse_desc.o
    0x2000005e   0x08007af6   0x00000002   PAD
    0x20000060   0x08007af8   0x00000012   Data   RW         1916    .data.g_usbd_descriptor  mouse_desc.o
    0x20000072   0x08007b0a   0x00000002   PAD
    0x20000074   0x08007b0c   0x0000004a   Data   RW         1913    .data.g_usbd_mouse_report  mouse_desc.o
    0x200000be   0x08007b56   0x00000002   PAD
    0x200000c0   0x08007b58   0x00000008   Data   RW         1919    .data.langid_descriptor  mouse_desc.o
    0x200000c8   0x08007b60   0x00000028   Data   RW         1878    .data.mouse_class_handler  mouse_class.o
    0x200000f0   0x08007b88   0x00000028   Data   RW         1912    .data.mouse_desc_handler  mouse_desc.o
    0x20000118   0x08007bb0   0x00000008   Data   RW         1924    .data.serial_descriptor  mouse_desc.o
    0x20000120   0x08007bb8   0x00000004   Data   RW         1207    .data.system_core_clock  system_at32f415.o
    0x20000124   0x08007bbc   0x00000004   PAD
    0x20000128        -       0x00000060   Zero   RW         2170    .bss                c_w.l(libspace.o)
    0x20000188        -       0x000000a8   Zero   RW         1641    .bss._SEGGER_RTT    segger_rtt.o
    0x20000230        -       0x00000054   Zero   RW         1528    .bss.__stdout       drv_hwuart.o
    0x20000284        -       0x00000010   Zero   RW         1647    .bss._acDownBuffer  segger_rtt.o
    0x20000294        -       0x00000400   Zero   RW         1646    .bss._acUpBuffer    segger_rtt.o
    0x20000694        -       0x00000120   Zero   RW         1711    .bss.call_stack_info  cm_backtrace.o
    0x200007b4        -       0x00000004   Zero   RW         1702    .bss.code_size      cm_backtrace.o
    0x200007b8        -       0x00000004   Zero   RW         1701    .bss.code_start_addr  cm_backtrace.o
    0x200007bc        -       0x00000021   Zero   RW         1696    .bss.fw_name        cm_backtrace.o
    0x200007dd        -       0x00000100   Zero   RW         1922    .bss.g_usbd_desc_buffer  mouse_desc.o
    0x200008dd        -       0x00000021   Zero   RW         1697    .bss.hw_ver         cm_backtrace.o
    0x200008fe        -       0x00000001   Zero   RW         1705    .bss.init_ok        cm_backtrace.o
    0x200008ff   0x08007bbc   0x00000001   PAD
    0x20000900        -       0x00000004   Zero   RW         1561    .bss.m_Tick         drv_timer.o
    0x20000904        -       0x00000001   Zero   RW           50    .bss.m_bMousePressed  main.o
    0x20000905   0x08007bbc   0x00000003   PAD
    0x20000908        -       0x00000004   Zero   RW         1700    .bss.main_stack_size  cm_backtrace.o
    0x2000090c        -       0x00000004   Zero   RW         1699    .bss.main_stack_start_addr  cm_backtrace.o
    0x20000910        -       0x00000054   Zero   RW         1877    .bss.mouse_struct   mouse_class.o
    0x20000964        -       0x00000001   Zero   RW         1706    .bss.on_fault       cm_backtrace.o
    0x20000965        -       0x00000001   Zero   RW         1710    .bss.on_thread_before_fault  cm_backtrace.o
    0x20000966   0x08007bbc   0x00000002   PAD
    0x20000968        -       0x000001a4   Zero   RW           49    .bss.otg_core_struct  main.o
    0x20000b0c        -       0x00000044   Zero   RW         1708    .bss.regs           cm_backtrace.o
    0x20000b50        -       0x00000001   Zero   RW         1707    .bss.stack_is_overflow  cm_backtrace.o
    0x20000b51        -       0x00000001   Zero   RW         1712    .bss.statck_has_fpu_regs  cm_backtrace.o
    0x20000b52        -       0x00000021   Zero   RW         1698    .bss.sw_ver         cm_backtrace.o
    0x20000b73        -       0x00000001   Zero   RW         1847    .bss.usbd_set_configuration.config_value  usbd_sdr.o
    0x20000b74        -       0x00000008   Zero   RW         1923    .bss.vp_desc        mouse_desc.o
    0x20000b7c   0x08007bbc   0x00000004   PAD
    0x20000b80        -       0x00000800   Zero   RW         1216    HEAP                startup_at32f415.o
    0x20001380        -       0x00000800   Zero   RW         1215    STACK               startup_at32f415.o


==============================================================================

Image component sizes


      Code (inc. data)   RO Data    RW Data    ZI Data      Debug   Object Name

       134          0          0          0          0       6448   at32f415_clock.o
      1980          6         40          0          0      19689   at32f415_crm.o
       358          0          0          0          0      12894   at32f415_gpio.o
        60          0          0          0          0       5948   at32f415_int.o
       370          0          0          0          0       6270   at32f415_misc.o
       230          0          0          0          0      23427   at32f415_tmr.o
       340          0          0          0          0       9859   at32f415_usart.o
      2214          0          0          0          0      20302   at32f415_usb.o
      3506          0       2591          0        476       8076   cm_backtrace.o
        12          0          0          0          0        364   cmb_fault_keil.o
        50          0          0          0          0        969   delay.o
       208          0          0          0         84       8499   drv_hwuart.o
       344          4         74          0          0       6333   drv_pinctrl.o
       204          0          0          0          4       8476   drv_timer.o
       634          0        118          0        421      15779   main.o
       888         16          0         40         84      10433   mouse_class.o
       566          0         42        237        264       3479   mouse_desc.o
        64          0          0          0          0       1566   pinctrl.o
       172          0         26          0       1208      13312   segger_rtt.o
        64         26        368          0       4096        792   startup_at32f415.o
       770          0         16          4          0       7988   system_at32f415.o
       222          0          0          0          0       8444   usb_core.o
      2794          0          0          0          0      17739   usbd_core.o
      1864          0          0          0          0      15145   usbd_int.o
      1958         24          0          0          1      11083   usbd_sdr.o

    ----------------------------------------------------------------------
     20222         76       3312        292       6652     243314   Object Totals
         0          0         32          0          0          0   (incl. Generated)
       216          0          5         11         14          0   (incl. Padding)

    ----------------------------------------------------------------------

      Code (inc. data)   RO Data    RW Data    ZI Data      Debug   Library Member Name

         8          0          0          0          0         68   __main.o
       392          4         17          0          0         92   __printf_flags_ss_wp.o
        14          0          0          0          0         68   __printf_wp.o
         0          0          0          0          0          0   __rtentry.o
        12          0          0          0          0          0   __rtentry2.o
         6          0          0          0          0          0   __rtentry4.o
        52          8          0          0          0          0   __scatter.o
        26          0          0          0          0          0   __scatter_copy.o
        28          0          0          0          0          0   __scatter_zi.o
        72          0          0          0          0         96   _c16rtomb.o
         6          0          0          0          0          0   _printf_a.o
         6          0          0          0          0          0   _printf_c.o
        44          0          0          0          0        108   _printf_char.o
        48          6          0          0          0         96   _printf_char_common.o
        36          4          0          0          0         80   _printf_char_file.o
        40          0          0          0          0         68   _printf_charcount.o
         6          0          0          0          0          0   _printf_d.o
       120         16          0          0          0         92   _printf_dec.o
         6          0          0          0          0          0   _printf_e.o
         6          0          0          0          0          0   _printf_f.o
      1052          0          0          0          0        148   _printf_fp_dec.o
       764          8         38          0          0        100   _printf_fp_hex.o
       128         16          0          0          0         84   _printf_fp_infnan.o
         6          0          0          0          0          0   _printf_g.o
       148          4         40          0          0        160   _printf_hex_int_ll_ptr.o
         6          0          0          0          0          0   _printf_i.o
       178          0          0          0          0         88   _printf_intcommon.o
        10          0          0          0          0          0   _printf_l.o
         6          0          0          0          0          0   _printf_lc.o
        10          0          0          0          0          0   _printf_ll.o
         6          0          0          0          0          0   _printf_lld.o
         6          0          0          0          0          0   _printf_lli.o
         6          0          0          0          0          0   _printf_llo.o
         6          0          0          0          0          0   _printf_llu.o
         6          0          0          0          0          0   _printf_llx.o
       124         16          0          0          0         92   _printf_longlong_dec.o
         6          0          0          0          0          0   _printf_ls.o
         6          0          0          0          0          0   _printf_n.o
         6          0          0          0          0          0   _printf_o.o
       112          8          0          0          0        124   _printf_oct_int_ll.o
         6          0          0          0          0          0   _printf_p.o
        78          0          0          0          0        108   _printf_pad.o
         0          0          0          0          0          0   _printf_percent.o
         4          0          0          0          0          0   _printf_percent_end.o
         6          0          0          0          0          0   _printf_s.o
        82          0          0          0          0         80   _printf_str.o
        36          0          0          0          0         84   _printf_truncate.o
         6          0          0          0          0          0   _printf_u.o
        44          0          0          0          0        108   _printf_wchar.o
       188          6          8          0          0         92   _printf_wctomb.o
         6          0          0          0          0          0   _printf_x.o
        10          0          0          0          0         68   _sputc.o
       228          4        148          0          0         96   bigflt0.o
      1936        128          0          0          0        668   btod.o
        18          0          0          0          0         80   exit.o
         8          0          0          0          0         68   ferror.o
         6          0          0          0          0        152   heapauxi.o
        44         10        272          0          0         76   lc_ctype_c.o
        44         10         28          0          0         76   lc_numeric_c.o
         2          0          0          0          0          0   libinit.o
        30          0          0          0          0          0   libinit2.o
         2          0          0          0          0          0   libshutdown.o
         2          0          0          0          0          0   libshutdown2.o
         8          4          0          0         96         68   libspace.o
       138          0          0          0          0         80   lludiv10.o
       240          0          0          0          0        100   lludivv7m.o
        24          4          0          0          0         84   printf.o
        16          4          0          0          0         76   rt_ctype_table.o
         8          4          0          0          0         68   rt_locale_intlibspace.o
        68          0          0          0          0         68   rt_memclr.o
        78          0          0          0          0         80   rt_memclr_w.o
         2          0          0          0          0          0   rtexit.o
        10          0          0          0          0          0   rtexit2.o
        44          6          0          0          0         84   sprintf.o
       124          0          0          0          0         88   strcmpv7em.o
        86          0          0          0          0         76   strncpy.o
        74          0          0          0          0         80   sys_stackheap_outer.o
         2          0          0          0          0         68   use_no_semi.o
         2          0          0          0          0         68   use_no_semi_2.o
         4          0          0          0          0         68   printf1.o
         4          0          0          0          0         68   printf2.o
         0          0          0          0          0          0   usenofp.o
        40          0          0          0          0         68   fpclassify.o

    ----------------------------------------------------------------------
      7298        270        552          0         96       4612   Library Totals
        20          0          1          0          0          0   (incl. Padding)

    ----------------------------------------------------------------------

      Code (inc. data)   RO Data    RW Data    ZI Data      Debug   Library Name

      7230        270        551          0         96       4408   c_w.l
         8          0          0          0          0        136   fz_ws.l
        40          0          0          0          0         68   m_ws.l

    ----------------------------------------------------------------------
      7298        270        552          0         96       4612   Library Totals

    ----------------------------------------------------------------------

==============================================================================


      Code (inc. data)   RO Data    RW Data    ZI Data      Debug   

     27520        346       3864        292       6748     244934   Grand Totals
     27520        346       3864        292       6748     244934   ELF Image Totals
     27520        346       3864        292          0          0   ROM Totals

==============================================================================

    Total RO  Size (Code + RO Data)                31384 (  30.65kB)
    Total RW  Size (RW Data + ZI Data)              7040 (   6.88kB)
    Total ROM Size (Code + RO Data + RW Data)      31676 (  30.93kB)

==============================================================================

