Component: ARM Compiler 6.16 Tool: armlink [5dfeaa00]

==============================================================================

Section Cross References

    at32f415_clock.o(.text.system_clock_config) refers to at32f415_crm.o(.text.crm_reset) for crm_reset
    at32f415_clock.o(.text.system_clock_config) refers to at32f415_crm.o(.text.crm_clock_source_enable) for crm_clock_source_enable
    at32f415_clock.o(.text.system_clock_config) refers to at32f415_crm.o(.text.crm_hext_stable_wait) for crm_hext_stable_wait
    at32f415_clock.o(.text.system_clock_config) refers to at32f415_crm.o(.text.crm_pll_config) for crm_pll_config
    at32f415_clock.o(.text.system_clock_config) refers to at32f415_crm.o(.text.crm_flag_get) for crm_flag_get
    at32f415_clock.o(.text.system_clock_config) refers to at32f415_crm.o(.text.crm_ahb_div_set) for crm_ahb_div_set
    at32f415_clock.o(.text.system_clock_config) refers to at32f415_crm.o(.text.crm_apb2_div_set) for crm_apb2_div_set
    at32f415_clock.o(.text.system_clock_config) refers to at32f415_crm.o(.text.crm_apb1_div_set) for crm_apb1_div_set
    at32f415_clock.o(.text.system_clock_config) refers to at32f415_crm.o(.text.crm_auto_step_mode_enable) for crm_auto_step_mode_enable
    at32f415_clock.o(.text.system_clock_config) refers to at32f415_crm.o(.text.crm_sysclk_switch) for crm_sysclk_switch
    at32f415_clock.o(.text.system_clock_config) refers to at32f415_crm.o(.text.crm_sysclk_switch_status_get) for crm_sysclk_switch_status_get
    at32f415_clock.o(.text.system_clock_config) refers to system_at32f415.o(.text.system_core_clock_update) for system_core_clock_update
    at32f415_clock.o(.ARM.exidx.text.system_clock_config) refers to at32f415_clock.o(.text.system_clock_config) for [Anonymous Symbol]
    at32f415_int.o(.ARM.exidx.text.NMI_Handler) refers to at32f415_int.o(.text.NMI_Handler) for [Anonymous Symbol]
    at32f415_int.o(.ARM.exidx.text.HardFault_Handler_) refers to at32f415_int.o(.text.HardFault_Handler_) for [Anonymous Symbol]
    at32f415_int.o(.ARM.exidx.text.MemManage_Handler) refers to at32f415_int.o(.text.MemManage_Handler) for [Anonymous Symbol]
    at32f415_int.o(.ARM.exidx.text.BusFault_Handler) refers to at32f415_int.o(.text.BusFault_Handler) for [Anonymous Symbol]
    at32f415_int.o(.ARM.exidx.text.UsageFault_Handler) refers to at32f415_int.o(.text.UsageFault_Handler) for [Anonymous Symbol]
    at32f415_int.o(.ARM.exidx.text.SVC_Handler) refers to at32f415_int.o(.text.SVC_Handler) for [Anonymous Symbol]
    at32f415_int.o(.ARM.exidx.text.DebugMon_Handler) refers to at32f415_int.o(.text.DebugMon_Handler) for [Anonymous Symbol]
    at32f415_int.o(.ARM.exidx.text.PendSV_Handler) refers to at32f415_int.o(.text.PendSV_Handler) for [Anonymous Symbol]
    at32f415_int.o(.ARM.exidx.text.SysTick_Handler) refers to at32f415_int.o(.text.SysTick_Handler) for [Anonymous Symbol]
    at32f415_int.o(.text.TMR1_OVF_TMR10_IRQHandler) refers to at32f415_tmr.o(.text.tmr_interrupt_flag_get) for tmr_interrupt_flag_get
    at32f415_int.o(.text.TMR1_OVF_TMR10_IRQHandler) refers to at32f415_tmr.o(.text.tmr_flag_clear) for tmr_flag_clear
    at32f415_int.o(.ARM.exidx.text.TMR1_OVF_TMR10_IRQHandler) refers to at32f415_int.o(.text.TMR1_OVF_TMR10_IRQHandler) for [Anonymous Symbol]
    main.o(.text.main) refers to at32f415_clock.o(.text.system_clock_config) for system_clock_config
    main.o(.text.main) refers to main.o(.rodata.str1.1) for .L.str
    main.o(.text.main) refers to cm_backtrace.o(.text.cm_backtrace_init) for cm_backtrace_init
    main.o(.text.main) refers to segger_rtt.o(.text.SEGGER_RTT_Init) for SEGGER_RTT_Init
    main.o(.text.main) refers to at32f415_crm.o(.text.crm_periph_clock_enable) for crm_periph_clock_enable
    main.o(.text.main) refers to main.o(.rodata.led1) for led1
    main.o(.text.main) refers to pinctrl.o(.text.PIN_SetMode) for PIN_SetMode
    main.o(.text.main) refers to main.o(.rodata.led2) for led2
    main.o(.text.main) refers to main.o(.rodata.btn) for btn
    main.o(.text.main) refers to drv_hwuart.o(.text.DbgUartInit) for DbgUartInit
    main.o(.text.main) refers to drv_timer.o(.text.$Sub$$DelayInit) for DelayInit
    main.o(.text.main) refers to spi_mfrc522.o(.text.RC522_Test) for RC522_Test
    main.o(.text.main) refers to spi_mcp2515.o(.text.MCP2515_Test) for MCP2515_Test
    main.o(.text.main) refers to spi_st7735.o(.text.ST7735_Test) for ST7735_Test
    main.o(.text.main) refers to main.o(.text.DelayBlockMs) for DelayBlockMs
    main.o(.text.main) refers to pinctrl.o(.text.PIN_ToggleLevel) for PIN_ToggleLevel
    main.o(.ARM.exidx.text.main) refers to main.o(.text.main) for [Anonymous Symbol]
    main.o(.text.DelayBlockMs) refers to delay.o(.text.DelayBlock) for DelayBlock
    main.o(.ARM.exidx.text.DelayBlockMs) refers to main.o(.text.DelayBlockMs) for [Anonymous Symbol]
    at32f415_adc.o(.text.adc_reset) refers to at32f415_crm.o(.text.crm_periph_reset) for crm_periph_reset
[...]
    STACK                                    0x20000f90   Section     2048  startup_at32f415.o(STACK)
    __initial_sp                             0x20001790   Data           0  startup_at32f415.o(STACK)

    Global Symbols

    Symbol Name                              Value     Ov Type        Size  Object(Section)

    BuildAttributes$$THM_ISAv4$E$P$D$K$B$S$7EM$PE$A:L22UL41UL21$X:L11$S22US41US21$IEEE1$IW$~IW$USESV6$~STKCKD$USESV7$~SHL$OTIME$ROPI$IEEEJ$EBA8$UX$STANDARDLIB$REQ8$PRES8$EABIv2 0x00000000   Number         0  anon$$obj.o ABSOLUTE
    __fp_init_empty                          0x00000000   Number         0  fpinit_empty.o ABSOLUTE
    _printf_flags                            0x00000000   Number         0  printf_stubs.o ABSOLUTE
    _printf_return_value                     0x00000000   Number         0  printf_stubs.o ABSOLUTE
    _printf_sizespec                         0x00000000   Number         0  printf_stubs.o ABSOLUTE
    _printf_widthprec                        0x00000000   Number         0  printf_stubs.o ABSOLUTE
    __ARM_exceptions_init                     - Undefined Weak Reference
    __alloca_initialize                       - Undefined Weak Reference
    __arm_preinit_                            - Undefined Weak Reference
    __cpp_initialize__aeabi_                  - Undefined Weak Reference
    __cxa_finalize                            - Undefined Weak Reference
    __sigvec_lookup                           - Undefined Weak Reference
    _atexit_init                              - Undefined Weak Reference
    _call_atexit_fns                          - Undefined Weak Reference
    _clock_init                               - Undefined Weak Reference
    _fp_trap_init                             - Undefined Weak Reference
    _fp_trap_shutdown                         - Undefined Weak Reference
    _get_lc_collate                           - Undefined Weak Reference
    _get_lc_monetary                          - Undefined Weak Reference
    _get_lc_time                              - Undefined Weak Reference
    _getenv_init                              - Undefined Weak Reference
    _handle_redirection                       - Undefined Weak Reference
    _init_alloc                               - Undefined Weak Reference
    _init_user_alloc                          - Undefined Weak Reference
    _initio                                   - Undefined Weak Reference
    _mutex_acquire                            - Undefined Weak Reference
    _mutex_release                            - Undefined Weak Reference
    _printf_mbtowc                            - Undefined Weak Reference
    _printf_wc                                - Undefined Weak Reference
    _rand_init                                - Undefined Weak Reference
    _signal_finish                            - Undefined Weak Reference
    _signal_init                              - Undefined Weak Reference
    _terminate_alloc                          - Undefined Weak Reference
    _terminate_user_alloc                     - Undefined Weak Reference
    _terminateio                              - Undefined Weak Reference
    __Vectors_Size                           0x00000170   Number         0  startup_at32f415.o ABSOLUTE
    Image$$ER_IROM1$$Base                    0x08000000   Number         0  anon$$obj.o ABSOLUTE
    __Vectors                                0x08000000   Data           4  startup_at32f415.o(RESET)
    __Vectors_End                            0x08000170   Data           0  startup_at32f415.o(RESET)
    __main                                   0x08000171   Thumb Code     8  __main.o(!!!main)
    __scatterload                            0x08000179   Thumb Code     0  __scatter.o(!!!scatter)
    __scatterload_rt2                        0x08000179   Thumb Code    44  __scatter.o(!!!scatter)
    __scatterload_rt2_thumb_only             0x08000179   Thumb Code     0  __scatter.o(!!!scatter)
    __scatterload_null                       0x08000187   Thumb Code     0  __scatter.o(!!!scatter)
    __scatterload_copy                       0x080001ad   Thumb Code    26  __scatter_copy.o(!!handler_copy)
    __scatterload_zeroinit                   0x080001c9   Thumb Code    28  __scatter_zi.o(!!handler_zi)
    _printf_n                                0x080001e5   Thumb Code     0  _printf_n.o(.ARM.Collect$$_printf_percent$$00000001)
    _printf_percent                          0x080001e5   Thumb Code     0  _printf_percent.o(.ARM.Collect$$_printf_percent$$00000000)
    _printf_p                                0x080001eb   Thumb Code     0  _printf_p.o(.ARM.Collect$$_printf_percent$$00000002)
    _printf_f                                0x080001f1   Thumb Code     0  _printf_f.o(.ARM.Collect$$_printf_percent$$00000003)
    _printf_e                                0x080001f7   Thumb Code     0  _printf_e.o(.ARM.Collect$$_printf_percent$$00000004)
    _printf_g                                0x080001fd   Thumb Code     0  _printf_g.o(.ARM.Collect$$_printf_percent$$00000005)
    _printf_a                                0x08000203   Thumb Code     0  _printf_a.o(.ARM.Collect$$_printf_percent$$00000006)
    _printf_ll                               0x08000209   Thumb Code     0  _printf_ll.o(.ARM.Collect$$_printf_percent$$00000007)
    _printf_i                                0x08000213   Thumb Code     0  _printf_i.o(.ARM.Collect$$_printf_percent$$00000008)
    _printf_d                                0x08000219   Thumb Code     0  _printf_d.o(.ARM.Collect$$_printf_percent$$00000009)
    _printf_u                                0x0800021f   Thumb Code     0  _printf_u.o(.ARM.Collect$$_printf_percent$$0000000A)
    _printf_o                                0x08000225   Thumb Code     0  _printf_o.o(.ARM.Collect$$_printf_percent$$0000000B)
    _printf_x                                0x0800022b   Thumb Code     0  _printf_x.o(.ARM.Collect$$_printf_percent$$0000000C)
    _printf_lli                              0x08000231   Thumb Code     0  _printf_lli.o(.ARM.Collect$$_printf_percent$$0000000D)
    _printf_lld                              0x08000237   Thumb Code     0  _printf_lld.o(.ARM.Collect$$_printf_percent$$0000000E)
    _printf_llu                              0x0800023d   Thumb Code     0  _printf_llu.o(.ARM.Collect$$_printf_percent$$0000000F)
    _printf_llo                              0x08000243   Thumb Code     0  _printf_llo.o(.ARM.Collect$$_printf_percent$$00000010)
    _printf_llx                              0x08000249   Thumb Code     0  _printf_llx.o(.ARM.Collect$$_printf_percent$$00000011)
    _printf_l                                0x0800024f   Thumb Code     0  _printf_l.o(.ARM.Collect$$_printf_percent$$00000012)
    _printf_c                                0x08000259   Thumb Code     0  _printf_c.o(.ARM.Collect$$_printf_percent$$00000013)
    _printf_s                                0x0800025f   Thumb Code     0  _printf_s.o(.ARM.Collect$$_printf_percent$$00000014)
    _printf_lc                               0x08000265   Thumb Code     0  _printf_lc.o(.ARM.Collect$$_printf_percent$$00000015)
    _printf_ls                               0x0800026b   Thumb Code     0  _printf_ls.o(.ARM.Collect$$_printf_percent$$00000016)
    _printf_percent_end                      0x08000271   Thumb Code     0  _printf_percent_end.o(.ARM.Collect$$_printf_percent$$00000017)
    __rt_lib_init                            0x08000275   Thumb Code     0  libinit.o(.ARM.Collect$$libinit$$00000000)
    __rt_lib_init_fp_1                       0x08000277   Thumb Code     0  libinit2.o(.ARM.Collect$$libinit$$00000002)
    __rt_lib_init_heap_1                     0x08000277   Thumb Code     0  libinit2.o(.ARM.Collect$$libinit$$0000000A)
    __rt_lib_init_lc_common                  0x08000277   Thumb Code     0  libinit2.o(.ARM.Collect$$libinit$$0000000F)
    __rt_lib_init_preinit_1                  0x08000277   Thumb Code     0  libinit2.o(.ARM.Collect$$libinit$$00000004)
    __rt_lib_init_rand_1                     0x08000277   Thumb Code     0  libinit2.o(.ARM.Collect$$libinit$$0000000E)
    __rt_lib_init_user_alloc_1               0x08000277   Thumb Code     0  libinit2.o(.ARM.Collect$$libinit$$0000000C)
    __rt_lib_init_lc_collate_1               0x0800027d   Thumb Code     0  libinit2.o(.ARM.Collect$$libinit$$00000011)
    __rt_lib_init_lc_ctype_2                 0x0800027d   Thumb Code     0  libinit2.o(.ARM.Collect$$libinit$$00000012)
    __rt_lib_init_lc_ctype_1                 0x08000289   Thumb Code     0  libinit2.o(.ARM.Collect$$libinit$$00000013)
    __rt_lib_init_lc_monetary_1              0x08000289   Thumb Code     0  libinit2.o(.ARM.Collect$$libinit$$00000015)
    __rt_lib_init_lc_numeric_2               0x08000289   Thumb Code     0  libinit2.o(.ARM.Collect$$libinit$$00000016)
    __rt_lib_init_alloca_1                   0x08000293   Thumb Code     0  libinit2.o(.ARM.Collect$$libinit$$0000002E)
    __rt_lib_init_argv_1                     0x08000293   Thumb Code     0  libinit2.o(.ARM.Collect$$libinit$$0000002C)
    __rt_lib_init_atexit_1                   0x08000293   Thumb Code     0  libinit2.o(.ARM.Collect$$libinit$$0000001B)
    __rt_lib_init_clock_1                    0x08000293   Thumb Code     0  libinit2.o(.ARM.Collect$$libinit$$00000021)
    __rt_lib_init_cpp_1                      0x08000293   Thumb Code     0  libinit2.o(.ARM.Collect$$libinit$$00000032)
    __rt_lib_init_exceptions_1               0x08000293   Thumb Code     0  libinit2.o(.ARM.Collect$$libinit$$00000030)
    __rt_lib_init_fp_trap_1                  0x08000293   Thumb Code     0  libinit2.o(.ARM.Collect$$libinit$$0000001F)
    __rt_lib_init_getenv_1                   0x08000293   Thumb Code     0  libinit2.o(.ARM.Collect$$libinit$$00000023)
    __rt_lib_init_lc_numeric_1               0x08000293   Thumb Code     0  libinit2.o(.ARM.Collect$$libinit$$00000017)
    __rt_lib_init_lc_time_1                  0x08000293   Thumb Code     0  libinit2.o(.ARM.Collect$$libinit$$00000019)
    __rt_lib_init_return                     0x08000293   Thumb Code     0  libinit2.o(.ARM.Collect$$libinit$$00000033)
    __rt_lib_init_signal_1                   0x08000293   Thumb Code     0  libinit2.o(.ARM.Collect$$libinit$$0000001D)
    __rt_lib_init_stdio_1                    0x08000293   Thumb Code     0  libinit2.o(.ARM.Collect$$libinit$$00000025)
    __rt_lib_shutdown                        0x08000295   Thumb Code     0  libshutdown.o(.ARM.Collect$$libshutdown$$00000000)
    __rt_lib_shutdown_cpp_1                  0x08000297   Thumb Code     0  libshutdown2.o(.ARM.Collect$$libshutdown$$00000002)
    __rt_lib_shutdown_fp_trap_1              0x08000297   Thumb Code     0  libshutdown2.o(.ARM.Collect$$libshutdown$$00000007)
    __rt_lib_shutdown_heap_1                 0x08000297   Thumb Code     0  libshutdown2.o(.ARM.Collect$$libshutdown$$0000000F)
    __rt_lib_shutdown_return                 0x08000297   Thumb Code     0  libshutdown2.o(.ARM.Collect$$libshutdown$$00000010)
    __rt_lib_shutdown_signal_1               0x08000297   Thumb Code     0  libshutdown2.o(.ARM.Collect$$libshutdown$$0000000A)
    __rt_lib_shutdown_stdio_1                0x08000297   Thumb Code     0  libshutdown2.o(.ARM.Collect$$libshutdown$$00000004)
    __rt_lib_shutdown_user_alloc_1           0x08000297   Thumb Code     0  libshutdown2.o(.ARM.Collect$$libshutdown$$0000000C)
    __rt_entry                               0x08000299   Thumb Code     0  __rtentry.o(.ARM.Collect$$rtentry$$00000000)
    __rt_entry_presh_1                       0x08000299   Thumb Code     0  __rtentry2.o(.ARM.Collect$$rtentry$$00000002)
    __rt_entry_sh                            0x08000299   Thumb Code     0  __rtentry4.o(.ARM.Collect$$rtentry$$00000004)
    __rt_entry_li                            0x0800029f   Thumb Code     0  __rtentry2.o(.ARM.Collect$$rtentry$$0000000A)
    __rt_entry_postsh_1                      0x0800029f   Thumb Code     0  __rtentry2.o(.ARM.Collect$$rtentry$$00000009)
    __rt_entry_main                          0x080002a3   Thumb Code     0  __rtentry2.o(.ARM.Collect$$rtentry$$0000000D)
    __rt_entry_postli_1                      0x080002a3   Thumb Code     0  __rtentry2.o(.ARM.Collect$$rtentry$$0000000C)
    __rt_exit                                0x080002ab   Thumb Code     0  rtexit.o(.ARM.Collect$$rtexit$$00000000)
    __rt_exit_ls                             0x080002ad   Thumb Code     0  rtexit2.o(.ARM.Collect$$rtexit$$00000003)
    __rt_exit_prels_1                        0x080002ad   Thumb Code     0  rtexit2.o(.ARM.Collect$$rtexit$$00000002)
    __rt_exit_exit                           0x080002b1   Thumb Code     0  rtexit2.o(.ARM.Collect$$rtexit$$00000004)
    Reset_Handler                            0x080002b9   Thumb Code     8  startup_at32f415.o(.text)
    ADC1_IRQHandler                          0x080002d3   Thumb Code     0  startup_at32f415.o(.text)
    CAN1_RX0_IRQHandler                      0x080002d3   Thumb Code     0  startup_at32f415.o(.text)
    CAN1_RX1_IRQHandler                      0x080002d3   Thumb Code     0  startup_at32f415.o(.text)
    CAN1_SE_IRQHandler                       0x080002d3   Thumb Code     0  startup_at32f415.o(.text)
    CAN1_TX_IRQHandler                       0x080002d3   Thumb Code     0  startup_at32f415.o(.text)
    CMP1_IRQHandler                          0x080002d3   Thumb Code     0  startup_at32f415.o(.text)
    CMP2_IRQHandler                          0x080002d3   Thumb Code     0  startup_at32f415.o(.text)
    CRM_IRQHandler                           0x080002d3   Thumb Code     0  startup_at32f415.o(.text)
    DMA1_Channel1_IRQHandler                 0x080002d3   Thumb Code     0  startup_at32f415.o(.text)
    DMA1_Channel2_IRQHandler                 0x080002d3   Thumb Code     0  startup_at32f415.o(.text)
    DMA1_Channel3_IRQHandler                 0x080002d3   Thumb Code     0  startup_at32f415.o(.text)
    DMA1_Channel4_IRQHandler                 0x080002d3   Thumb Code     0  startup_at32f415.o(.text)
    DMA1_Channel5_IRQHandler                 0x080002d3   Thumb Code     0  startup_at32f415.o(.text)
    DMA1_Channel6_IRQHandler                 0x080002d3   Thumb Code     0  startup_at32f415.o(.text)
    DMA1_Channel7_IRQHandler                 0x080002d3   Thumb Code     0  startup_at32f415.o(.text)
    DMA2_Channel1_IRQHandler                 0x080002d3   Thumb Code     0  startup_at32f415.o(.text)
    DMA2_Channel2_IRQHandler                 0x080002d3   Thumb Code     0  startup_at32f415.o(.text)
    DMA2_Channel3_IRQHandler                 0x080002d3   Thumb Code     0  startup_at32f415.o(.text)
    DMA2_Channel4_5_IRQHandler               0x080002d3   Thumb Code     0  startup_at32f415.o(.text)
    DMA2_Channel6_7_IRQHandler               0x080002d3   Thumb Code     0  startup_at32f415.o(.text)
    ERTCAlarm_IRQHandler                     0x080002d3   Thumb Code     0  startup_at32f415.o(.text)
    ERTC_WKUP_IRQHandler                     0x080002d3   Thumb Code     0  startup_at32f415.o(.text)
    EXINT0_IRQHandler                        0x080002d3   Thumb Code     0  startup_at32f415.o(.text)
    EXINT15_10_IRQHandler                    0x080002d3   Thumb Code     0  startup_at32f415.o(.text)
    EXINT1_IRQHandler                        0x080002d3   Thumb Code     0  startup_at32f415.o(.text)
    EXINT2_IRQHandler                        0x080002d3   Thumb Code     0  startup_at32f415.o(.text)
    EXINT3_IRQHandler                        0x080002d3   Thumb Code     0  startup_at32f415.o(.text)
    EXINT4_IRQHandler                        0x080002d3   Thumb Code     0  startup_at32f415.o(.text)
    EXINT9_5_IRQHandler                      0x080002d3   Thumb Code     0  startup_at32f415.o(.text)
    FLASH_IRQHandler                         0x080002d3   Thumb Code     0  startup_at32f415.o(.text)
    I2C1_ERR_IRQHandler                      0x080002d3   Thumb Code     0  startup_at32f415.o(.text)
    I2C1_EVT_IRQHandler                      0x080002d3   Thumb Code     0  startup_at32f415.o(.text)
    I2C2_ERR_IRQHandler                      0x080002d3   Thumb Code     0  startup_at32f415.o(.text)
    I2C2_EVT_IRQHandler                      0x080002d3   Thumb Code     0  startup_at32f415.o(.text)
    OTGFS1_IRQHandler                        0x080002d3   Thumb Code     0  startup_at32f415.o(.text)
    OTGFS1_WKUP_IRQHandler                   0x080002d3   Thumb Code     0  startup_at32f415.o(.text)
    PVM_IRQHandler                           0x080002d3   Thumb Code     0  startup_at32f415.o(.text)
    SDIO1_IRQHandler                         0x080002d3   Thumb Code     0  startup_at32f415.o(.text)
    SPI1_IRQHandler                          0x080002d3   Thumb Code     0  startup_at32f415.o(.text)
    SPI2_IRQHandler                          0x080002d3   Thumb Code     0  startup_at32f415.o(.text)
    TAMP_STAMP_IRQHandler                    0x080002d3   Thumb Code     0  startup_at32f415.o(.text)
    TMR1_BRK_TMR9_IRQHandler                 0x080002d3   Thumb Code     0  startup_at32f415.o(.text)
    TMR1_CH_IRQHandler                       0x080002d3   Thumb Code     0  startup_at32f415.o(.text)
    TMR1_TRG_HALL_TMR11_IRQHandler           0x080002d3   Thumb Code     0  startup_at32f415.o(.text)
    TMR2_GLOBAL_IRQHandler                   0x080002d3   Thumb Code     0  startup_at32f415.o(.text)
    TMR3_GLOBAL_IRQHandler                   0x080002d3   Thumb Code     0  startup_at32f415.o(.text)
    TMR4_GLOBAL_IRQHandler                   0x080002d3   Thumb Code     0  startup_at32f415.o(.text)
    TMR5_GLOBAL_IRQHandler                   0x080002d3   Thumb Code     0  startup_at32f415.o(.text)
    UART4_IRQHandler                         0x080002d3   Thumb Code     0  startup_at32f415.o(.text)
    UART5_IRQHandler                         0x080002d3   Thumb Code     0  startup_at32f415.o(.text)
    USART1_IRQHandler                        0x080002d3   Thumb Code     0  startup_at32f415.o(.text)
    USART2_IRQHandler                        0x080002d3   Thumb Code     0  startup_at32f415.o(.text)
    USART3_IRQHandler                        0x080002d3   Thumb Code     0  startup_at32f415.o(.text)
    WWDT_IRQHandler                          0x080002d3   Thumb Code     0  startup_at32f415.o(.text)
    __user_initial_stackheap                 0x080002d5   Thumb Code     0  startup_at32f415.o(.text)
    HardFault_Handler                        0x080002f9   Thumb Code    12  cmb_fault_keil.o(.text)
    __use_no_semihosting                     0x08000305   Thumb Code     2  use_no_semi_2.o(.text)
    __aeabi_uldivmod                         0x08000307   Thumb Code     0  lludivv7m.o(.text)
    _ll_udiv                                 0x08000307   Thumb Code   240  lludivv7m.o(.text)
    printf                                   0x080003f9   Thumb Code    20  printf.o(.text)
    sprintf                                  0x08000411   Thumb Code    38  sprintf.o(.text)
    memcmp                                   0x0800043d   Thumb Code    88  memcmp.o(.text)
    __aeabi_memclr                           0x08000495   Thumb Code     0  rt_memclr.o(.text)
    __rt_memclr                              0x08000495   Thumb Code     0  rt_memclr.o(.text)
    _memset                                  0x08000499   Thumb Code    64  rt_memclr.o(.text)
    __aeabi_memclr4                          0x080004d9   Thumb Code     0  rt_memclr_w.o(.text)
    __aeabi_memclr8                          0x080004d9   Thumb Code     0  rt_memclr_w.o(.text)
    __rt_memclr_w                            0x080004d9   Thumb Code     0  rt_memclr_w.o(.text)
    _memset_w                                0x080004dd   Thumb Code    74  rt_memclr_w.o(.text)
    strncpy                                  0x08000527   Thumb Code    86  strncpy.o(.text)
    strcmp                                   0x08000581   Thumb Code   124  strcmpv7em.o(.text)
    __use_two_region_memory                  0x080005fd   Thumb Code     2  heapauxi.o(.text)
    __rt_heap_escrow$2region                 0x080005ff   Thumb Code     2  heapauxi.o(.text)
    __rt_heap_expand$2region                 0x08000601   Thumb Code     2  heapauxi.o(.text)
    __I$use$semihosting                      0x08000603   Thumb Code     0  use_no_semi.o(.text)
    __use_no_semihosting_swi                 0x08000603   Thumb Code     2  use_no_semi.o(.text)
    _printf_pre_padding                      0x08000605   Thumb Code    44  _printf_pad.o(.text)
    _printf_post_padding                     0x08000631   Thumb Code    34  _printf_pad.o(.text)
    _printf_truncate_signed                  0x08000653   Thumb Code    18  _printf_truncate.o(.text)
    _printf_truncate_unsigned                0x08000665   Thumb Code    18  _printf_truncate.o(.text)
    _printf_str                              0x08000677   Thumb Code    82  _printf_str.o(.text)
    _printf_int_dec                          0x080006c9   Thumb Code   104  _printf_dec.o(.text)
    _printf_charcount                        0x08000741   Thumb Code    40  _printf_charcount.o(.text)
    _printf_char_common                      0x08000773   Thumb Code    32  _printf_char_common.o(.text)
    _sputc                                   0x08000799   Thumb Code    10  _sputc.o(.text)
    _printf_char_file                        0x080007a5   Thumb Code    32  _printf_char_file.o(.text)
    _printf_wctomb                           0x080007c9   Thumb Code   182  _printf_wctomb.o(.text)
    _printf_longlong_dec                     0x08000885   Thumb Code   108  _printf_longlong_dec.o(.text)
    _printf_longlong_oct                     0x08000901   Thumb Code    68  _printf_oct_int_ll.o(.text)
    _printf_int_oct                          0x08000945   Thumb Code    24  _printf_oct_int_ll.o(.text)
    _printf_ll_oct                           0x0800095d   Thumb Code    12  _printf_oct_int_ll.o(.text)
    _printf_longlong_hex                     0x08000971   Thumb Code    86  _printf_hex_int_ll_ptr.o(.text)
    _printf_int_hex                          0x080009c7   Thumb Code    28  _printf_hex_int_ll_ptr.o(.text)
    _printf_ll_hex                           0x080009e3   Thumb Code    12  _printf_hex_int_ll_ptr.o(.text)
    _printf_hex_ptr                          0x080009ef   Thumb Code    18  _printf_hex_int_ll_ptr.o(.text)
    __printf                                 0x08000a05   Thumb Code   388  __printf_flags_ss_wp.o(.text)
    _ll_udiv10                               0x08000b8d   Thumb Code   138  lludiv10.o(.text)
    _printf_int_common                       0x08000c17   Thumb Code   178  _printf_intcommon.o(.text)
    _printf_fp_dec_real                      0x08000e79   Thumb Code   620  _printf_fp_dec.o(.text)
    _printf_fp_hex_real                      0x080010e5   Thumb Code   756  _printf_fp_hex.o(.text)
    _printf_cs_common                        0x080013e1   Thumb Code    20  _printf_char.o(.text)
    _printf_char                             0x080013f5   Thumb Code    16  _printf_char.o(.text)
    _printf_string                           0x08001405   Thumb Code     8  _printf_char.o(.text)
    _printf_lcs_common                       0x0800140d   Thumb Code    20  _printf_wchar.o(.text)
    _printf_wchar                            0x08001421   Thumb Code    16  _printf_wchar.o(.text)
    _printf_wstring                          0x08001431   Thumb Code     8  _printf_wchar.o(.text)
    ferror                                   0x08001439   Thumb Code     8  ferror.o(.text)
    _c16rtomb                                0x08001441   Thumb Code    72  _c16rtomb.o(.text)
    _wcrtomb                                 0x08001441   Thumb Code     0  _c16rtomb.o(.text)
    __user_setup_stackheap                   0x08001489   Thumb Code    74  sys_stackheap_outer.o(.text)
    __rt_ctype_table                         0x080014d5   Thumb Code    16  rt_ctype_table.o(.text)
    __rt_locale                              0x080014e5   Thumb Code     8  rt_locale_intlibspace.o(.text)
    _printf_fp_infnan                        0x080014ed   Thumb Code   112  _printf_fp_infnan.o(.text)
    _btod_etento                             0x0800156d   Thumb Code   224  bigflt0.o(.text)
    exit                                     0x08001651   Thumb Code    18  exit.o(.text)
    __user_libspace                          0x08001665   Thumb Code     8  libspace.o(.text)
    __user_perproc_libspace                  0x08001665   Thumb Code     0  libspace.o(.text)
    __user_perthread_libspace                0x08001665   Thumb Code     0  libspace.o(.text)
    DelayInit                                0x0800166d   Thumb Code    90  drv_timer.o(.text.$Sub$$DelayInit)
    TMR1_OVF_TMR10_IRQHandler                0x080016c9   Thumb Code    42  drv_timer.o(.text.$Sub$$TMR1_OVF_TMR10_IRQHandler)
    BusFault_Handler                         0x080016f5   Thumb Code     4  at32f415_int.o(.text.BusFault_Handler)
    DbgUartInit                              0x08001749   Thumb Code   126  drv_hwuart.o(.text.DbgUartInit)
    DebugMon_Handler                         0x080017c9   Thumb Code     2  at32f415_int.o(.text.DebugMon_Handler)
    DelayBlock                               0x080017cd   Thumb Code    48  delay.o(.text.DelayBlock)
    $Super$$DelayInit                        0x0800186d   Thumb Code     2  delay.o(.text.DelayInit)
    DelayNonBlock                            0x08001871   Thumb Code    52  delay.o(.text.DelayNonBlock)
    GetTick100ns                             0x080018a5   Thumb Code    50  drv_timer.o(.text.GetTick100ns)
    GetTickUs                                0x080018f1   Thumb Code    22  drv_timer.o(.text.GetTickUs)
    LOG_GetTimestamp                         0x08001ce9   Thumb Code    22  logger.o(.text.LOG_GetTimestamp)
    MCP2515_GetStatus                        0x08001d01   Thumb Code    52  spi_mcp2515.o(.text.MCP2515_GetStatus)
    MCP2515_Init                             0x08001d35   Thumb Code    38  spi_mcp2515.o(.text.MCP2515_Init)
    MCP2515_ReadMessage                      0x08001d5d   Thumb Code   336  spi_mcp2515.o(.text.MCP2515_ReadMessage)
    MCP2515_Reset                            0x08001ead   Thumb Code   334  spi_mcp2515.o(.text.MCP2515_Reset)
    MCP2515_SendMessage                      0x08001ffd   Thumb Code   328  spi_mcp2515.o(.text.MCP2515_SendMessage)
    MCP2515_SetBitrate                       0x08002145   Thumb Code  1098  spi_mcp2515.o(.text.MCP2515_SetBitrate)
    MCP2515_SetFilter                        0x08002591   Thumb Code   168  spi_mcp2515.o(.text.MCP2515_SetFilter)
    MCP2515_SetFilterMask                    0x08002639   Thumb Code   132  spi_mcp2515.o(.text.MCP2515_SetFilterMask)
    MCP2515_SetMode                          0x080026bd   Thumb Code    96  spi_mcp2515.o(.text.MCP2515_SetMode)
    MCP2515_Test                             0x0800271d   Thumb Code   310  spi_mcp2515.o(.text.MCP2515_Test)
    MemManage_Handler                        0x08002855   Thumb Code     4  at32f415_int.o(.text.MemManage_Handler)
    NMI_Handler                              0x08002859   Thumb Code     2  at32f415_int.o(.text.NMI_Handler)
    PIN_ReadLevel                            0x080028c9   Thumb Code    24  pinctrl.o(.text.PIN_ReadLevel)
    PIN_SetMode                              0x08002909   Thumb Code    40  pinctrl.o(.text.PIN_SetMode)
    PIN_ToggleLevel                          0x080029e1   Thumb Code    24  pinctrl.o(.text.PIN_ToggleLevel)
    PIN_WriteLevel                           0x08002a1d   Thumb Code    32  pinctrl.o(.text.PIN_WriteLevel)
    PendSV_Handler                           0x08002a75   Thumb Code     2  at32f415_int.o(.text.PendSV_Handler)
    RC522_Anticoll                           0x08002a79   Thumb Code   208  spi_mfrc522.o(.text.RC522_Anticoll)
    RC522_AuthState                          0x08002b49   Thumb Code   134  spi_mfrc522.o(.text.RC522_AuthState)
    RC522_ComMF522                           0x08002bd1   Thumb Code   588  spi_mfrc522.o(.text.RC522_ComMF522)
    RC522_Halt                               0x08002e1d   Thumb Code    62  spi_mfrc522.o(.text.RC522_Halt)
    RC522_Init                               0x08002e5d   Thumb Code   136  spi_mfrc522.o(.text.RC522_Init)
    RC522_Read                               0x08002ee5   Thumb Code   128  spi_mfrc522.o(.text.RC522_Read)
    RC522_ReadWriteTest                      0x08002f65   Thumb Code   340  spi_mfrc522.o(.text.RC522_ReadWriteTest)
    RC522_Request                            0x080030b9   Thumb Code   134  spi_mfrc522.o(.text.RC522_Request)
    RC522_Select                             0x08003141   Thumb Code   182  spi_mfrc522.o(.text.RC522_Select)
    RC522_Test                               0x080031f9   Thumb Code   544  spi_mfrc522.o(.text.RC522_Test)
    RC522_Write                              0x08003419   Thumb Code   222  spi_mfrc522.o(.text.RC522_Write)
    SEGGER_RTT_Init                          0x080034f9   Thumb Code     8  segger_rtt.o(.text.SEGGER_RTT_Init)
    SPI_Master_Deselect                      0x08003501   Thumb Code   100  spimst.o(.text.SPI_Master_Deselect)
    SPI_Master_Init                          0x08003565   Thumb Code   204  spimst.o(.text.SPI_Master_Init)
    SPI_Master_ReceiveBlock                  0x08003631   Thumb Code    30  spimst.o(.text.SPI_Master_ReceiveBlock)
    SPI_Master_ReceiveByte                   0x08003651   Thumb Code    22  spimst.o(.text.SPI_Master_ReceiveByte)
    SPI_Master_Select                        0x08003669   Thumb Code   100  spimst.o(.text.SPI_Master_Select)
    SPI_Master_TransmitBlock                 0x080036cd   Thumb Code    30  spimst.o(.text.SPI_Master_TransmitBlock)
    SPI_Master_TransmitByte                  0x080036ed   Thumb Code    26  spimst.o(.text.SPI_Master_TransmitByte)
    ST7735_BackLight                         0x08003709   Thumb Code    12  spi_st7735.o(.text.ST7735_BackLight)
    ST7735_FillRect                          0x08003715   Thumb Code   286  spi_st7735.o(.text.ST7735_FillRect)
    ST7735_Init                              0x08003835   Thumb Code   216  spi_st7735.o(.text.ST7735_Init)
    ST7735_Test                              0x08003a05   Thumb Code   270  spi_st7735.o(.text.ST7735_Test)
    SVC_Handler                              0x08003b61   Thumb Code     2  at32f415_int.o(.text.SVC_Handler)
    SysTick_Handler                          0x08004565   Thumb Code     2  at32f415_int.o(.text.SysTick_Handler)
    SystemInit                               0x08004569   Thumb Code   208  system_at32f415.o(.text.SystemInit)
    $Super$$TMR1_OVF_TMR10_IRQHandler        0x08004639   Thumb Code    38  at32f415_int.o(.text.TMR1_OVF_TMR10_IRQHandler)
    UsageFault_Handler                       0x08004661   Thumb Code     4  at32f415_int.o(.text.UsageFault_Handler)
    _sys_exit                                0x08004b75   Thumb Code     8  drv_hwuart.o(.text._sys_exit)
    cm_backtrace_call_stack                  0x08004b7d   Thumb Code   410  cm_backtrace.o(.text.cm_backtrace_call_stack)
    cm_backtrace_fault                       0x08004d19   Thumb Code   774  cm_backtrace.o(.text.cm_backtrace_fault)
    cm_backtrace_firmware_info               0x08005021   Thumb Code    54  cm_backtrace.o(.text.cm_backtrace_firmware_info)
    cm_backtrace_init                        0x08005059   Thumb Code   192  cm_backtrace.o(.text.cm_backtrace_init)
    crm_ahb_div_set                          0x08005119   Thumb Code    38  at32f415_crm.o(.text.crm_ahb_div_set)
    crm_apb1_div_set                         0x08005141   Thumb Code    38  at32f415_crm.o(.text.crm_apb1_div_set)
    crm_apb2_div_set                         0x08005169   Thumb Code    38  at32f415_crm.o(.text.crm_apb2_div_set)
    crm_auto_step_mode_enable                0x08005191   Thumb Code    56  at32f415_crm.o(.text.crm_auto_step_mode_enable)
    crm_clock_source_enable                  0x080051c9   Thumb Code   166  at32f415_crm.o(.text.crm_clock_source_enable)
    crm_clocks_freq_get                      0x08005271   Thumb Code   622  at32f415_crm.o(.text.crm_clocks_freq_get)
    crm_flag_get                             0x080054e1   Thumb Code    62  at32f415_crm.o(.text.crm_flag_get)
    crm_hext_stable_wait                     0x08005521   Thumb Code   100  at32f415_crm.o(.text.crm_hext_stable_wait)
    crm_periph_clock_enable                  0x08005585   Thumb Code    82  at32f415_crm.o(.text.crm_periph_clock_enable)
    crm_pll_config                           0x080055d9   Thumb Code   484  at32f415_crm.o(.text.crm_pll_config)
    crm_reset                                0x080057bd   Thumb Code   154  at32f415_crm.o(.text.crm_reset)
    crm_sysclk_switch                        0x08005859   Thumb Code    70  at32f415_crm.o(.text.crm_sysclk_switch)
    crm_sysclk_switch_status_get             0x080058a1   Thumb Code    16  at32f415_crm.o(.text.crm_sysclk_switch_status_get)
    fputc                                    0x08005fc1   Thumb Code    74  drv_hwuart.o(.text.fputc)
    gpio_default_para_init                   0x0800600d   Thumb Code    38  at32f415_gpio.o(.text.gpio_default_para_init)
    gpio_init                                0x08006035   Thumb Code   320  at32f415_gpio.o(.text.gpio_init)
    hexdump                                  0x08006175   Thumb Code   852  hexdump.o(.text.hexdump)
    main                                     0x08006525   Thumb Code   226  main.o(.text.main)
    nvic_irq_enable                          0x08006609   Thumb Code    52  at32f415_misc.o(.text.nvic_irq_enable)
    nvic_priority_group_config               0x0800663d   Thumb Code    20  at32f415_misc.o(.text.nvic_priority_group_config)
    revbit16                                 0x08006725   Thumb Code    92  bitops.o(.text.revbit16)
    revbit32                                 0x08006781   Thumb Code    90  bitops.o(.text.revbit32)
    revbit8                                  0x080067dd   Thumb Code    74  bitops.o(.text.revbit8)
    spi_enable                               0x08006829   Thumb Code    34  at32f415_spi.o(.text.spi_enable)
    spi_half_duplex_direction_set            0x0800684d   Thumb Code    34  at32f415_spi.o(.text.spi_half_duplex_direction_set)
    spi_i2s_data_receive                     0x08006871   Thumb Code    14  at32f415_spi.o(.text.spi_i2s_data_receive)
    spi_i2s_data_transmit                    0x08006881   Thumb Code    20  at32f415_spi.o(.text.spi_i2s_data_transmit)
    spi_i2s_flag_get                         0x08006895   Thumb Code    48  at32f415_spi.o(.text.spi_i2s_flag_get)
    spi_init                                 0x080068c5   Thumb Code   438  at32f415_spi.o(.text.spi_init)
    system_clock_config                      0x08006ab5   Thumb Code   134  at32f415_clock.o(.text.system_clock_config)
    system_core_clock_update                 0x08006b3d   Thumb Code   562  system_at32f415.o(.text.system_core_clock_update)
    tmr_base_init                            0x08006d71   Thumb Code    34  at32f415_tmr.o(.text.tmr_base_init)
    tmr_cnt_dir_set                          0x08006d95   Thumb Code    34  at32f415_tmr.o(.text.tmr_cnt_dir_set)
    tmr_counter_enable                       0x08006db9   Thumb Code    26  at32f415_tmr.o(.text.tmr_counter_enable)
    tmr_flag_clear                           0x08006dd5   Thumb Code    18  at32f415_tmr.o(.text.tmr_flag_clear)
    tmr_interrupt_enable                     0x08006de9   Thumb Code    58  at32f415_tmr.o(.text.tmr_interrupt_enable)
    tmr_interrupt_flag_get                   0x08006e25   Thumb Code    60  at32f415_tmr.o(.text.tmr_interrupt_flag_get)
    usart_data_transmit                      0x08006e61   Thumb Code    24  at32f415_usart.o(.text.usart_data_transmit)
    usart_enable                             0x08006e79   Thumb Code    34  at32f415_usart.o(.text.usart_enable)
    usart_flag_get                           0x08006e9d   Thumb Code    42  at32f415_usart.o(.text.usart_flag_get)
    usart_init                               0x08006ec9   Thumb Code   206  at32f415_usart.o(.text.usart_init)
    usart_transmitter_enable                 0x08006f99   Thumb Code    34  at32f415_usart.o(.text.usart_transmitter_enable)
    _btod_d2e                                0x08006fbb   Thumb Code    62  btod.o(CL$$btod_d2e)
    _d2e_denorm_low                          0x08006ff9   Thumb Code    70  btod.o(CL$$btod_d2e_denorm_low)
    _d2e_norm_op1                            0x0800703f   Thumb Code    96  btod.o(CL$$btod_d2e_norm_op1)
    __btod_div_common                        0x080070a1   Thumb Code   696  btod.o(CL$$btod_div_common)
    _e2e                                     0x080073d9   Thumb Code   220  btod.o(CL$$btod_e2e)
    _btod_ediv                               0x080074b5   Thumb Code    42  btod.o(CL$$btod_ediv)
    _btod_emul                               0x080074df   Thumb Code    42  btod.o(CL$$btod_emul)
    __btod_mult_common                       0x08007509   Thumb Code   580  btod.o(CL$$btod_mult_common)
    __ARM_fpclassify                         0x0800774d   Thumb Code    40  fpclassify.o(i.__ARM_fpclassify)
    _is_digit                                0x08007775   Thumb Code    14  __printf_wp.o(i._is_digit)
    _get_lc_numeric                          0x08007785   Thumb Code    44  lc_numeric_c.o(locale$$code)
    _get_lc_ctype                            0x080077b1   Thumb Code    44  lc_ctype_c.o(locale$$code)
    _printf_fp_dec                           0x080077dd   Thumb Code     4  printf1.o(x$fpl$printf1)
    _printf_fp_hex                           0x080077e1   Thumb Code     4  printf2.o(x$fpl$printf2)
    __I$use$fp                               0x080077e4   Number         0  usenofp.o(x$fpl$usenofp)
    g_hwPinOps                               0x08007a90   Data          16  drv_pinctrl.o(.rodata.g_hwPinOps)
    g_hwSpiOps                               0x08007aa0   Data          16  drv_hwspimst.o(.rodata.g_hwSpiOps)
    g_swSpiOps                               0x08007ab0   Data          16  swspimst.o(.rodata.g_swSpiOps)
    Region$$Table$$Base                      0x0800866c   Number         0  anon$$obj.o(Region$$Table)
    Region$$Table$$Limit                     0x0800868c   Number         0  anon$$obj.o(Region$$Table)
    __ctype                                  0x080086b5   Data           0  lc_ctype_c.o(locale$$data)
    Image$$ER_IROM1$$Limit                   0x080087b8   Number         0  anon$$obj.o ABSOLUTE
    defaultKeyA                              0x20000011   Data          16  spi_mfrc522.o(.data.defaultKeyA)
    system_core_clock                        0x20000024   Data           4  system_at32f415.o(.data.system_core_clock)
    __libspace_start                         0x20000028   Data          96  libspace.o(.bss)
    __temporary_stack_top$libspace           0x20000088   Data           0  libspace.o(.bss)
    _SEGGER_RTT                              0x2000008c   Data         168  segger_rtt.o(.bss._SEGGER_RTT)
    __stdout                                 0x20000134   Data          84  drv_hwuart.o(.bss.__stdout)
    flag_loop                                0x200006c0   Data           1  spi_mfrc522.o(.bss.flag_loop)
    g_ucTempbuf                              0x200006e2   Data          20  spi_mfrc522.o(.bss.g_ucTempbuf)
    STACK$$Base                              0x20000f90   Number         0  startup_at32f415.o(STACK)
    STACK$$Limit                             0x20001790   Number         0  startup_at32f415.o(STACK)



==============================================================================

Memory Map of the image

  Image Entry point : 0x08000171

  Load Region LR_IROM1 (Base: 0x08000000, Size: 0x000087e0, Max: 0x00020000, ABSOLUTE)

    Execution Region ER_IROM1 (Exec base: 0x08000000, Load base: 0x08000000, Size: 0x000087b8, Max: 0x00020000, ABSOLUTE)

    Exec Addr    Load Addr    Size         Type   Attr      Idx    E Section Name        Object

    0x08000000   0x08000000   0x00000170   Data   RO         1211    RESET               startup_at32f415.o
    0x08000170   0x08000170   0x00000008   Code   RO         1957  * !!!main             c_w.l(__main.o)
    0x08000178   0x08000178   0x00000034   Code   RO         2300    !!!scatter          c_w.l(__scatter.o)
    0x080001ac   0x080001ac   0x0000001a   Code   RO         2302    !!handler_copy      c_w.l(__scatter_copy.o)
    0x080001c6   0x080001c6   0x00000002   PAD
    0x080001c8   0x080001c8   0x0000001c   Code   RO         2304    !!handler_zi        c_w.l(__scatter_zi.o)
    0x080001e4   0x080001e4   0x00000000   Code   RO         2049    .ARM.Collect$$_printf_percent$$00000000  c_w.l(_printf_percent.o)
    0x080001e4   0x080001e4   0x00000006   Code   RO         2038    .ARM.Collect$$_printf_percent$$00000001  c_w.l(_printf_n.o)
    0x080001ea   0x080001ea   0x00000006   Code   RO         2040    .ARM.Collect$$_printf_percent$$00000002  c_w.l(_printf_p.o)
    0x080001f0   0x080001f0   0x00000006   Code   RO         2045    .ARM.Collect$$_printf_percent$$00000003  c_w.l(_printf_f.o)
    0x080001f6   0x080001f6   0x00000006   Code   RO         2046    .ARM.Collect$$_printf_percent$$00000004  c_w.l(_printf_e.o)
    0x080001fc   0x080001fc   0x00000006   Code   RO         2047    .ARM.Collect$$_printf_percent$$00000005  c_w.l(_printf_g.o)
    0x08000202   0x08000202   0x00000006   Code   RO         2048    .ARM.Collect$$_printf_percent$$00000006  c_w.l(_printf_a.o)
    0x08000208   0x08000208   0x0000000a   Code   RO         2053    .ARM.Collect$$_printf_percent$$00000007  c_w.l(_printf_ll.o)
    0x08000212   0x08000212   0x00000006   Code   RO         2042    .ARM.Collect$$_printf_percent$$00000008  c_w.l(_printf_i.o)
    0x08000218   0x08000218   0x00000006   Code   RO         2043    .ARM.Collect$$_printf_percent$$00000009  c_w.l(_printf_d.o)
    0x0800021e   0x0800021e   0x00000006   Code   RO         2044    .ARM.Collect$$_printf_percent$$0000000A  c_w.l(_printf_u.o)
    0x08000224   0x08000224   0x00000006   Code   RO         2041    .ARM.Collect$$_printf_percent$$0000000B  c_w.l(_printf_o.o)
    0x0800022a   0x0800022a   0x00000006   Code   RO         2039    .ARM.Collect$$_printf_percent$$0000000C  c_w.l(_printf_x.o)
    0x08000230   0x08000230   0x00000006   Code   RO         2050    .ARM.Collect$$_printf_percent$$0000000D  c_w.l(_printf_lli.o)
    0x08000236   0x08000236   0x00000006   Code   RO         2051    .ARM.Collect$$_printf_percent$$0000000E  c_w.l(_printf_lld.o)
    0x0800023c   0x0800023c   0x00000006   Code   RO         2052    .ARM.Collect$$_printf_percent$$0000000F  c_w.l(_printf_llu.o)
    0x08000242   0x08000242   0x00000006   Code   RO         2057    .ARM.Collect$$_printf_percent$$00000010  c_w.l(_printf_llo.o)
    0x08000248   0x08000248   0x00000006   Code   RO         2058    .ARM.Collect$$_printf_percent$$00000011  c_w.l(_printf_llx.o)
    0x0800024e   0x0800024e   0x0000000a   Code   RO         2054    .ARM.Collect$$_printf_percent$$00000012  c_w.l(_printf_l.o)
    0x08000258   0x08000258   0x00000006   Code   RO         2036    .ARM.Collect$$_printf_percent$$00000013  c_w.l(_printf_c.o)
    0x0800025e   0x0800025e   0x00000006   Code   RO         2037    .ARM.Collect$$_printf_percent$$00000014  c_w.l(_printf_s.o)
    0x08000264   0x08000264   0x00000006   Code   RO         2055    .ARM.Collect$$_printf_percent$$00000015  c_w.l(_printf_lc.o)
    0x0800026a   0x0800026a   0x00000006   Code   RO         2056    .ARM.Collect$$_printf_percent$$00000016  c_w.l(_printf_ls.o)
    0x08000270   0x08000270   0x00000004   Code   RO         2103    .ARM.Collect$$_printf_percent$$00000017  c_w.l(_printf_percent_end.o)
    0x08000274   0x08000274   0x00000002   Code   RO         2162    .ARM.Collect$$libinit$$00000000  c_w.l(libinit.o)
    0x08000276   0x08000276   0x00000000   Code   RO         2185    .ARM.Collect$$libinit$$00000002  c_w.l(libinit2.o)
    0x08000276   0x08000276   0x00000000   Code   RO         2187    .ARM.Collect$$libinit$$00000004  c_w.l(libinit2.o)
    0x08000276   0x08000276   0x00000000   Code   RO         2190    .ARM.Collect$$libinit$$0000000A  c_w.l(libinit2.o)
    0x08000276   0x08000276   0x00000000   Code   RO         2192    .ARM.Collect$$libinit$$0000000C  c_w.l(libinit2.o)
    0x08000276   0x08000276   0x00000000   Code   RO         2194    .ARM.Collect$$libinit$$0000000E  c_w.l(libinit2.o)
    0x08000276   0x08000276   0x00000006   Code   RO         2195    .ARM.Collect$$libinit$$0000000F  c_w.l(libinit2.o)
    0x0800027c   0x0800027c   0x00000000   Code   RO         2197    .ARM.Collect$$libinit$$00000011  c_w.l(libinit2.o)
    0x0800027c   0x0800027c   0x0000000c   Code   RO         2198    .ARM.Collect$$libinit$$00000012  c_w.l(libinit2.o)
    0x08000288   0x08000288   0x00000000   Code   RO         2199    .ARM.Collect$$libinit$$00000013  c_w.l(libinit2.o)
    0x08000288   0x08000288   0x00000000   Code   RO         2201    .ARM.Collect$$libinit$$00000015  c_w.l(libinit2.o)
    0x08000288   0x08000288   0x0000000a   Code   RO         2202    .ARM.Collect$$libinit$$00000016  c_w.l(libinit2.o)
    0x08000292   0x08000292   0x00000000   Code   RO         2203    .ARM.Collect$$libinit$$00000017  c_w.l(libinit2.o)
    0x08000292   0x08000292   0x00000000   Code   RO         2205    .ARM.Collect$$libinit$$00000019  c_w.l(libinit2.o)
    0x08000292   0x08000292   0x00000000   Code   RO         2207    .ARM.Collect$$libinit$$0000001B  c_w.l(libinit2.o)
    0x08000292   0x08000292   0x00000000   Code   RO         2209    .ARM.Collect$$libinit$$0000001D  c_w.l(libinit2.o)
    0x08000292   0x08000292   0x00000000   Code   RO         2211    .ARM.Collect$$libinit$$0000001F  c_w.l(libinit2.o)
    0x08000292   0x08000292   0x00000000   Code   RO         2213    .ARM.Collect$$libinit$$00000021  c_w.l(libinit2.o)
    0x08000292   0x08000292   0x00000000   Code   RO         2215    .ARM.Collect$$libinit$$00000023  c_w.l(libinit2.o)
    0x08000292   0x08000292   0x00000000   Code   RO         2217    .ARM.Collect$$libinit$$00000025  c_w.l(libinit2.o)
    0x08000292   0x08000292   0x00000000   Code   RO         2221    .ARM.Collect$$libinit$$0000002C  c_w.l(libinit2.o)
    0x08000292   0x08000292   0x00000000   Code   RO         2223    .ARM.Collect$$libinit$$0000002E  c_w.l(libinit2.o)
    0x08000292   0x08000292   0x00000000   Code   RO         2225    .ARM.Collect$$libinit$$00000030  c_w.l(libinit2.o)
    0x08000292   0x08000292   0x00000000   Code   RO         2227    .ARM.Collect$$libinit$$00000032  c_w.l(libinit2.o)
    0x08000292   0x08000292   0x00000002   Code   RO         2228    .ARM.Collect$$libinit$$00000033  c_w.l(libinit2.o)
    0x08000294   0x08000294   0x00000002   Code   RO         2254    .ARM.Collect$$libshutdown$$00000000  c_w.l(libshutdown.o)
    0x08000296   0x08000296   0x00000000   Code   RO         2282    .ARM.Collect$$libshutdown$$00000002  c_w.l(libshutdown2.o)
    0x08000296   0x08000296   0x00000000   Code   RO         2284    .ARM.Collect$$libshutdown$$00000004  c_w.l(libshutdown2.o)
    0x08000296   0x08000296   0x00000000   Code   RO         2287    .ARM.Collect$$libshutdown$$00000007  c_w.l(libshutdown2.o)
    0x08000296   0x08000296   0x00000000   Code   RO         2290    .ARM.Collect$$libshutdown$$0000000A  c_w.l(libshutdown2.o)
    0x08000296   0x08000296   0x00000000   Code   RO         2292    .ARM.Collect$$libshutdown$$0000000C  c_w.l(libshutdown2.o)
    0x08000296   0x08000296   0x00000000   Code   RO         2295    .ARM.Collect$$libshutdown$$0000000F  c_w.l(libshutdown2.o)
    0x08000296   0x08000296   0x00000002   Code   RO         2296    .ARM.Collect$$libshutdown$$00000010  c_w.l(libshutdown2.o)
    0x08000298   0x08000298   0x00000000   Code   RO         1961    .ARM.Collect$$rtentry$$00000000  c_w.l(__rtentry.o)
    0x08000298   0x08000298   0x00000000   Code   RO         2070    .ARM.Collect$$rtentry$$00000002  c_w.l(__rtentry2.o)
    0x08000298   0x08000298   0x00000006   Code   RO         2082    .ARM.Collect$$rtentry$$00000004  c_w.l(__rtentry4.o)
    0x0800029e   0x0800029e   0x00000000   Code   RO         2072    .ARM.Collect$$rtentry$$00000009  c_w.l(__rtentry2.o)
    0x0800029e   0x0800029e   0x00000004   Code   RO         2073    .ARM.Collect$$rtentry$$0000000A  c_w.l(__rtentry2.o)
    0x080002a2   0x080002a2   0x00000000   Code   RO         2075    .ARM.Collect$$rtentry$$0000000C  c_w.l(__rtentry2.o)
    0x080002a2   0x080002a2   0x00000008   Code   RO         2076    .ARM.Collect$$rtentry$$0000000D  c_w.l(__rtentry2.o)
    0x080002aa   0x080002aa   0x00000002   Code   RO         2171    .ARM.Collect$$rtexit$$00000000  c_w.l(rtexit.o)
    0x080002ac   0x080002ac   0x00000000   Code   RO         2230    .ARM.Collect$$rtexit$$00000002  c_w.l(rtexit2.o)
    0x080002ac   0x080002ac   0x00000004   Code   RO         2231    .ARM.Collect$$rtexit$$00000003  c_w.l(rtexit2.o)
    0x080002b0   0x080002b0   0x00000006   Code   RO         2232    .ARM.Collect$$rtexit$$00000004  c_w.l(rtexit2.o)
    0x080002b6   0x080002b6   0x00000002   PAD
    0x080002b8   0x080002b8   0x00000040   Code   RO         1212    .text               startup_at32f415.o
    0x080002f8   0x080002f8   0x0000000c   Code   RO         1927    .text               cmb_fault_keil.o
    0x08000304   0x08000304   0x00000002   Code   RO         1933    .text               c_w.l(use_no_semi_2.o)
    0x08000306   0x08000306   0x000000f0   Code   RO         1935    .text               c_w.l(lludivv7m.o)
    0x080003f6   0x080003f6   0x00000002   PAD
    0x080003f8   0x080003f8   0x00000018   Code   RO         1937    .text               c_w.l(printf.o)
    0x08000410   0x08000410   0x0000002c   Code   RO         1939    .text               c_w.l(sprintf.o)
    0x0800043c   0x0800043c   0x00000058   Code   RO         1941    .text               c_w.l(memcmp.o)
    0x08000494   0x08000494   0x00000044   Code   RO         1947    .text               c_w.l(rt_memclr.o)
    0x080004d8   0x080004d8   0x0000004e   Code   RO         1949    .text               c_w.l(rt_memclr_w.o)
    0x08000526   0x08000526   0x00000056   Code   RO         1951    .text               c_w.l(strncpy.o)
    0x0800057c   0x0800057c   0x00000004   PAD
    0x08000580   0x08000580   0x0000007c   Code   RO         1953    .text               c_w.l(strcmpv7em.o)
    0x080005fc   0x080005fc   0x00000006   Code   RO         1955    .text               c_w.l(heapauxi.o)
    0x08000602   0x08000602   0x00000002   Code   RO         1959    .text               c_w.l(use_no_semi.o)
    0x08000604   0x08000604   0x0000004e   Code   RO         1968    .text               c_w.l(_printf_pad.o)
    0x08000652   0x08000652   0x00000024   Code   RO         1970    .text               c_w.l(_printf_truncate.o)
    0x08000676   0x08000676   0x00000052   Code   RO         1972    .text               c_w.l(_printf_str.o)
    0x080006c8   0x080006c8   0x00000078   Code   RO         1974    .text               c_w.l(_printf_dec.o)
    0x08000740   0x08000740   0x00000028   Code   RO         1976    .text               c_w.l(_printf_charcount.o)
    0x08000768   0x08000768   0x00000030   Code   RO         1978    .text               c_w.l(_printf_char_common.o)
    0x08000798   0x08000798   0x0000000a   Code   RO         1980    .text               c_w.l(_sputc.o)
    0x080007a2   0x080007a2   0x00000002   PAD
    0x080007a4   0x080007a4   0x00000024   Code   RO         1982    .text               c_w.l(_printf_char_file.o)
    0x080007c8   0x080007c8   0x000000bc   Code   RO         1984    .text               c_w.l(_printf_wctomb.o)
    0x08000884   0x08000884   0x0000007c   Code   RO         1987    .text               c_w.l(_printf_longlong_dec.o)
    0x08000900   0x08000900   0x00000070   Code   RO         1993    .text               c_w.l(_printf_oct_int_ll.o)
    0x08000970   0x08000970   0x00000094   Code   RO         2013    .text               c_w.l(_printf_hex_int_ll_ptr.o)
    0x08000a04   0x08000a04   0x00000188   Code   RO         2033    .text               c_w.l(__printf_flags_ss_wp.o)
    0x08000b8c   0x08000b8c   0x0000008a   Code   RO         2086    .text               c_w.l(lludiv10.o)
    0x08000c16   0x08000c16   0x000000b2   Code   RO         2088    .text               c_w.l(_printf_intcommon.o)
    0x08000cc8   0x08000cc8   0x0000041c   Code   RO         2090    .text               c_w.l(_printf_fp_dec.o)
    0x080010e4   0x080010e4   0x000002fc   Code   RO         2094    .text               c_w.l(_printf_fp_hex.o)
    0x080013e0   0x080013e0   0x0000002c   Code   RO         2099    .text               c_w.l(_printf_char.o)
    0x0800140c   0x0800140c   0x0000002c   Code   RO         2101    .text               c_w.l(_printf_wchar.o)
    0x08001438   0x08001438   0x00000008   Code   RO         2104    .text               c_w.l(ferror.o)
    0x08001440   0x08001440   0x00000048   Code   RO         2108    .text               c_w.l(_c16rtomb.o)
    0x08001488   0x08001488   0x0000004a   Code   RO         2110    .text               c_w.l(sys_stackheap_outer.o)
    0x080014d2   0x080014d2   0x00000002   PAD
    0x080014d4   0x080014d4   0x00000010   Code   RO         2112    .text               c_w.l(rt_ctype_table.o)
    0x080014e4   0x080014e4   0x00000008   Code   RO         2117    .text               c_w.l(rt_locale_intlibspace.o)
    0x080014ec   0x080014ec   0x00000080   Code   RO         2119    .text               c_w.l(_printf_fp_infnan.o)
    0x0800156c   0x0800156c   0x000000e4   Code   RO         2121    .text               c_w.l(bigflt0.o)
    0x08001650   0x08001650   0x00000012   Code   RO         2151    .text               c_w.l(exit.o)
    0x08001662   0x08001662   0x00000002   PAD
    0x08001664   0x08001664   0x00000008   Code   RO         2168    .text               c_w.l(libspace.o)
    0x0800166c   0x0800166c   0x0000005a   Code   RO         1544    .text.$Sub$$DelayInit  drv_timer.o
    0x080016c6   0x080016c6   0x00000002   PAD
    0x080016c8   0x080016c8   0x0000002a   Code   RO         1550    .text.$Sub$$TMR1_OVF_TMR10_IRQHandler  drv_timer.o
    0x080016f2   0x080016f2   0x00000002   PAD
    0x080016f4   0x080016f4   0x00000004   Code   RO           16    .text.BusFault_Handler  at32f415_int.o
    0x080016f8   0x080016f8   0x00000050   Code   RO         1748    .text.CompareID     spi_mfrc522.o
    0x08001748   0x08001748   0x0000007e   Code   RO         1512    .text.DbgUartInit   drv_hwuart.o
    0x080017c6   0x080017c6   0x00000002   PAD
    0x080017c8   0x080017c8   0x00000002   Code   RO           22    .text.DebugMon_Handler  at32f415_int.o
    0x080017ca   0x080017ca   0x00000002   PAD
    0x080017cc   0x080017cc   0x00000030   Code   RO         1221    .text.DelayBlock    delay.o
    0x080017fc   0x080017fc   0x00000016   Code   RO           39    .text.DelayBlockMs  main.o
    0x08001812   0x08001812   0x00000002   PAD
    0x08001814   0x08001814   0x00000016   Code   RO         1590    .text.DelayBlockMs  spi_st7735.o
    0x0800182a   0x0800182a   0x00000002   PAD
    0x0800182c   0x0800182c   0x00000016   Code   RO         1629    .text.DelayBlockMs  spi_mcp2515.o
    0x08001842   0x08001842   0x00000002   PAD
    0x08001844   0x08001844   0x00000016   Code   RO         1704    .text.DelayBlockMs  spi_mfrc522.o
    0x0800185a   0x0800185a   0x00000002   PAD
    0x0800185c   0x0800185c   0x00000010   Code   RO         1381    .text.DelayBlockUs  swspimst.o
    0x0800186c   0x0800186c   0x00000002   Code   RO         1219    .text.DelayInit     delay.o
    0x0800186e   0x0800186e   0x00000002   PAD
    0x08001870   0x08001870   0x00000034   Code   RO         1223    .text.DelayNonBlock  delay.o
    0x080018a4   0x080018a4   0x00000032   Code   RO         1546    .text.GetTick100ns  drv_timer.o
    0x080018d6   0x080018d6   0x00000002   PAD
    0x080018d8   0x080018d8   0x00000016   Code   RO         1645    .text.GetTickMs     spi_mcp2515.o
    0x080018ee   0x080018ee   0x00000002   PAD
    0x080018f0   0x080018f0   0x00000016   Code   RO         1548    .text.GetTickUs     drv_timer.o
    0x08001906   0x08001906   0x00000002   PAD
    0x08001908   0x08001908   0x00000254   Code   RO         1495    .text.HWSPI_Master_Init  drv_hwspimst.o
    0x08001b5c   0x08001b5c   0x0000005c   Code   RO         1499    .text.HWSPI_Master_ReceiveBlock  drv_hwspimst.o
    0x08001bb8   0x08001bb8   0x0000005c   Code   RO         1497    .text.HWSPI_Master_TransmitBlock  drv_hwspimst.o
    0x08001c14   0x08001c14   0x000000d4   Code   RO         1501    .text.HWSPI_Master_TransmitReceiveBlock  drv_hwspimst.o
    0x08001ce8   0x08001ce8   0x00000016   Code   RO         1423    .text.LOG_GetTimestamp  logger.o
    0x08001cfe   0x08001cfe   0x00000002   PAD
    0x08001d00   0x08001d00   0x00000034   Code   RO         1641    .text.MCP2515_GetStatus  spi_mcp2515.o
    0x08001d34   0x08001d34   0x00000026   Code   RO         1623    .text.MCP2515_Init  spi_mcp2515.o
    0x08001d5a   0x08001d5a   0x00000002   PAD
    0x08001d5c   0x08001d5c   0x00000150   Code   RO         1655    .text.MCP2515_ReadMessage  spi_mcp2515.o
    0x08001eac   0x08001eac   0x0000014e   Code   RO         1625    .text.MCP2515_Reset  spi_mcp2515.o
    0x08001ffa   0x08001ffa   0x00000002   PAD
    0x08001ffc   0x08001ffc   0x00000148   Code   RO         1653    .text.MCP2515_SendMessage  spi_mcp2515.o
    0x08002144   0x08002144   0x0000044a   Code   RO         1627    .text.MCP2515_SetBitrate  spi_mcp2515.o
    0x0800258e   0x0800258e   0x00000002   PAD
    0x08002590   0x08002590   0x000000a8   Code   RO         1637    .text.MCP2515_SetFilter  spi_mcp2515.o
    0x08002638   0x08002638   0x00000084   Code   RO         1639    .text.MCP2515_SetFilterMask  spi_mcp2515.o
    0x080026bc   0x080026bc   0x00000060   Code   RO         1643    .text.MCP2515_SetMode  spi_mcp2515.o
    0x0800271c   0x0800271c   0x00000136   Code   RO         1685    .text.MCP2515_Test  spi_mcp2515.o
    0x08002852   0x08002852   0x00000002   PAD
    0x08002854   0x08002854   0x00000004   Code   RO           14    .text.MemManage_Handler  at32f415_int.o
    0x08002858   0x08002858   0x00000002   Code   RO           10    .text.NMI_Handler   at32f415_int.o
    0x0800285a   0x0800285a   0x00000002   PAD
    0x0800285c   0x0800285c   0x0000006c   Code   RO          694    .text.NVIC_EncodePriority  at32f415_misc.o
    0x080028c8   0x080028c8   0x00000018   Code   RO         1234    .text.PIN_ReadLevel  pinctrl.o
    0x080028e0   0x080028e0   0x00000026   Code   RO         1530    .text.PIN_ReadLevel  drv_pinctrl.o
    0x08002906   0x08002906   0x00000002   PAD
    0x08002908   0x08002908   0x00000028   Code   RO         1232    .text.PIN_SetMode   pinctrl.o
    0x08002930   0x08002930   0x000000b0   Code   RO         1528    .text.PIN_SetMode   drv_pinctrl.o
    0x080029e0   0x080029e0   0x00000018   Code   RO         1238    .text.PIN_ToggleLevel  pinctrl.o
    0x080029f8   0x080029f8   0x00000022   Code   RO         1534    .text.PIN_ToggleLevel  drv_pinctrl.o
    0x08002a1a   0x08002a1a   0x00000002   PAD
    0x08002a1c   0x08002a1c   0x00000020   Code   RO         1236    .text.PIN_WriteLevel  pinctrl.o
    0x08002a3c   0x08002a3c   0x00000036   Code   RO         1532    .text.PIN_WriteLevel  drv_pinctrl.o
    0x08002a72   0x08002a72   0x00000002   PAD
    0x08002a74   0x08002a74   0x00000002   Code   RO           24    .text.PendSV_Handler  at32f415_int.o
    0x08002a76   0x08002a76   0x00000002   PAD
    0x08002a78   0x08002a78   0x000000d0   Code   RO         1716    .text.RC522_Anticoll  spi_mfrc522.o
    0x08002b48   0x08002b48   0x00000086   Code   RO         1722    .text.RC522_AuthState  spi_mfrc522.o
    0x08002bce   0x08002bce   0x00000002   PAD
    0x08002bd0   0x08002bd0   0x0000024c   Code   RO         1714    .text.RC522_ComMF522  spi_mfrc522.o
    0x08002e1c   0x08002e1c   0x0000003e   Code   RO         1734    .text.RC522_Halt    spi_mfrc522.o
    0x08002e5a   0x08002e5a   0x00000002   PAD
    0x08002e5c   0x08002e5c   0x00000088   Code   RO         1702    .text.RC522_Init    spi_mfrc522.o
    0x08002ee4   0x08002ee4   0x00000080   Code   RO         1726    .text.RC522_Read    spi_mfrc522.o
    0x08002f64   0x08002f64   0x00000154   Code   RO         1742    .text.RC522_ReadWriteTest  spi_mfrc522.o
    0x080030b8   0x080030b8   0x00000086   Code   RO         1708    .text.RC522_Request  spi_mfrc522.o
    0x0800313e   0x0800313e   0x00000002   PAD
    0x08003140   0x08003140   0x000000b6   Code   RO         1718    .text.RC522_Select  spi_mfrc522.o
    0x080031f6   0x080031f6   0x00000002   PAD
    0x080031f8   0x080031f8   0x00000220   Code   RO         1746    .text.RC522_Test    spi_mfrc522.o
    0x08003418   0x08003418   0x000000de   Code   RO         1728    .text.RC522_Write   spi_mfrc522.o
    0x080034f6   0x080034f6   0x00000002   PAD
    0x080034f8   0x080034f8   0x00000008   Code   RO         1837    .text.SEGGER_RTT_Init  segger_rtt.o
    0x08003500   0x08003500   0x00000064   Code   RO         1301    .text.SPI_Master_Deselect  spimst.o
    0x08003564   0x08003564   0x000000cc   Code   RO         1303    .text.SPI_Master_Init  spimst.o
    0x08003630   0x08003630   0x0000001e   Code   RO         1307    .text.SPI_Master_ReceiveBlock  spimst.o
    0x0800364e   0x0800364e   0x00000002   PAD
    0x08003650   0x08003650   0x00000016   Code   RO         1313    .text.SPI_Master_ReceiveByte  spimst.o
    0x08003666   0x08003666   0x00000002   PAD
    0x08003668   0x08003668   0x00000064   Code   RO         1299    .text.SPI_Master_Select  spimst.o
    0x080036cc   0x080036cc   0x0000001e   Code   RO         1305    .text.SPI_Master_TransmitBlock  spimst.o
    0x080036ea   0x080036ea   0x00000002   PAD
    0x080036ec   0x080036ec   0x0000001a   Code   RO         1311    .text.SPI_Master_TransmitByte  spimst.o
    0x08003706   0x08003706   0x00000002   PAD
    0x08003708   0x08003708   0x0000000c   Code   RO         1596    .text.ST7735_BackLight  spi_st7735.o
    0x08003714   0x08003714   0x0000011e   Code   RO         1602    .text.ST7735_FillRect  spi_st7735.o
    0x08003832   0x08003832   0x00000002   PAD
    0x08003834   0x08003834   0x000000d8   Code   RO         1584    .text.ST7735_Init   spi_st7735.o
    0x0800390c   0x0800390c   0x0000002c   Code   RO         1586    .text.ST7735_Reset  spi_st7735.o
    0x08003938   0x08003938   0x000000cc   Code   RO         1600    .text.ST7735_SetWindow  spi_st7735.o
    0x08003a04   0x08003a04   0x0000010e   Code   RO         1612    .text.ST7735_Test   spi_st7735.o
    0x08003b12   0x08003b12   0x00000002   PAD
    0x08003b14   0x08003b14   0x00000028   Code   RO         1592    .text.ST7735_WriteBlockData  spi_st7735.o
    0x08003b3c   0x08003b3c   0x00000024   Code   RO         1588    .text.ST7735_WriteCmd  spi_st7735.o
    0x08003b60   0x08003b60   0x00000002   Code   RO           20    .text.SVC_Handler   at32f415_int.o
    0x08003b62   0x08003b62   0x00000002   PAD
    0x08003b64   0x08003b64   0x000000a6   Code   RO         1363    .text.SWSPI_Master_Init  swspimst.o
    0x08003c0a   0x08003c0a   0x00000002   PAD
    0x08003c0c   0x08003c0c   0x0000011e   Code   RO         1367    .text.SWSPI_Master_ReceiveBlock  swspimst.o
    0x08003d2a   0x08003d2a   0x00000002   PAD
    0x08003d2c   0x08003d2c   0x00000068   Code   RO         1371    .text.SWSPI_Master_SetClock  swspimst.o
    0x08003d94   0x08003d94   0x0000003c   Code   RO         1373    .text.SWSPI_Master_SetClockIdle  swspimst.o
    0x08003dd0   0x08003dd0   0x00000124   Code   RO         1383    .text.SWSPI_Master_ShiftIn  swspimst.o
    0x08003ef4   0x08003ef4   0x00000180   Code   RO         1385    .text.SWSPI_Master_ShiftInOut3Wire  swspimst.o
    0x08004074   0x08004074   0x00000154   Code   RO         1387    .text.SWSPI_Master_ShiftInOut4Wire  swspimst.o
    0x080041c8   0x080041c8   0x0000010e   Code   RO         1375    .text.SWSPI_Master_ShiftOut  swspimst.o
    0x080042d6   0x080042d6   0x00000002   PAD
    0x080042d8   0x080042d8   0x00000148   Code   RO         1365    .text.SWSPI_Master_TransmitBlock  swspimst.o
    0x08004420   0x08004420   0x00000142   Code   RO         1369    .text.SWSPI_Master_TransmitReceiveBlock  swspimst.o
    0x08004562   0x08004562   0x00000002   PAD
    0x08004564   0x08004564   0x00000002   Code   RO           26    .text.SysTick_Handler  at32f415_int.o
    0x08004566   0x08004566   0x00000002   PAD
    0x08004568   0x08004568   0x000000d0   Code   RO         1197    .text.SystemInit    system_at32f415.o
    0x08004638   0x08004638   0x00000026   Code   RO           28    .text.TMR1_OVF_TMR10_IRQHandler  at32f415_int.o
    0x0800465e   0x0800465e   0x00000002   PAD
    0x08004660   0x08004660   0x00000004   Code   RO           18    .text.UsageFault_Handler  at32f415_int.o
    0x08004664   0x08004664   0x000000a4   Code   RO         1779    .text._DoInit       segger_rtt.o
    0x08004708   0x08004708   0x00000054   Code   RO         1635    .text._MCP2515_ModifyRegister  spi_mcp2515.o
    0x0800475c   0x0800475c   0x00000078   Code   RO         1651    .text._MCP2515_PrepareId  spi_mcp2515.o
    0x080047d4   0x080047d4   0x00000044   Code   RO         1647    .text._MCP2515_ReadRegister  spi_mcp2515.o
    0x08004818   0x08004818   0x00000048   Code   RO         1657    .text._MCP2515_ReadRegisters  spi_mcp2515.o
    0x08004860   0x08004860   0x00000044   Code   RO         1633    .text._MCP2515_SetRegister  spi_mcp2515.o
    0x080048a4   0x080048a4   0x00000048   Code   RO         1631    .text._MCP2515_SetRegisters  spi_mcp2515.o
    0x080048ec   0x080048ec   0x000000d0   Code   RO         1720    .text._RC522_CRC    spi_mfrc522.o
    0x080049bc   0x080049bc   0x00000030   Code   RO         1710    .text._RC522_ClearBitMask  spi_mfrc522.o
    0x080049ec   0x080049ec   0x00000040   Code   RO         1724    .text._RC522_ReadRegister  spi_mfrc522.o
    0x08004a2c   0x08004a2c   0x00000046   Code   RO         1712    .text._RC522_SetBitMask  spi_mfrc522.o
    0x08004a72   0x08004a72   0x00000002   PAD
    0x08004a74   0x08004a74   0x00000040   Code   RO         1706    .text._RC522_WriteRegister  spi_mfrc522.o
    0x08004ab4   0x08004ab4   0x00000030   Code   RO          700    .text.__NVIC_EnableIRQ  at32f415_misc.o
    0x08004ae4   0x08004ae4   0x00000010   Code   RO          696    .text.__NVIC_GetPriorityGrouping  at32f415_misc.o
    0x08004af4   0x08004af4   0x00000042   Code   RO          698    .text.__NVIC_SetPriority  at32f415_misc.o
    0x08004b36   0x08004b36   0x00000002   PAD
    0x08004b38   0x08004b38   0x0000003c   Code   RO          708    .text.__NVIC_SetPriorityGrouping  at32f415_misc.o
    0x08004b74   0x08004b74   0x00000008   Code   RO         1514    .text._sys_exit     drv_hwuart.o
    0x08004b7c   0x08004b7c   0x0000019a   Code   RO         1890    .text.cm_backtrace_call_stack  cm_backtrace.o
    0x08004d16   0x08004d16   0x00000002   PAD
    0x08004d18   0x08004d18   0x00000306   Code   RO         1898    .text.cm_backtrace_fault  cm_backtrace.o
    0x0800501e   0x0800501e   0x00000002   PAD
    0x08005020   0x08005020   0x00000036   Code   RO         1884    .text.cm_backtrace_firmware_info  cm_backtrace.o
    0x08005056   0x08005056   0x00000002   PAD
    0x08005058   0x08005058   0x000000c0   Code   RO         1882    .text.cm_backtrace_init  cm_backtrace.o
    0x08005118   0x08005118   0x00000026   Code   RO          269    .text.crm_ahb_div_set  at32f415_crm.o
    0x0800513e   0x0800513e   0x00000002   PAD
    0x08005140   0x08005140   0x00000026   Code   RO          271    .text.crm_apb1_div_set  at32f415_crm.o
    0x08005166   0x08005166   0x00000002   PAD
    0x08005168   0x08005168   0x00000026   Code   RO          273    .text.crm_apb2_div_set  at32f415_crm.o
    0x0800518e   0x0800518e   0x00000002   PAD
    0x08005190   0x08005190   0x00000038   Code   RO          297    .text.crm_auto_step_mode_enable  at32f415_crm.o
    0x080051c8   0x080051c8   0x000000a6   Code   RO          261    .text.crm_clock_source_enable  at32f415_crm.o
    0x0800526e   0x0800526e   0x00000002   PAD
    0x08005270   0x08005270   0x0000026e   Code   RO          291    .text.crm_clocks_freq_get  at32f415_crm.o
    0x080054de   0x080054de   0x00000002   PAD
    0x080054e0   0x080054e0   0x0000003e   Code   RO          245    .text.crm_flag_get  at32f415_crm.o
    0x0800551e   0x0800551e   0x00000002   PAD
    0x08005520   0x08005520   0x00000064   Code   RO          249    .text.crm_hext_stable_wait  at32f415_crm.o
    0x08005584   0x08005584   0x00000052   Code   RO          255    .text.crm_periph_clock_enable  at32f415_crm.o
    0x080055d6   0x080055d6   0x00000002   PAD
    0x080055d8   0x080055d8   0x000001e4   Code   RO          283    .text.crm_pll_config  at32f415_crm.o
    0x080057bc   0x080057bc   0x0000009a   Code   RO          239    .text.crm_reset     at32f415_crm.o
    0x08005856   0x08005856   0x00000002   PAD
    0x08005858   0x08005858   0x00000046   Code   RO          287    .text.crm_sysclk_switch  at32f415_crm.o
    0x0800589e   0x0800589e   0x00000002   PAD
    0x080058a0   0x080058a0   0x00000010   Code   RO          289    .text.crm_sysclk_switch_status_get  at32f415_crm.o
    0x080058b0   0x080058b0   0x00000064   Code   RO         1888    .text.disassembly_ins_is_bl_blx  cm_backtrace.o
    0x08005914   0x08005914   0x00000120   Code   RO         1894    .text.dump_stack    cm_backtrace.o
    0x08005a34   0x08005a34   0x0000058c   Code   RO         1902    .text.fault_diagnosis  cm_backtrace.o
    0x08005fc0   0x08005fc0   0x0000004a   Code   RO         1518    .text.fputc         drv_hwuart.o
    0x0800600a   0x0800600a   0x00000002   PAD
    0x0800600c   0x0800600c   0x00000026   Code   RO          584    .text.gpio_default_para_init  at32f415_gpio.o
    0x08006032   0x08006032   0x00000002   PAD
    0x08006034   0x08006034   0x00000140   Code   RO          582    .text.gpio_init     at32f415_gpio.o
    0x08006174   0x08006174   0x00000354   Code   RO         1411    .text.hexdump       hexdump.o
    0x080064c8   0x080064c8   0x0000002e   Code   RO         1413    .text.isprint       hexdump.o
    0x080064f6   0x080064f6   0x00000002   PAD
    0x080064f8   0x080064f8   0x0000000c   Code   RO         1377    .text.le16          swspimst.o
    0x08006504   0x08006504   0x00000020   Code   RO         1379    .text.le32          swspimst.o
    0x08006524   0x08006524   0x000000e2   Code   RO           37    .text.main          main.o
    0x08006606   0x08006606   0x00000002   PAD
    0x08006608   0x08006608   0x00000034   Code   RO          692    .text.nvic_irq_enable  at32f415_misc.o
    0x0800663c   0x0800663c   0x00000014   Code   RO          706    .text.nvic_priority_group_config  at32f415_misc.o
    0x08006650   0x08006650   0x000000d4   Code   RO         1896    .text.print_call_stack  cm_backtrace.o
    0x08006724   0x08006724   0x0000005c   Code   RO         1434    .text.revbit16      bitops.o
    0x08006780   0x08006780   0x0000005a   Code   RO         1436    .text.revbit32      bitops.o
    0x080067da   0x080067da   0x00000002   PAD
    0x080067dc   0x080067dc   0x0000004a   Code   RO         1432    .text.revbit8       bitops.o
    0x08006826   0x08006826   0x00000002   PAD
    0x08006828   0x08006828   0x00000022   Code   RO          841    .text.spi_enable    at32f415_spi.o
    0x0800684a   0x0800684a   0x00000002   PAD
    0x0800684c   0x0800684c   0x00000022   Code   RO          839    .text.spi_half_duplex_direction_set  at32f415_spi.o
    0x0800686e   0x0800686e   0x00000002   PAD
    0x08006870   0x08006870   0x0000000e   Code   RO          857    .text.spi_i2s_data_receive  at32f415_spi.o
    0x0800687e   0x0800687e   0x00000002   PAD
    0x08006880   0x08006880   0x00000014   Code   RO          855    .text.spi_i2s_data_transmit  at32f415_spi.o
    0x08006894   0x08006894   0x00000030   Code   RO          859    .text.spi_i2s_flag_get  at32f415_spi.o
    0x080068c4   0x080068c4   0x000001b6   Code   RO          821    .text.spi_init      at32f415_spi.o
    0x08006a7a   0x08006a7a   0x00000002   PAD
    0x08006a7c   0x08006a7c   0x00000038   Code   RO         1900    .text.statck_del_fpu_regs  cm_backtrace.o
    0x08006ab4   0x08006ab4   0x00000086   Code   RO            2    .text.system_clock_config  at32f415_clock.o
    0x08006b3a   0x08006b3a   0x00000002   PAD
    0x08006b3c   0x08006b3c   0x00000232   Code   RO         1199    .text.system_core_clock_update  system_at32f415.o
    0x08006d6e   0x08006d6e   0x00000002   PAD
    0x08006d70   0x08006d70   0x00000022   Code   RO          882    .text.tmr_base_init  at32f415_tmr.o
    0x08006d92   0x08006d92   0x00000002   PAD
    0x08006d94   0x08006d94   0x00000022   Code   RO          886    .text.tmr_cnt_dir_set  at32f415_tmr.o
    0x08006db6   0x08006db6   0x00000002   PAD
    0x08006db8   0x08006db8   0x0000001a   Code   RO          874    .text.tmr_counter_enable  at32f415_tmr.o
    0x08006dd2   0x08006dd2   0x00000002   PAD
    0x08006dd4   0x08006dd4   0x00000012   Code   RO          962    .text.tmr_flag_clear  at32f415_tmr.o
    0x08006de6   0x08006de6   0x00000002   PAD
    0x08006de8   0x08006de8   0x0000003a   Code   RO          956    .text.tmr_interrupt_enable  at32f415_tmr.o
    0x08006e22   0x08006e22   0x00000002   PAD
    0x08006e24   0x08006e24   0x0000003c   Code   RO          958    .text.tmr_interrupt_flag_get  at32f415_tmr.o
    0x08006e60   0x08006e60   0x00000018   Code   RO         1025    .text.usart_data_transmit  at32f415_usart.o
    0x08006e78   0x08006e78   0x00000022   Code   RO          999    .text.usart_enable  at32f415_usart.o
    0x08006e9a   0x08006e9a   0x00000002   PAD
    0x08006e9c   0x08006e9c   0x0000002a   Code   RO         1047    .text.usart_flag_get  at32f415_usart.o
    0x08006ec6   0x08006ec6   0x00000002   PAD
    0x08006ec8   0x08006ec8   0x000000ce   Code   RO          995    .text.usart_init    at32f415_usart.o
    0x08006f96   0x08006f96   0x00000002   PAD
    0x08006f98   0x08006f98   0x00000022   Code   RO         1001    .text.usart_transmitter_enable  at32f415_usart.o
    0x08006fba   0x08006fba   0x0000003e   Code   RO         2124    CL$$btod_d2e        c_w.l(btod.o)
    0x08006ff8   0x08006ff8   0x00000046   Code   RO         2126    CL$$btod_d2e_denorm_low  c_w.l(btod.o)
    0x0800703e   0x0800703e   0x00000060   Code   RO         2125    CL$$btod_d2e_norm_op1  c_w.l(btod.o)
    0x0800709e   0x0800709e   0x00000002   PAD
    0x080070a0   0x080070a0   0x00000338   Code   RO         2134    CL$$btod_div_common  c_w.l(btod.o)
    0x080073d8   0x080073d8   0x000000dc   Code   RO         2131    CL$$btod_e2e        c_w.l(btod.o)
    0x080074b4   0x080074b4   0x0000002a   Code   RO         2128    CL$$btod_ediv       c_w.l(btod.o)
    0x080074de   0x080074de   0x0000002a   Code   RO         2127    CL$$btod_emul       c_w.l(btod.o)
    0x08007508   0x08007508   0x00000244   Code   RO         2133    CL$$btod_mult_common  c_w.l(btod.o)
    0x0800774c   0x0800774c   0x00000028   Code   RO         2166    i.__ARM_fpclassify  m_ws.l(fpclassify.o)
    0x08007774   0x08007774   0x0000000e   Code   RO         2026    i._is_digit         c_w.l(__printf_wp.o)
    0x08007782   0x08007782   0x00000002   PAD
    0x08007784   0x08007784   0x0000002c   Code   RO         2149    locale$$code        c_w.l(lc_numeric_c.o)
    0x080077b0   0x080077b0   0x0000002c   Code   RO         2178    locale$$code        c_w.l(lc_ctype_c.o)
    0x080077dc   0x080077dc   0x00000004   Code   RO         2061    x$fpl$printf1       fz_ws.l(printf1.o)
    0x080077e0   0x080077e0   0x00000004   Code   RO         2063    x$fpl$printf2       fz_ws.l(printf2.o)
    0x080077e4   0x080077e4   0x00000000   Code   RO         2165    x$fpl$usenofp       fz_ws.l(usenofp.o)
    0x080077e4   0x080077e4   0x00000008   Data   RO         1985    .constdata          c_w.l(_printf_wctomb.o)
    0x080077ec   0x080077ec   0x00000028   Data   RO         2014    .constdata          c_w.l(_printf_hex_int_ll_ptr.o)
    0x08007814   0x08007814   0x00000011   Data   RO         2034    .constdata          c_w.l(__printf_flags_ss_wp.o)
    0x08007825   0x08007825   0x00000026   Data   RO         2095    .constdata          c_w.l(_printf_fp_hex.o)
    0x0800784b   0x0800784b   0x00000001   PAD
    0x0800784c   0x0800784c   0x00000094   Data   RO         2122    .constdata          c_w.l(bigflt0.o)
    0x080078e0   0x080078e0   0x00000034   Data   RO         1692    .rodata..L__const.MCP2515_Test.spi  spi_mcp2515.o
    0x08007914   0x08007914   0x00000034   Data   RO         1754    .rodata..L__const.RC522_Test.spi  spi_mfrc522.o
    0x08007948   0x08007948   0x00000034   Data   RO         1615    .rodata..L__const.ST7735_Test.spi  spi_st7735.o
    0x0800797c   0x0800797c   0x00000020   Data   RO         1917    .rodata..L__const.cm_backtrace_fault.regs_name  cm_backtrace.o
    0x0800799c   0x0800799c   0x00000074   Data   RO         1614    .rodata.ST7735_Init.au8InitCmd  spi_st7735.o
    0x08007a10   0x08007a10   0x00000011   Data   RO         1852    .rodata._DoInit._aInitStr  segger_rtt.o
    0x08007a21   0x08007a21   0x00000003   PAD
    0x08007a24   0x08007a24   0x00000008   Data   RO           44    .rodata.btn         main.o
    0x08007a2c   0x08007a2c   0x00000008   Data   RO          314    .rodata.crm_clocks_freq_get.adc_div_table  at32f415_crm.o
    0x08007a34   0x08007a34   0x00000008   Data   RO          312    .rodata.crm_clocks_freq_get.ahb_apb1_div_table  at32f415_crm.o
    0x08007a3c   0x08007a3c   0x00000008   Data   RO          313    .rodata.crm_clocks_freq_get.ahb_apb2_div_table  at32f415_crm.o
    0x08007a44   0x08007a44   0x00000010   Data   RO          311    .rodata.crm_clocks_freq_get.sclk_ahb_div_table  at32f415_crm.o
    0x08007a54   0x08007a54   0x00000004   PAD
    0x08007a58   0x08007a58   0x00000030   Data   RO         1693    .rodata.cst16       spi_mcp2515.o
    0x08007a88   0x08007a88   0x00000008   Data   RO         1504    .rodata.cst8        drv_hwspimst.o
    0x08007a90   0x08007a90   0x00000010   Data   RO         1536    .rodata.g_hwPinOps  drv_pinctrl.o
    0x08007aa0   0x08007aa0   0x00000010   Data   RO         1503    .rodata.g_hwSpiOps  drv_hwspimst.o
    0x08007ab0   0x08007ab0   0x00000010   Data   RO         1389    .rodata.g_swSpiOps  swspimst.o
    0x08007ac0   0x08007ac0   0x00000008   Data   RO           42    .rodata.led1        main.o
    0x08007ac8   0x08007ac8   0x00000008   Data   RO           43    .rodata.led2        main.o
    0x08007ad0   0x08007ad0   0x00000098   Data   RO         1911    .rodata.print_info  cm_backtrace.o
    0x08007b68   0x08007b68   0x00000010   Data   RO           41    .rodata.str1.1      main.o
    0x08007b78   0x08007b78   0x0000007c   Data   RO         1390    .rodata.str1.1      swspimst.o
    0x08007bf4   0x08007bf4   0x0000003c   Data   RO         1415    .rodata.str1.1      hexdump.o
    0x08007c30   0x08007c30   0x0000000b   Data   RO         1691    .rodata.str1.1      spi_mcp2515.o
    0x08007c3b   0x08007c3b   0x000000b1   Data   RO         1753    .rodata.str1.1      spi_mfrc522.o
    0x08007cec   0x08007cec   0x00000009   Data   RO         1853    .rodata.str1.1      segger_rtt.o
    0x08007cf5   0x08007cf5   0x00000967   Data   RO         1912    .rodata.str1.1      cm_backtrace.o
    0x0800865c   0x0800865c   0x00000010   Data   RO         1202    .rodata.system_core_clock_update.sys_ahb_div_table  system_at32f415.o
    0x0800866c   0x0800866c   0x00000020   Data   RO         2299    Region$$Table       anon$$obj.o
    0x0800868c   0x0800868c   0x0000001c   Data   RO         2148    locale$$data        c_w.l(lc_numeric_c.o)
    0x080086a8   0x080086a8   0x00000110   Data   RO         2177    locale$$data        c_w.l(lc_ctype_c.o)


    Execution Region RW_IRAM1 (Exec base: 0x20000000, Load base: 0x080087b8, Size: 0x00001790, Max: 0x00008000, ABSOLUTE)

    Exec Addr    Load Addr    Size         Type   Attr      Idx    E Section Name        Object

    0x20000000   0x080087b8   0x00000008   Data   RW         1690    .data.MCP2515_ReadMessage.aRxbufReg  spi_mcp2515.o
    0x20000008   0x080087c0   0x00000009   Data   RW         1689    .data.MCP2515_SendMessage.aTxbufReg  spi_mcp2515.o
    0x20000011   0x080087c9   0x00000010   Data   RW         1751    .data.defaultKeyA   spi_mfrc522.o
    0x20000021   0x080087d9   0x00000003   PAD
    0x20000024   0x080087dc   0x00000004   Data   RW         1201    .data.system_core_clock  system_at32f415.o
    0x20000028        -       0x00000060   Zero   RW         2169    .bss                c_w.l(libspace.o)
    0x20000088        -       0x00000004   Zero   RW         1694    .bss.MCP2515_Test.LastTick  spi_mcp2515.o
    0x2000008c        -       0x000000a8   Zero   RW         1849    .bss._SEGGER_RTT    segger_rtt.o
    0x20000134        -       0x00000054   Zero   RW         1520    .bss.__stdout       drv_hwuart.o
    0x20000188        -       0x00000010   Zero   RW         1855    .bss._acDownBuffer  segger_rtt.o
    0x20000198        -       0x00000400   Zero   RW         1854    .bss._acUpBuffer    segger_rtt.o
    0x20000598        -       0x00000120   Zero   RW         1919    .bss.call_stack_info  cm_backtrace.o
    0x200006b8        -       0x00000004   Zero   RW         1910    .bss.code_size      cm_backtrace.o
    0x200006bc        -       0x00000004   Zero   RW         1909    .bss.code_start_addr  cm_backtrace.o
    0x200006c0        -       0x00000001   Zero   RW         1750    .bss.flag_loop      spi_mfrc522.o
    0x200006c1        -       0x00000021   Zero   RW         1904    .bss.fw_name        cm_backtrace.o
    0x200006e2        -       0x00000014   Zero   RW         1752    .bss.g_ucTempbuf    spi_mfrc522.o
    0x200006f6        -       0x00000021   Zero   RW         1905    .bss.hw_ver         cm_backtrace.o
    0x20000717        -       0x00000001   Zero   RW         1913    .bss.init_ok        cm_backtrace.o
    0x20000718        -       0x00000004   Zero   RW         1552    .bss.m_Tick         drv_timer.o
    0x2000071c        -       0x00000004   Zero   RW         1908    .bss.main_stack_size  cm_backtrace.o
    0x20000720        -       0x00000004   Zero   RW         1907    .bss.main_stack_start_addr  cm_backtrace.o
    0x20000724        -       0x00000001   Zero   RW         1914    .bss.on_fault       cm_backtrace.o
    0x20000725        -       0x00000001   Zero   RW         1918    .bss.on_thread_before_fault  cm_backtrace.o
    0x20000726   0x080087e0   0x00000002   PAD
    0x20000728        -       0x00000044   Zero   RW         1916    .bss.regs           cm_backtrace.o
    0x2000076c        -       0x00000001   Zero   RW         1915    .bss.stack_is_overflow  cm_backtrace.o
    0x2000076d        -       0x00000001   Zero   RW         1920    .bss.statck_has_fpu_regs  cm_backtrace.o
    0x2000076e        -       0x00000021   Zero   RW         1906    .bss.sw_ver         cm_backtrace.o
    0x2000078f   0x080087e0   0x00000001   PAD
    0x20000790        -       0x00000800   Zero   RW         1210    HEAP                startup_at32f415.o
    0x20000f90        -       0x00000800   Zero   RW         1209    STACK               startup_at32f415.o


==============================================================================

Image component sizes


      Code (inc. data)   RO Data    RW Data    ZI Data      Debug   Object Name

       134          0          0          0          0       6437   at32f415_clock.o
      1926          6         40          0          0      19678   at32f415_crm.o
       358          0          0          0          0      12883   at32f415_gpio.o
        60          0          0          0          0       5936   at32f415_int.o
       370          0          0          0          0       6259   at32f415_misc.o
       588          0          0          0          0      11661   at32f415_spi.o
       230          0          0          0          0      23416   at32f415_tmr.o
       340          0          0          0          0       9848   at32f415_usart.o
       256          0          0          0          0       1861   bitops.o
      3506          0       2591          0        476       8065   cm_backtrace.o
        12          0          0          0          0        364   cmb_fault_keil.o
       102          0          0          0          0        958   delay.o
       992          0         24          0          0       8191   drv_hwspimst.o
       208          0          0          0         84       8488   drv_hwuart.o
       302          4         16          0          0       6326   drv_pinctrl.o
       204          0          0          0          4       8465   drv_timer.o
       898         16         60          0          0       1893   hexdump.o
        22          0          0          0          0        481   logger.o
       248          0         40          0          0       2296   main.o
       120          0          0          0          0       1555   pinctrl.o
       172          0         26          0       1208      13301   segger_rtt.o
      3420         50        111         17          4      11231   spi_mcp2515.o
      3234          0        229         16         21      12556   spi_mfrc522.o
      1130          0        168          0          0       9111   spi_st7735.o
       512          0          0          0          0       3329   spimst.o
        64         26        368          0       4096        792   startup_at32f415.o
      2612          0        140          0          0       6150   swspimst.o
       770          0         16          4          0       7977   system_at32f415.o

    ----------------------------------------------------------------------
     22938        102       3868         40       5896     209508   Object Totals
         0          0         32          0          0          0   (incl. Generated)
       148          0          7          3          3          0   (incl. Padding)

    ----------------------------------------------------------------------

      Code (inc. data)   RO Data    RW Data    ZI Data      Debug   Library Member Name

         8          0          0          0          0         68   __main.o
       392          4         17          0          0         92   __printf_flags_ss_wp.o
        14          0          0          0          0         68   __printf_wp.o
         0          0          0          0          0          0   __rtentry.o
        12          0          0          0          0          0   __rtentry2.o
         6          0          0          0          0          0   __rtentry4.o
        52          8          0          0          0          0   __scatter.o
        26          0          0          0          0          0   __scatter_copy.o
        28          0          0          0          0          0   __scatter_zi.o
        72          0          0          0          0         96   _c16rtomb.o
         6          0          0          0          0          0   _printf_a.o
         6          0          0          0          0          0   _printf_c.o
        44          0          0          0          0        108   _printf_char.o
        48          6          0          0          0         96   _printf_char_common.o
        36          4          0          0          0         80   _printf_char_file.o
        40          0          0          0          0         68   _printf_charcount.o
         6          0          0          0          0          0   _printf_d.o
       120         16          0          0          0         92   _printf_dec.o
         6          0          0          0          0          0   _printf_e.o
         6          0          0          0          0          0   _printf_f.o
      1052          0          0          0          0        148   _printf_fp_dec.o
       764          8         38          0          0        100   _printf_fp_hex.o
       128         16          0          0          0         84   _printf_fp_infnan.o
         6          0          0          0          0          0   _printf_g.o
       148          4         40          0          0        160   _printf_hex_int_ll_ptr.o
         6          0          0          0          0          0   _printf_i.o
       178          0          0          0          0         88   _printf_intcommon.o
        10          0          0          0          0          0   _printf_l.o
         6          0          0          0          0          0   _printf_lc.o
        10          0          0          0          0          0   _printf_ll.o
         6          0          0          0          0          0   _printf_lld.o
         6          0          0          0          0          0   _printf_lli.o
         6          0          0          0          0          0   _printf_llo.o
         6          0          0          0          0          0   _printf_llu.o
         6          0          0          0          0          0   _printf_llx.o
       124         16          0          0          0         92   _printf_longlong_dec.o
         6          0          0          0          0          0   _printf_ls.o
         6          0          0          0          0          0   _printf_n.o
         6          0          0          0          0          0   _printf_o.o
       112          8          0          0          0        124   _printf_oct_int_ll.o
         6          0          0          0          0          0   _printf_p.o
        78          0          0          0          0        108   _printf_pad.o
         0          0          0          0          0          0   _printf_percent.o
         4          0          0          0          0          0   _printf_percent_end.o
         6          0          0          0          0          0   _printf_s.o
        82          0          0          0          0         80   _printf_str.o
        36          0          0          0          0         84   _printf_truncate.o
         6          0          0          0          0          0   _printf_u.o
        44          0          0          0          0        108   _printf_wchar.o
       188          6          8          0          0         92   _printf_wctomb.o
         6          0          0          0          0          0   _printf_x.o
        10          0          0          0          0         68   _sputc.o
       228          4        148          0          0         96   bigflt0.o
      1936        128          0          0          0        668   btod.o
        18          0          0          0          0         80   exit.o
         8          0          0          0          0         68   ferror.o
         6          0          0          0          0        152   heapauxi.o
        44         10        272          0          0         76   lc_ctype_c.o
        44         10         28          0          0         76   lc_numeric_c.o
         2          0          0          0          0          0   libinit.o
        30          0          0          0          0          0   libinit2.o
         2          0          0          0          0          0   libshutdown.o
         2          0          0          0          0          0   libshutdown2.o
         8          4          0          0         96         68   libspace.o
       138          0          0          0          0         80   lludiv10.o
       240          0          0          0          0        100   lludivv7m.o
        88          0          0          0          0         76   memcmp.o
        24          4          0          0          0         84   printf.o
        16          4          0          0          0         76   rt_ctype_table.o
         8          4          0          0          0         68   rt_locale_intlibspace.o
        68          0          0          0          0         68   rt_memclr.o
        78          0          0          0          0         80   rt_memclr_w.o
         2          0          0          0          0          0   rtexit.o
        10          0          0          0          0          0   rtexit2.o
        44          6          0          0          0         84   sprintf.o
       124          0          0          0          0         88   strcmpv7em.o
        86          0          0          0          0         76   strncpy.o
        74          0          0          0          0         80   sys_stackheap_outer.o
         2          0          0          0          0         68   use_no_semi.o
         2          0          0          0          0         68   use_no_semi_2.o
         4          0          0          0          0         68   printf1.o
         4          0          0          0          0         68   printf2.o
         0          0          0          0          0          0   usenofp.o
        40          0          0          0          0         68   fpclassify.o

    ----------------------------------------------------------------------
      7386        270        552          0         96       4688   Library Totals
        20          0          1          0          0          0   (incl. Padding)

    ----------------------------------------------------------------------

      Code (inc. data)   RO Data    RW Data    ZI Data      Debug   Library Name

      7318        270        551          0         96       4484   c_w.l
         8          0          0          0          0        136   fz_ws.l
        40          0          0          0          0         68   m_ws.l

    ----------------------------------------------------------------------
      7386        270        552          0         96       4688   Library Totals

    ----------------------------------------------------------------------

==============================================================================


      Code (inc. data)   RO Data    RW Data    ZI Data      Debug   

     30324        372       4420         40       5992     211092   Grand Totals
     30324        372       4420         40       5992     211092   ELF Image Totals
     30324        372       4420         40          0          0   ROM Totals

==============================================================================

    Total RO  Size (Code + RO Data)                34744 (  33.93kB)
    Total RW  Size (RW Data + ZI Data)              6032 (   5.89kB)
    Total ROM Size (Code + RO Data + RW Data)      34784 (  33.97kB)

==============================================================================

