Component: ARM Compiler 6.16 Tool: armlink [5dfeaa00]

==============================================================================

Section Cross References

    at32f415_clock.o(.text.system_clock_config) refers to at32f415_crm.o(.text.crm_reset) for crm_reset
    at32f415_clock.o(.text.system_clock_config) refers to at32f415_crm.o(.text.crm_clock_source_enable) for crm_clock_source_enable
    at32f415_clock.o(.text.system_clock_config) refers to at32f415_crm.o(.text.crm_hext_stable_wait) for crm_hext_stable_wait
    at32f415_clock.o(.text.system_clock_config) refers to at32f415_crm.o(.text.crm_pll_config) for crm_pll_config
    at32f415_clock.o(.text.system_clock_config) refers to at32f415_crm.o(.text.crm_flag_get) for crm_flag_get
    at32f415_clock.o(.text.system_clock_config) refers to at32f415_crm.o(.text.crm_ahb_div_set) for crm_ahb_div_set
    at32f415_clock.o(.text.system_clock_config) refers to at32f415_crm.o(.text.crm_apb2_div_set) for crm_apb2_div_set
    at32f415_clock.o(.text.system_clock_config) refers to at32f415_crm.o(.text.crm_apb1_div_set) for crm_apb1_div_set
    at32f415_clock.o(.text.system_clock_config) refers to at32f415_crm.o(.text.crm_auto_step_mode_enable) for crm_auto_step_mode_enable
    at32f415_clock.o(.text.system_clock_config) refers to at32f415_crm.o(.text.crm_sysclk_switch) for crm_sysclk_switch
    at32f415_clock.o(.text.system_clock_config) refers to at32f415_crm.o(.text.crm_sysclk_switch_status_get) for crm_sysclk_switch_status_get
    at32f415_clock.o(.text.system_clock_config) refers to system_at32f415.o(.text.system_core_clock_update) for system_core_clock_update
    at32f415_clock.o(.ARM.exidx.text.system_clock_config) refers to at32f415_clock.o(.text.system_clock_config) for [Anonymous Symbol]
    at32f415_int.o(.ARM.exidx.text.NMI_Handler) refers to at32f415_int.o(.text.NMI_Handler) for [Anonymous Symbol]
    at32f415_int.o(.ARM.exidx.text.HardFault_Handler_) refers to at32f415_int.o(.text.HardFault_Handler_) for [Anonymous Symbol]
    at32f415_int.o(.ARM.exidx.text.MemManage_Handler) refers to at32f415_int.o(.text.MemManage_Handler) for [Anonymous Symbol]
    at32f415_int.o(.ARM.exidx.text.BusFault_Handler) refers to at32f415_int.o(.text.BusFault_Handler) for [Anonymous Symbol]
    at32f415_int.o(.ARM.exidx.text.UsageFault_Handler) refers to at32f415_int.o(.text.UsageFault_Handler) for [Anonymous Symbol]
    at32f415_int.o(.ARM.exidx.text.SVC_Handler) refers to at32f415_int.o(.text.SVC_Handler) for [Anonymous Symbol]
    at32f415_int.o(.ARM.exidx.text.DebugMon_Handler) refers to at32f415_int.o(.text.DebugMon_Handler) for [Anonymous Symbol]
    at32f415_int.o(.ARM.exidx.text.PendSV_Handler) refers to at32f415_int.o(.text.PendSV_Handler) for [Anonymous Symbol]
    at32f415_int.o(.ARM.exidx.text.SysTick_Handler) refers to at32f415_int.o(.text.SysTick_Handler) for [Anonymous Symbol]
    at32f415_int.o(.text.TMR1_OVF_TMR10_IRQHandler) refers to at32f415_tmr.o(.text.tmr_interrupt_flag_get) for tmr_interrupt_flag_get
    at32f415_int.o(.text.TMR1_OVF_TMR10_IRQHandler) refers to at32f415_tmr.o(.text.tmr_flag_clear) for tmr_flag_clear
    at32f415_int.o(.ARM.exidx.text.TMR1_OVF_TMR10_IRQHandler) refers to at32f415_int.o(.text.TMR1_OVF_TMR10_IRQHandler) for [Anonymous Symbol]
    main.o(.text.main) refers to at32f415_clock.o(.text.system_clock_config) for system_clock_config
    main.o(.text.main) refers to main.o(.rodata.str1.1) for .L.str
    main.o(.text.main) refers to cm_backtrace.o(.text.cm_backtrace_init) for cm_backtrace_init
    main.o(.text.main) refers to segger_rtt.o(.text.SEGGER_RTT_Init) for SEGGER_RTT_Init
    main.o(.text.main) refers to at32f415_crm.o(.text.crm_periph_clock_enable) for crm_periph_clock_enable
    main.o(.text.main) refers to main.o(.rodata.led1) for led1
    main.o(.text.main) refers to pinctrl.o(.text.PIN_SetMode) for PIN_SetMode
    main.o(.text.main) refers to main.o(.rodata.led2) for led2
    main.o(.text.main) refers to main.o(.rodata.btn) for btn
    main.o(.text.main) refers to drv_hwuart.o(.text.DbgUartInit) for DbgUartInit
    main.o(.text.main) refers to drv_timer.o(.text.$Sub$$DelayInit) for DelayInit
    main.o(.text.main) refers to main.o(.rodata..L__const.main.i2c) for .L__const.main.i2c
    main.o(.text.main) refers to i2cmst.o(.text.I2C_Master_Init) for I2C_Master_Init
    main.o(.text.main) refers to i2cmst.o(.text.I2C_Master_ScanAddress) for I2C_Master_ScanAddress
    main.o(.text.main) refers to i2c_eeprom.o(.text.EEPROM_Test) for EEPROM_Test
    main.o(.text.main) refers to main.o(.text.DelayBlockMs) for DelayBlockMs
    main.o(.text.main) refers to pinctrl.o(.text.PIN_ToggleLevel) for PIN_ToggleLevel
    main.o(.text.main) refers to printf.o(.text) for printf
    main.o(.ARM.exidx.text.main) refers to main.o(.text.main) for [Anonymous Symbol]
    main.o(.text.DelayBlockMs) refers to delay.o(.text.DelayBlock) for DelayBlock
[...]
    __lcctype_c_name                         0x080077ec   Data           2  lc_ctype_c.o(locale$$data)
    __lcctype_c_start                        0x080077f4   Data           0  lc_ctype_c.o(locale$$data)
    __lcctype_c_end                          0x080078f8   Data           0  lc_ctype_c.o(locale$$data)
    hi2c1                                    0x20000000   Data          28  main.o(.data.hi2c1)
    [Anonymous Symbol]                       0x20000000   Section        0  main.o(.data.hi2c1)
    .bss                                     0x20000020   Section       96  libspace.o(.bss)
    _acDownBuffer                            0x2000017c   Data          16  segger_rtt.o(.bss._acDownBuffer)
    [Anonymous Symbol]                       0x2000017c   Section        0  segger_rtt.o(.bss._acDownBuffer)
    _acUpBuffer                              0x2000018c   Data        1024  segger_rtt.o(.bss._acUpBuffer)
    [Anonymous Symbol]                       0x2000018c   Section        0  segger_rtt.o(.bss._acUpBuffer)
    call_stack_info                          0x2000058c   Data         288  cm_backtrace.o(.bss.call_stack_info)
    [Anonymous Symbol]                       0x2000058c   Section        0  cm_backtrace.o(.bss.call_stack_info)
    code_size                                0x200006ac   Data           4  cm_backtrace.o(.bss.code_size)
    [Anonymous Symbol]                       0x200006ac   Section        0  cm_backtrace.o(.bss.code_size)
    code_start_addr                          0x200006b0   Data           4  cm_backtrace.o(.bss.code_start_addr)
    [Anonymous Symbol]                       0x200006b0   Section        0  cm_backtrace.o(.bss.code_start_addr)
    fw_name                                  0x200006b4   Data          33  cm_backtrace.o(.bss.fw_name)
    [Anonymous Symbol]                       0x200006b4   Section        0  cm_backtrace.o(.bss.fw_name)
    hw_ver                                   0x200006d5   Data          33  cm_backtrace.o(.bss.hw_ver)
    [Anonymous Symbol]                       0x200006d5   Section        0  cm_backtrace.o(.bss.hw_ver)
    init_ok                                  0x200006f6   Data           1  cm_backtrace.o(.bss.init_ok)
    [Anonymous Symbol]                       0x200006f6   Section        0  cm_backtrace.o(.bss.init_ok)
    m_Tick                                   0x200006f8   Data           4  drv_timer.o(.bss.m_Tick)
    [Anonymous Symbol]                       0x200006f8   Section        0  drv_timer.o(.bss.m_Tick)
    main_stack_size                          0x200006fc   Data           4  cm_backtrace.o(.bss.main_stack_size)
    [Anonymous Symbol]                       0x200006fc   Section        0  cm_backtrace.o(.bss.main_stack_size)
    main_stack_start_addr                    0x20000700   Data           4  cm_backtrace.o(.bss.main_stack_start_addr)
    [Anonymous Symbol]                       0x20000700   Section        0  cm_backtrace.o(.bss.main_stack_start_addr)
    on_fault                                 0x20000704   Data           1  cm_backtrace.o(.bss.on_fault)
    [Anonymous Symbol]                       0x20000704   Section        0  cm_backtrace.o(.bss.on_fault)
    on_thread_before_fault                   0x20000705   Data           1  cm_backtrace.o(.bss.on_thread_before_fault)
    [Anonymous Symbol]                       0x20000705   Section        0  cm_backtrace.o(.bss.on_thread_before_fault)
    regs                                     0x20000708   Data          68  cm_backtrace.o(.bss.regs)
    [Anonymous Symbol]                       0x20000708   Section        0  cm_backtrace.o(.bss.regs)
    stack_is_overflow                        0x2000074c   Data           1  cm_backtrace.o(.bss.stack_is_overflow)
    [Anonymous Symbol]                       0x2000074c   Section        0  cm_backtrace.o(.bss.stack_is_overflow)
    statck_has_fpu_regs                      0x2000074d   Data           1  cm_backtrace.o(.bss.statck_has_fpu_regs)
    [Anonymous Symbol]                       0x2000074d   Section        0  cm_backtrace.o(.bss.statck_has_fpu_regs)
    sw_ver                                   0x2000074e   Data          33  cm_backtrace.o(.bss.sw_ver)
    [Anonymous Symbol]                       0x2000074e   Section        0  cm_backtrace.o(.bss.sw_ver)
    Heap_Mem                                 0x20000770   Data        2048  startup_at32f415.o(HEAP)
    HEAP                                     0x20000770   Section     2048  startup_at32f415.o(HEAP)
    Stack_Mem                                0x20000f70   Data        2048  startup_at32f415.o(STACK)
    STACK                                    0x20000f70   Section     2048  startup_at32f415.o(STACK)
    __initial_sp                             0x20001770   Data           0  startup_at32f415.o(STACK)

    Global Symbols

    Symbol Name                              Value     Ov Type        Size  Object(Section)

    BuildAttributes$$THM_ISAv4$E$P$D$K$B$S$7EM$PE$A:L22UL41UL21$X:L11$S22US41US21$IEEE1$IW$~IW$USESV6$~STKCKD$USESV7$~SHL$OTIME$ROPI$IEEEJ$EBA8$UX$STANDARDLIB$REQ8$PRES8$EABIv2 0x00000000   Number         0  anon$$obj.o ABSOLUTE
    __fp_init_empty                          0x00000000   Number         0  fpinit_empty.o ABSOLUTE
    _printf_flags                            0x00000000   Number         0  printf_stubs.o ABSOLUTE
    _printf_return_value                     0x00000000   Number         0  printf_stubs.o ABSOLUTE
    _printf_sizespec                         0x00000000   Number         0  printf_stubs.o ABSOLUTE
    _printf_widthprec                        0x00000000   Number         0  printf_stubs.o ABSOLUTE
    __ARM_exceptions_init                     - Undefined Weak Reference
    __alloca_initialize                       - Undefined Weak Reference
    __arm_preinit_                            - Undefined Weak Reference
    __cpp_initialize__aeabi_                  - Undefined Weak Reference
    __cxa_finalize                            - Undefined Weak Reference
    __sigvec_lookup                           - Undefined Weak Reference
    _atexit_init                              - Undefined Weak Reference
    _call_atexit_fns                          - Undefined Weak Reference
    _clock_init                               - Undefined Weak Reference
    _fp_trap_init                             - Undefined Weak Reference
    _fp_trap_shutdown                         - Undefined Weak Reference
    _get_lc_collate                           - Undefined Weak Reference
    _get_lc_monetary                          - Undefined Weak Reference
    _get_lc_time                              - Undefined Weak Reference
    _getenv_init                              - Undefined Weak Reference
    _handle_redirection                       - Undefined Weak Reference
    _init_alloc                               - Undefined Weak Reference
    _init_user_alloc                          - Undefined Weak Reference
    _initio                                   - Undefined Weak Reference
    _mutex_acquire                            - Undefined Weak Reference
    _mutex_release                            - Undefined Weak Reference
    _printf_mbtowc                            - Undefined Weak Reference
    _printf_wc                                - Undefined Weak Reference
    _rand_init                                - Undefined Weak Reference
    _signal_finish                            - Undefined Weak Reference
    _signal_init                              - Undefined Weak Reference
    _terminate_alloc                          - Undefined Weak Reference
    _terminate_user_alloc                     - Undefined Weak Reference
    _terminateio                              - Undefined Weak Reference
    __Vectors_Size                           0x00000170   Number         0  startup_at32f415.o ABSOLUTE
    Image$$ER_IROM1$$Base                    0x08000000   Number         0  anon$$obj.o ABSOLUTE
    __Vectors                                0x08000000   Data           4  startup_at32f415.o(RESET)
    __Vectors_End                            0x08000170   Data           0  startup_at32f415.o(RESET)
    __main                                   0x08000171   Thumb Code     8  __main.o(!!!main)
    __scatterload                            0x08000179   Thumb Code     0  __scatter.o(!!!scatter)
    __scatterload_rt2                        0x08000179   Thumb Code    44  __scatter.o(!!!scatter)
    __scatterload_rt2_thumb_only             0x08000179   Thumb Code     0  __scatter.o(!!!scatter)
    __scatterload_null                       0x08000187   Thumb Code     0  __scatter.o(!!!scatter)
    __scatterload_copy                       0x080001ad   Thumb Code    26  __scatter_copy.o(!!handler_copy)
    __scatterload_zeroinit                   0x080001c9   Thumb Code    28  __scatter_zi.o(!!handler_zi)
    _printf_n                                0x080001e5   Thumb Code     0  _printf_n.o(.ARM.Collect$$_printf_percent$$00000001)
    _printf_percent                          0x080001e5   Thumb Code     0  _printf_percent.o(.ARM.Collect$$_printf_percent$$00000000)
    _printf_p                                0x080001eb   Thumb Code     0  _printf_p.o(.ARM.Collect$$_printf_percent$$00000002)
    _printf_f                                0x080001f1   Thumb Code     0  _printf_f.o(.ARM.Collect$$_printf_percent$$00000003)
    _printf_e                                0x080001f7   Thumb Code     0  _printf_e.o(.ARM.Collect$$_printf_percent$$00000004)
    _printf_g                                0x080001fd   Thumb Code     0  _printf_g.o(.ARM.Collect$$_printf_percent$$00000005)
    _printf_a                                0x08000203   Thumb Code     0  _printf_a.o(.ARM.Collect$$_printf_percent$$00000006)
    _printf_ll                               0x08000209   Thumb Code     0  _printf_ll.o(.ARM.Collect$$_printf_percent$$00000007)
    _printf_i                                0x08000213   Thumb Code     0  _printf_i.o(.ARM.Collect$$_printf_percent$$00000008)
    _printf_d                                0x08000219   Thumb Code     0  _printf_d.o(.ARM.Collect$$_printf_percent$$00000009)
    _printf_u                                0x0800021f   Thumb Code     0  _printf_u.o(.ARM.Collect$$_printf_percent$$0000000A)
    _printf_o                                0x08000225   Thumb Code     0  _printf_o.o(.ARM.Collect$$_printf_percent$$0000000B)
    _printf_x                                0x0800022b   Thumb Code     0  _printf_x.o(.ARM.Collect$$_printf_percent$$0000000C)
    _printf_lli                              0x08000231   Thumb Code     0  _printf_lli.o(.ARM.Collect$$_printf_percent$$0000000D)
    _printf_lld                              0x08000237   Thumb Code     0  _printf_lld.o(.ARM.Collect$$_printf_percent$$0000000E)
    _printf_llu                              0x0800023d   Thumb Code     0  _printf_llu.o(.ARM.Collect$$_printf_percent$$0000000F)
    _printf_llo                              0x08000243   Thumb Code     0  _printf_llo.o(.ARM.Collect$$_printf_percent$$00000010)
    _printf_llx                              0x08000249   Thumb Code     0  _printf_llx.o(.ARM.Collect$$_printf_percent$$00000011)
    _printf_l                                0x0800024f   Thumb Code     0  _printf_l.o(.ARM.Collect$$_printf_percent$$00000012)
    _printf_c                                0x08000259   Thumb Code     0  _printf_c.o(.ARM.Collect$$_printf_percent$$00000013)
    _printf_s                                0x0800025f   Thumb Code     0  _printf_s.o(.ARM.Collect$$_printf_percent$$00000014)
    _printf_lc                               0x08000265   Thumb Code     0  _printf_lc.o(.ARM.Collect$$_printf_percent$$00000015)
    _printf_ls                               0x0800026b   Thumb Code     0  _printf_ls.o(.ARM.Collect$$_printf_percent$$00000016)
    _printf_percent_end                      0x08000271   Thumb Code     0  _printf_percent_end.o(.ARM.Collect$$_printf_percent$$00000017)
    __rt_lib_init                            0x08000275   Thumb Code     0  libinit.o(.ARM.Collect$$libinit$$00000000)
    __rt_lib_init_fp_1                       0x08000277   Thumb Code     0  libinit2.o(.ARM.Collect$$libinit$$00000002)
    __rt_lib_init_heap_1                     0x08000277   Thumb Code     0  libinit2.o(.ARM.Collect$$libinit$$0000000A)
    __rt_lib_init_lc_common                  0x08000277   Thumb Code     0  libinit2.o(.ARM.Collect$$libinit$$0000000F)
    __rt_lib_init_preinit_1                  0x08000277   Thumb Code     0  libinit2.o(.ARM.Collect$$libinit$$00000004)
    __rt_lib_init_rand_1                     0x08000277   Thumb Code     0  libinit2.o(.ARM.Collect$$libinit$$0000000E)
    __rt_lib_init_user_alloc_1               0x08000277   Thumb Code     0  libinit2.o(.ARM.Collect$$libinit$$0000000C)
    __rt_lib_init_lc_collate_1               0x0800027d   Thumb Code     0  libinit2.o(.ARM.Collect$$libinit$$00000011)
    __rt_lib_init_lc_ctype_2                 0x0800027d   Thumb Code     0  libinit2.o(.ARM.Collect$$libinit$$00000012)
    __rt_lib_init_lc_ctype_1                 0x08000289   Thumb Code     0  libinit2.o(.ARM.Collect$$libinit$$00000013)
    __rt_lib_init_lc_monetary_1              0x08000289   Thumb Code     0  libinit2.o(.ARM.Collect$$libinit$$00000015)
    __rt_lib_init_lc_numeric_2               0x08000289   Thumb Code     0  libinit2.o(.ARM.Collect$$libinit$$00000016)
    __rt_lib_init_alloca_1                   0x08000293   Thumb Code     0  libinit2.o(.ARM.Collect$$libinit$$0000002E)
    __rt_lib_init_argv_1                     0x08000293   Thumb Code     0  libinit2.o(.ARM.Collect$$libinit$$0000002C)
    __rt_lib_init_atexit_1                   0x08000293   Thumb Code     0  libinit2.o(.ARM.Collect$$libinit$$0000001B)
    __rt_lib_init_clock_1                    0x08000293   Thumb Code     0  libinit2.o(.ARM.Collect$$libinit$$00000021)
    __rt_lib_init_cpp_1                      0x08000293   Thumb Code     0  libinit2.o(.ARM.Collect$$libinit$$00000032)
    __rt_lib_init_exceptions_1               0x08000293   Thumb Code     0  libinit2.o(.ARM.Collect$$libinit$$00000030)
    __rt_lib_init_fp_trap_1                  0x08000293   Thumb Code     0  libinit2.o(.ARM.Collect$$libinit$$0000001F)
    __rt_lib_init_getenv_1                   0x08000293   Thumb Code     0  libinit2.o(.ARM.Collect$$libinit$$00000023)
    __rt_lib_init_lc_numeric_1               0x08000293   Thumb Code     0  libinit2.o(.ARM.Collect$$libinit$$00000017)
    __rt_lib_init_lc_time_1                  0x08000293   Thumb Code     0  libinit2.o(.ARM.Collect$$libinit$$00000019)
    __rt_lib_init_return                     0x08000293   Thumb Code     0  libinit2.o(.ARM.Collect$$libinit$$00000033)
    __rt_lib_init_signal_1                   0x08000293   Thumb Code     0  libinit2.o(.ARM.Collect$$libinit$$0000001D)
    __rt_lib_init_stdio_1                    0x08000293   Thumb Code     0  libinit2.o(.ARM.Collect$$libinit$$00000025)
    __rt_lib_shutdown                        0x08000295   Thumb Code     0  libshutdown.o(.ARM.Collect$$libshutdown$$00000000)
    __rt_lib_shutdown_cpp_1                  0x08000297   Thumb Code     0  libshutdown2.o(.ARM.Collect$$libshutdown$$00000002)
    __rt_lib_shutdown_fp_trap_1              0x08000297   Thumb Code     0  libshutdown2.o(.ARM.Collect$$libshutdown$$00000007)
    __rt_lib_shutdown_heap_1                 0x08000297   Thumb Code     0  libshutdown2.o(.ARM.Collect$$libshutdown$$0000000F)
    __rt_lib_shutdown_return                 0x08000297   Thumb Code     0  libshutdown2.o(.ARM.Collect$$libshutdown$$00000010)
    __rt_lib_shutdown_signal_1               0x08000297   Thumb Code     0  libshutdown2.o(.ARM.Collect$$libshutdown$$0000000A)
    __rt_lib_shutdown_stdio_1                0x08000297   Thumb Code     0  libshutdown2.o(.ARM.Collect$$libshutdown$$00000004)
    __rt_lib_shutdown_user_alloc_1           0x08000297   Thumb Code     0  libshutdown2.o(.ARM.Collect$$libshutdown$$0000000C)
    __rt_entry                               0x08000299   Thumb Code     0  __rtentry.o(.ARM.Collect$$rtentry$$00000000)
    __rt_entry_presh_1                       0x08000299   Thumb Code     0  __rtentry2.o(.ARM.Collect$$rtentry$$00000002)
    __rt_entry_sh                            0x08000299   Thumb Code     0  __rtentry4.o(.ARM.Collect$$rtentry$$00000004)
    __rt_entry_li                            0x0800029f   Thumb Code     0  __rtentry2.o(.ARM.Collect$$rtentry$$0000000A)
    __rt_entry_postsh_1                      0x0800029f   Thumb Code     0  __rtentry2.o(.ARM.Collect$$rtentry$$00000009)
    __rt_entry_main                          0x080002a3   Thumb Code     0  __rtentry2.o(.ARM.Collect$$rtentry$$0000000D)
    __rt_entry_postli_1                      0x080002a3   Thumb Code     0  __rtentry2.o(.ARM.Collect$$rtentry$$0000000C)
    __rt_exit                                0x080002ab   Thumb Code     0  rtexit.o(.ARM.Collect$$rtexit$$00000000)
    __rt_exit_ls                             0x080002ad   Thumb Code     0  rtexit2.o(.ARM.Collect$$rtexit$$00000003)
    __rt_exit_prels_1                        0x080002ad   Thumb Code     0  rtexit2.o(.ARM.Collect$$rtexit$$00000002)
    __rt_exit_exit                           0x080002b1   Thumb Code     0  rtexit2.o(.ARM.Collect$$rtexit$$00000004)
    Reset_Handler                            0x080002b9   Thumb Code     8  startup_at32f415.o(.text)
    ADC1_IRQHandler                          0x080002d3   Thumb Code     0  startup_at32f415.o(.text)
    CAN1_RX0_IRQHandler                      0x080002d3   Thumb Code     0  startup_at32f415.o(.text)
    CAN1_RX1_IRQHandler                      0x080002d3   Thumb Code     0  startup_at32f415.o(.text)
    CAN1_SE_IRQHandler                       0x080002d3   Thumb Code     0  startup_at32f415.o(.text)
    CAN1_TX_IRQHandler                       0x080002d3   Thumb Code     0  startup_at32f415.o(.text)
    CMP1_IRQHandler                          0x080002d3   Thumb Code     0  startup_at32f415.o(.text)
    CMP2_IRQHandler                          0x080002d3   Thumb Code     0  startup_at32f415.o(.text)
    CRM_IRQHandler                           0x080002d3   Thumb Code     0  startup_at32f415.o(.text)
    DMA1_Channel1_IRQHandler                 0x080002d3   Thumb Code     0  startup_at32f415.o(.text)
    DMA1_Channel2_IRQHandler                 0x080002d3   Thumb Code     0  startup_at32f415.o(.text)
    DMA1_Channel3_IRQHandler                 0x080002d3   Thumb Code     0  startup_at32f415.o(.text)
    DMA1_Channel4_IRQHandler                 0x080002d3   Thumb Code     0  startup_at32f415.o(.text)
    DMA1_Channel5_IRQHandler                 0x080002d3   Thumb Code     0  startup_at32f415.o(.text)
    DMA1_Channel6_IRQHandler                 0x080002d3   Thumb Code     0  startup_at32f415.o(.text)
    DMA1_Channel7_IRQHandler                 0x080002d3   Thumb Code     0  startup_at32f415.o(.text)
    DMA2_Channel1_IRQHandler                 0x080002d3   Thumb Code     0  startup_at32f415.o(.text)
    DMA2_Channel2_IRQHandler                 0x080002d3   Thumb Code     0  startup_at32f415.o(.text)
    DMA2_Channel3_IRQHandler                 0x080002d3   Thumb Code     0  startup_at32f415.o(.text)
    DMA2_Channel4_5_IRQHandler               0x080002d3   Thumb Code     0  startup_at32f415.o(.text)
    DMA2_Channel6_7_IRQHandler               0x080002d3   Thumb Code     0  startup_at32f415.o(.text)
    ERTCAlarm_IRQHandler                     0x080002d3   Thumb Code     0  startup_at32f415.o(.text)
    ERTC_WKUP_IRQHandler                     0x080002d3   Thumb Code     0  startup_at32f415.o(.text)
    EXINT0_IRQHandler                        0x080002d3   Thumb Code     0  startup_at32f415.o(.text)
    EXINT15_10_IRQHandler                    0x080002d3   Thumb Code     0  startup_at32f415.o(.text)
    EXINT1_IRQHandler                        0x080002d3   Thumb Code     0  startup_at32f415.o(.text)
    EXINT2_IRQHandler                        0x080002d3   Thumb Code     0  startup_at32f415.o(.text)
    EXINT3_IRQHandler                        0x080002d3   Thumb Code     0  startup_at32f415.o(.text)
    EXINT4_IRQHandler                        0x080002d3   Thumb Code     0  startup_at32f415.o(.text)
    EXINT9_5_IRQHandler                      0x080002d3   Thumb Code     0  startup_at32f415.o(.text)
    FLASH_IRQHandler                         0x080002d3   Thumb Code     0  startup_at32f415.o(.text)
    I2C1_ERR_IRQHandler                      0x080002d3   Thumb Code     0  startup_at32f415.o(.text)
    I2C1_EVT_IRQHandler                      0x080002d3   Thumb Code     0  startup_at32f415.o(.text)
    I2C2_ERR_IRQHandler                      0x080002d3   Thumb Code     0  startup_at32f415.o(.text)
    I2C2_EVT_IRQHandler                      0x080002d3   Thumb Code     0  startup_at32f415.o(.text)
    OTGFS1_IRQHandler                        0x080002d3   Thumb Code     0  startup_at32f415.o(.text)
    OTGFS1_WKUP_IRQHandler                   0x080002d3   Thumb Code     0  startup_at32f415.o(.text)
    PVM_IRQHandler                           0x080002d3   Thumb Code     0  startup_at32f415.o(.text)
    SDIO1_IRQHandler                         0x080002d3   Thumb Code     0  startup_at32f415.o(.text)
    SPI1_IRQHandler                          0x080002d3   Thumb Code     0  startup_at32f415.o(.text)
    SPI2_IRQHandler                          0x080002d3   Thumb Code     0  startup_at32f415.o(.text)
    TAMP_STAMP_IRQHandler                    0x080002d3   Thumb Code     0  startup_at32f415.o(.text)
    TMR1_BRK_TMR9_IRQHandler                 0x080002d3   Thumb Code     0  startup_at32f415.o(.text)
    TMR1_CH_IRQHandler                       0x080002d3   Thumb Code     0  startup_at32f415.o(.text)
    TMR1_TRG_HALL_TMR11_IRQHandler           0x080002d3   Thumb Code     0  startup_at32f415.o(.text)
    TMR2_GLOBAL_IRQHandler                   0x080002d3   Thumb Code     0  startup_at32f415.o(.text)
    TMR3_GLOBAL_IRQHandler                   0x080002d3   Thumb Code     0  startup_at32f415.o(.text)
    TMR4_GLOBAL_IRQHandler                   0x080002d3   Thumb Code     0  startup_at32f415.o(.text)
    TMR5_GLOBAL_IRQHandler                   0x080002d3   Thumb Code     0  startup_at32f415.o(.text)
    UART4_IRQHandler                         0x080002d3   Thumb Code     0  startup_at32f415.o(.text)
    UART5_IRQHandler                         0x080002d3   Thumb Code     0  startup_at32f415.o(.text)
    USART1_IRQHandler                        0x080002d3   Thumb Code     0  startup_at32f415.o(.text)
    USART2_IRQHandler                        0x080002d3   Thumb Code     0  startup_at32f415.o(.text)
    USART3_IRQHandler                        0x080002d3   Thumb Code     0  startup_at32f415.o(.text)
    WWDT_IRQHandler                          0x080002d3   Thumb Code     0  startup_at32f415.o(.text)
    __user_initial_stackheap                 0x080002d5   Thumb Code     0  startup_at32f415.o(.text)
    HardFault_Handler                        0x080002f9   Thumb Code    12  cmb_fault_keil.o(.text)
    __use_no_semihosting                     0x08000305   Thumb Code     2  use_no_semi_2.o(.text)
    __aeabi_uldivmod                         0x08000307   Thumb Code     0  lludivv7m.o(.text)
    _ll_udiv                                 0x08000307   Thumb Code   240  lludivv7m.o(.text)
    printf                                   0x080003f9   Thumb Code    20  printf.o(.text)
    sprintf                                  0x08000411   Thumb Code    38  sprintf.o(.text)
    __aeabi_memclr                           0x0800043d   Thumb Code     0  rt_memclr.o(.text)
    __rt_memclr                              0x0800043d   Thumb Code     0  rt_memclr.o(.text)
    _memset                                  0x08000441   Thumb Code    64  rt_memclr.o(.text)
    __aeabi_memclr4                          0x08000481   Thumb Code     0  rt_memclr_w.o(.text)
    __aeabi_memclr8                          0x08000481   Thumb Code     0  rt_memclr_w.o(.text)
    __rt_memclr_w                            0x08000481   Thumb Code     0  rt_memclr_w.o(.text)
    _memset_w                                0x08000485   Thumb Code    74  rt_memclr_w.o(.text)
    strncpy                                  0x080004cf   Thumb Code    86  strncpy.o(.text)
    strcmp                                   0x08000529   Thumb Code   124  strcmpv7em.o(.text)
    __use_two_region_memory                  0x080005a5   Thumb Code     2  heapauxi.o(.text)
    __rt_heap_escrow$2region                 0x080005a7   Thumb Code     2  heapauxi.o(.text)
    __rt_heap_expand$2region                 0x080005a9   Thumb Code     2  heapauxi.o(.text)
    __I$use$semihosting                      0x080005ab   Thumb Code     0  use_no_semi.o(.text)
    __use_no_semihosting_swi                 0x080005ab   Thumb Code     2  use_no_semi.o(.text)
    _printf_pre_padding                      0x080005ad   Thumb Code    44  _printf_pad.o(.text)
    _printf_post_padding                     0x080005d9   Thumb Code    34  _printf_pad.o(.text)
    _printf_truncate_signed                  0x080005fb   Thumb Code    18  _printf_truncate.o(.text)
    _printf_truncate_unsigned                0x0800060d   Thumb Code    18  _printf_truncate.o(.text)
    _printf_str                              0x0800061f   Thumb Code    82  _printf_str.o(.text)
    _printf_int_dec                          0x08000671   Thumb Code   104  _printf_dec.o(.text)
    _printf_charcount                        0x080006e9   Thumb Code    40  _printf_charcount.o(.text)
    _printf_char_common                      0x0800071b   Thumb Code    32  _printf_char_common.o(.text)
    _sputc                                   0x08000741   Thumb Code    10  _sputc.o(.text)
    _printf_char_file                        0x0800074d   Thumb Code    32  _printf_char_file.o(.text)
    _printf_wctomb                           0x08000771   Thumb Code   182  _printf_wctomb.o(.text)
    _printf_longlong_dec                     0x0800082d   Thumb Code   108  _printf_longlong_dec.o(.text)
    _printf_longlong_oct                     0x080008a9   Thumb Code    68  _printf_oct_int_ll.o(.text)
    _printf_int_oct                          0x080008ed   Thumb Code    24  _printf_oct_int_ll.o(.text)
    _printf_ll_oct                           0x08000905   Thumb Code    12  _printf_oct_int_ll.o(.text)
    _printf_longlong_hex                     0x08000919   Thumb Code    86  _printf_hex_int_ll_ptr.o(.text)
    _printf_int_hex                          0x0800096f   Thumb Code    28  _printf_hex_int_ll_ptr.o(.text)
    _printf_ll_hex                           0x0800098b   Thumb Code    12  _printf_hex_int_ll_ptr.o(.text)
    _printf_hex_ptr                          0x08000997   Thumb Code    18  _printf_hex_int_ll_ptr.o(.text)
    __printf                                 0x080009ad   Thumb Code   388  __printf_flags_ss_wp.o(.text)
    _ll_udiv10                               0x08000b35   Thumb Code   138  lludiv10.o(.text)
    _printf_int_common                       0x08000bbf   Thumb Code   178  _printf_intcommon.o(.text)
    _printf_fp_dec_real                      0x08000e21   Thumb Code   620  _printf_fp_dec.o(.text)
    _printf_fp_hex_real                      0x0800108d   Thumb Code   756  _printf_fp_hex.o(.text)
    _printf_cs_common                        0x08001389   Thumb Code    20  _printf_char.o(.text)
    _printf_char                             0x0800139d   Thumb Code    16  _printf_char.o(.text)
    _printf_string                           0x080013ad   Thumb Code     8  _printf_char.o(.text)
    _printf_lcs_common                       0x080013b5   Thumb Code    20  _printf_wchar.o(.text)
    _printf_wchar                            0x080013c9   Thumb Code    16  _printf_wchar.o(.text)
    _printf_wstring                          0x080013d9   Thumb Code     8  _printf_wchar.o(.text)
    ferror                                   0x080013e1   Thumb Code     8  ferror.o(.text)
    _c16rtomb                                0x080013e9   Thumb Code    72  _c16rtomb.o(.text)
    _wcrtomb                                 0x080013e9   Thumb Code     0  _c16rtomb.o(.text)
    __user_setup_stackheap                   0x08001431   Thumb Code    74  sys_stackheap_outer.o(.text)
    __rt_ctype_table                         0x0800147d   Thumb Code    16  rt_ctype_table.o(.text)
    __rt_locale                              0x0800148d   Thumb Code     8  rt_locale_intlibspace.o(.text)
    _printf_fp_infnan                        0x08001495   Thumb Code   112  _printf_fp_infnan.o(.text)
    _btod_etento                             0x08001515   Thumb Code   224  bigflt0.o(.text)
    exit                                     0x080015f9   Thumb Code    18  exit.o(.text)
    __user_libspace                          0x0800160d   Thumb Code     8  libspace.o(.text)
    __user_perproc_libspace                  0x0800160d   Thumb Code     0  libspace.o(.text)
    __user_perthread_libspace                0x0800160d   Thumb Code     0  libspace.o(.text)
    DelayInit                                0x08001615   Thumb Code    90  drv_timer.o(.text.$Sub$$DelayInit)
    TMR1_OVF_TMR10_IRQHandler                0x08001671   Thumb Code    42  drv_timer.o(.text.$Sub$$TMR1_OVF_TMR10_IRQHandler)
    BusFault_Handler                         0x0800169d   Thumb Code     4  at32f415_int.o(.text.BusFault_Handler)
    DbgUartInit                              0x080016a1   Thumb Code   126  drv_hwuart.o(.text.DbgUartInit)
    DebugMon_Handler                         0x08001721   Thumb Code     2  at32f415_int.o(.text.DebugMon_Handler)
    DelayBlock                               0x08001725   Thumb Code    48  delay.o(.text.DelayBlock)
    $Super$$DelayInit                        0x08001795   Thumb Code     2  delay.o(.text.DelayInit)
    EEPROM_DetectCapacity                    0x08001799   Thumb Code   260  i2c_eeprom.o(.text.EEPROM_DetectCapacity)
    EEPROM_Hexdump                           0x0800189d   Thumb Code   266  i2c_eeprom.o(.text.EEPROM_Hexdump)
    EEPROM_Init                              0x080019a9   Thumb Code    10  i2c_eeprom.o(.text.EEPROM_Init)
    EEPROM_ReadBlock                         0x080019b5   Thumb Code   228  i2c_eeprom.o(.text.EEPROM_ReadBlock)
    EEPROM_Test                              0x08001a99   Thumb Code   124  i2c_eeprom.o(.text.EEPROM_Test)
    EEPROM_WriteBlock                        0x08001b99   Thumb Code   622  i2c_eeprom.o(.text.EEPROM_WriteBlock)
    GetTick100ns                             0x08001e09   Thumb Code    50  drv_timer.o(.text.GetTick100ns)
    GetTickUs                                0x08001e3d   Thumb Code    22  drv_timer.o(.text.GetTickUs)
    I2C_Master_Init                          0x08002281   Thumb Code    66  i2cmst.o(.text.I2C_Master_Init)
    I2C_Master_IsDeviceReady                 0x080022c5   Thumb Code    34  i2cmst.o(.text.I2C_Master_IsDeviceReady)
    I2C_Master_ReadBlock                     0x080022e9   Thumb Code    74  i2cmst.o(.text.I2C_Master_ReadBlock)
    I2C_Master_ScanAddress                   0x08002335   Thumb Code   212  i2cmst.o(.text.I2C_Master_ScanAddress)
    I2C_Master_WriteBlock                    0x08002409   Thumb Code    74  i2cmst.o(.text.I2C_Master_WriteBlock)
    LOG_GetTimestamp                         0x08002455   Thumb Code    22  logger.o(.text.LOG_GetTimestamp)
    MemManage_Handler                        0x0800246d   Thumb Code     4  at32f415_int.o(.text.MemManage_Handler)
    NMI_Handler                              0x08002471   Thumb Code     2  at32f415_int.o(.text.NMI_Handler)
    PIN_ReadLevel                            0x080024e1   Thumb Code    24  pinctrl.o(.text.PIN_ReadLevel)
    PIN_SetMode                              0x08002521   Thumb Code    40  pinctrl.o(.text.PIN_SetMode)
    PIN_ToggleLevel                          0x08002625   Thumb Code    24  pinctrl.o(.text.PIN_ToggleLevel)
    PIN_WriteLevel                           0x08002661   Thumb Code    32  pinctrl.o(.text.PIN_WriteLevel)
    PendSV_Handler                           0x080026b9   Thumb Code     2  at32f415_int.o(.text.PendSV_Handler)
    SEGGER_RTT_Init                          0x080026bd   Thumb Code     8  segger_rtt.o(.text.SEGGER_RTT_Init)
    SVC_Handler                              0x080026c5   Thumb Code     2  at32f415_int.o(.text.SVC_Handler)
    SysTick_Handler                          0x08002dc5   Thumb Code     2  at32f415_int.o(.text.SysTick_Handler)
    SystemInit                               0x08002dc9   Thumb Code   208  system_at32f415.o(.text.SystemInit)
    $Super$$TMR1_OVF_TMR10_IRQHandler        0x08002e99   Thumb Code    38  at32f415_int.o(.text.TMR1_OVF_TMR10_IRQHandler)
    UsageFault_Handler                       0x08002ec1   Thumb Code     4  at32f415_int.o(.text.UsageFault_Handler)
    _sys_exit                                0x08003029   Thumb Code     8  drv_hwuart.o(.text._sys_exit)
    cm_backtrace_call_stack                  0x08003031   Thumb Code   410  cm_backtrace.o(.text.cm_backtrace_call_stack)
    cm_backtrace_fault                       0x080031cd   Thumb Code   774  cm_backtrace.o(.text.cm_backtrace_fault)
    cm_backtrace_firmware_info               0x080034d5   Thumb Code    54  cm_backtrace.o(.text.cm_backtrace_firmware_info)
    cm_backtrace_init                        0x0800350d   Thumb Code   192  cm_backtrace.o(.text.cm_backtrace_init)
    crm_ahb_div_set                          0x080035cd   Thumb Code    38  at32f415_crm.o(.text.crm_ahb_div_set)
    crm_apb1_div_set                         0x080035f5   Thumb Code    38  at32f415_crm.o(.text.crm_apb1_div_set)
    crm_apb2_div_set                         0x0800361d   Thumb Code    38  at32f415_crm.o(.text.crm_apb2_div_set)
    crm_auto_step_mode_enable                0x08003645   Thumb Code    56  at32f415_crm.o(.text.crm_auto_step_mode_enable)
    crm_clock_source_enable                  0x0800367d   Thumb Code   166  at32f415_crm.o(.text.crm_clock_source_enable)
    crm_clocks_freq_get                      0x08003725   Thumb Code   622  at32f415_crm.o(.text.crm_clocks_freq_get)
    crm_flag_get                             0x08003995   Thumb Code    62  at32f415_crm.o(.text.crm_flag_get)
    crm_hext_stable_wait                     0x080039d5   Thumb Code   100  at32f415_crm.o(.text.crm_hext_stable_wait)
    crm_periph_clock_enable                  0x08003a39   Thumb Code    82  at32f415_crm.o(.text.crm_periph_clock_enable)
    crm_periph_reset                         0x08003a8d   Thumb Code    82  at32f415_crm.o(.text.crm_periph_reset)
    crm_pll_config                           0x08003ae1   Thumb Code   484  at32f415_crm.o(.text.crm_pll_config)
    crm_reset                                0x08003cc5   Thumb Code   154  at32f415_crm.o(.text.crm_reset)
    crm_sysclk_switch                        0x08003d61   Thumb Code    70  at32f415_crm.o(.text.crm_sysclk_switch)
    crm_sysclk_switch_status_get             0x08003da9   Thumb Code    16  at32f415_crm.o(.text.crm_sysclk_switch_status_get)
    fputc                                    0x080044c9   Thumb Code    74  drv_hwuart.o(.text.fputc)
    gpio_default_para_init                   0x08004515   Thumb Code    38  at32f415_gpio.o(.text.gpio_default_para_init)
    gpio_init                                0x0800453d   Thumb Code   320  at32f415_gpio.o(.text.gpio_init)
    hexdump                                  0x0800467d   Thumb Code   852  hexdump.o(.text.hexdump)
    i2c_7bit_address_send                    0x080049d1   Thumb Code    52  at32f415_i2c.o(.text.i2c_7bit_address_send)
    i2c_ack_enable                           0x08004a05   Thumb Code    34  at32f415_i2c.o(.text.i2c_ack_enable)
    i2c_data_receive                         0x08004a29   Thumb Code    14  at32f415_i2c.o(.text.i2c_data_receive)
    i2c_data_send                            0x08004a39   Thumb Code    20  at32f415_i2c.o(.text.i2c_data_send)
    i2c_enable                               0x08004a4d   Thumb Code    26  at32f415_i2c.o(.text.i2c_enable)
    i2c_flag_clear                           0x08004a69   Thumb Code    70  at32f415_i2c.o(.text.i2c_flag_clear)
    i2c_flag_get                             0x08004ab1   Thumb Code    88  at32f415_i2c.o(.text.i2c_flag_get)
    i2c_init                                 0x08004b09   Thumb Code   376  at32f415_i2c.o(.text.i2c_init)
    i2c_master_read_addr                     0x08004c81   Thumb Code   290  i2c_application.o(.text.i2c_master_read_addr)
    i2c_master_receive                       0x08004da5   Thumb Code   670  i2c_application.o(.text.i2c_master_receive)
    i2c_master_receive_ack_set               0x08005045   Thumb Code    34  at32f415_i2c.o(.text.i2c_master_receive_ack_set)
    i2c_master_transmit                      0x08005069   Thumb Code   246  i2c_application.o(.text.i2c_master_transmit)
    i2c_master_write_addr                    0x08005161   Thumb Code   184  i2c_application.o(.text.i2c_master_write_addr)
    i2c_memory_address_send                  0x08005219   Thumb Code   124  i2c_application.o(.text.i2c_memory_address_send)
    i2c_memory_read                          0x08005295   Thumb Code   818  i2c_application.o(.text.i2c_memory_read)
    i2c_memory_write                         0x080055c9   Thumb Code   320  i2c_application.o(.text.i2c_memory_write)
    i2c_own_address1_set                     0x08005709   Thumb Code    52  at32f415_i2c.o(.text.i2c_own_address1_set)
    i2c_reset                                0x0800573d   Thumb Code    92  at32f415_i2c.o(.text.i2c_reset)
    i2c_start_generate                       0x08005799   Thumb Code    18  at32f415_i2c.o(.text.i2c_start_generate)
    i2c_stop_generate                        0x080057ad   Thumb Code    18  at32f415_i2c.o(.text.i2c_stop_generate)
    i2c_wait_flag                            0x080057c1   Thumb Code   240  i2c_application.o(.text.i2c_wait_flag)
    main                                     0x080058e1   Thumb Code   306  main.o(.text.main)
    nvic_irq_enable                          0x08005a15   Thumb Code    52  at32f415_misc.o(.text.nvic_irq_enable)
    nvic_priority_group_config               0x08005a49   Thumb Code    20  at32f415_misc.o(.text.nvic_priority_group_config)
    system_clock_config                      0x08005b69   Thumb Code   134  at32f415_clock.o(.text.system_clock_config)
    system_core_clock_update                 0x08005bf1   Thumb Code   562  system_at32f415.o(.text.system_core_clock_update)
    tmr_base_init                            0x08005e25   Thumb Code    34  at32f415_tmr.o(.text.tmr_base_init)
    tmr_cnt_dir_set                          0x08005e49   Thumb Code    34  at32f415_tmr.o(.text.tmr_cnt_dir_set)
    tmr_counter_enable                       0x08005e6d   Thumb Code    26  at32f415_tmr.o(.text.tmr_counter_enable)
    tmr_flag_clear                           0x08005e89   Thumb Code    18  at32f415_tmr.o(.text.tmr_flag_clear)
    tmr_interrupt_enable                     0x08005e9d   Thumb Code    58  at32f415_tmr.o(.text.tmr_interrupt_enable)
    tmr_interrupt_flag_get                   0x08005ed9   Thumb Code    60  at32f415_tmr.o(.text.tmr_interrupt_flag_get)
    usart_data_transmit                      0x08005f15   Thumb Code    24  at32f415_usart.o(.text.usart_data_transmit)
    usart_enable                             0x08005f2d   Thumb Code    34  at32f415_usart.o(.text.usart_enable)
    usart_flag_get                           0x08005f51   Thumb Code    42  at32f415_usart.o(.text.usart_flag_get)
    usart_init                               0x08005f7d   Thumb Code   206  at32f415_usart.o(.text.usart_init)
    usart_transmitter_enable                 0x0800604d   Thumb Code    34  at32f415_usart.o(.text.usart_transmitter_enable)
    _btod_d2e                                0x0800606f   Thumb Code    62  btod.o(CL$$btod_d2e)
    _d2e_denorm_low                          0x080060ad   Thumb Code    70  btod.o(CL$$btod_d2e_denorm_low)
    _d2e_norm_op1                            0x080060f3   Thumb Code    96  btod.o(CL$$btod_d2e_norm_op1)
    __btod_div_common                        0x08006155   Thumb Code   696  btod.o(CL$$btod_div_common)
    _e2e                                     0x0800648d   Thumb Code   220  btod.o(CL$$btod_e2e)
    _btod_ediv                               0x08006569   Thumb Code    42  btod.o(CL$$btod_ediv)
    _btod_emul                               0x08006593   Thumb Code    42  btod.o(CL$$btod_emul)
    __btod_mult_common                       0x080065bd   Thumb Code   580  btod.o(CL$$btod_mult_common)
    __ARM_fpclassify                         0x08006801   Thumb Code    40  fpclassify.o(i.__ARM_fpclassify)
    _is_digit                                0x08006829   Thumb Code    14  __printf_wp.o(i._is_digit)
    _get_lc_numeric                          0x08006839   Thumb Code    44  lc_numeric_c.o(locale$$code)
    _get_lc_ctype                            0x08006865   Thumb Code    44  lc_ctype_c.o(locale$$code)
    _printf_fp_dec                           0x08006891   Thumb Code     4  printf1.o(x$fpl$printf1)
    _printf_fp_hex                           0x08006895   Thumb Code     4  printf2.o(x$fpl$printf2)
    __I$use$fp                               0x08006898   Number         0  usenofp.o(x$fpl$usenofp)
    g_hwI2cOps                               0x08006a20   Data          24  drv_hwi2cmst.o(.rodata.g_hwI2cOps)
    g_hwPinOps                               0x08006a38   Data          16  drv_pinctrl.o(.rodata.g_hwPinOps)
    g_swI2cOps                               0x08006a48   Data          24  swi2cmst.o(.rodata.g_swI2cOps)
    Region$$Table$$Base                      0x080077ac   Number         0  anon$$obj.o(Region$$Table)
    Region$$Table$$Limit                     0x080077cc   Number         0  anon$$obj.o(Region$$Table)
    __ctype                                  0x080077f5   Data           0  lc_ctype_c.o(locale$$data)
    Image$$ER_IROM1$$Limit                   0x080078f8   Number         0  anon$$obj.o ABSOLUTE
    system_core_clock                        0x2000001c   Data           4  system_at32f415.o(.data.system_core_clock)
    __libspace_start                         0x20000020   Data          96  libspace.o(.bss)
    _SEGGER_RTT                              0x20000080   Data         168  segger_rtt.o(.bss._SEGGER_RTT)
    __temporary_stack_top$libspace           0x20000080   Data           0  libspace.o(.bss)
    __stdout                                 0x20000128   Data          84  drv_hwuart.o(.bss.__stdout)
    STACK$$Base                              0x20000f70   Number         0  startup_at32f415.o(STACK)
    STACK$$Limit                             0x20001770   Number         0  startup_at32f415.o(STACK)



==============================================================================

Memory Map of the image

  Image Entry point : 0x08000171

  Load Region LR_IROM1 (Base: 0x08000000, Size: 0x00007918, Max: 0x00020000, ABSOLUTE)

    Execution Region ER_IROM1 (Exec base: 0x08000000, Load base: 0x08000000, Size: 0x000078f8, Max: 0x00020000, ABSOLUTE)

    Exec Addr    Load Addr    Size         Type   Attr      Idx    E Section Name        Object

    0x08000000   0x08000000   0x00000170   Data   RO         1213    RESET               startup_at32f415.o
    0x08000170   0x08000170   0x00000008   Code   RO         1768  * !!!main             c_w.l(__main.o)
    0x08000178   0x08000178   0x00000034   Code   RO         2111    !!!scatter          c_w.l(__scatter.o)
    0x080001ac   0x080001ac   0x0000001a   Code   RO         2113    !!handler_copy      c_w.l(__scatter_copy.o)
    0x080001c6   0x080001c6   0x00000002   PAD
    0x080001c8   0x080001c8   0x0000001c   Code   RO         2115    !!handler_zi        c_w.l(__scatter_zi.o)
    0x080001e4   0x080001e4   0x00000000   Code   RO         1860    .ARM.Collect$$_printf_percent$$00000000  c_w.l(_printf_percent.o)
    0x080001e4   0x080001e4   0x00000006   Code   RO         1849    .ARM.Collect$$_printf_percent$$00000001  c_w.l(_printf_n.o)
    0x080001ea   0x080001ea   0x00000006   Code   RO         1851    .ARM.Collect$$_printf_percent$$00000002  c_w.l(_printf_p.o)
    0x080001f0   0x080001f0   0x00000006   Code   RO         1856    .ARM.Collect$$_printf_percent$$00000003  c_w.l(_printf_f.o)
    0x080001f6   0x080001f6   0x00000006   Code   RO         1857    .ARM.Collect$$_printf_percent$$00000004  c_w.l(_printf_e.o)
    0x080001fc   0x080001fc   0x00000006   Code   RO         1858    .ARM.Collect$$_printf_percent$$00000005  c_w.l(_printf_g.o)
    0x08000202   0x08000202   0x00000006   Code   RO         1859    .ARM.Collect$$_printf_percent$$00000006  c_w.l(_printf_a.o)
    0x08000208   0x08000208   0x0000000a   Code   RO         1864    .ARM.Collect$$_printf_percent$$00000007  c_w.l(_printf_ll.o)
    0x08000212   0x08000212   0x00000006   Code   RO         1853    .ARM.Collect$$_printf_percent$$00000008  c_w.l(_printf_i.o)
    0x08000218   0x08000218   0x00000006   Code   RO         1854    .ARM.Collect$$_printf_percent$$00000009  c_w.l(_printf_d.o)
    0x0800021e   0x0800021e   0x00000006   Code   RO         1855    .ARM.Collect$$_printf_percent$$0000000A  c_w.l(_printf_u.o)
    0x08000224   0x08000224   0x00000006   Code   RO         1852    .ARM.Collect$$_printf_percent$$0000000B  c_w.l(_printf_o.o)
    0x0800022a   0x0800022a   0x00000006   Code   RO         1850    .ARM.Collect$$_printf_percent$$0000000C  c_w.l(_printf_x.o)
    0x08000230   0x08000230   0x00000006   Code   RO         1861    .ARM.Collect$$_printf_percent$$0000000D  c_w.l(_printf_lli.o)
    0x08000236   0x08000236   0x00000006   Code   RO         1862    .ARM.Collect$$_printf_percent$$0000000E  c_w.l(_printf_lld.o)
    0x0800023c   0x0800023c   0x00000006   Code   RO         1863    .ARM.Collect$$_printf_percent$$0000000F  c_w.l(_printf_llu.o)
    0x08000242   0x08000242   0x00000006   Code   RO         1868    .ARM.Collect$$_printf_percent$$00000010  c_w.l(_printf_llo.o)
    0x08000248   0x08000248   0x00000006   Code   RO         1869    .ARM.Collect$$_printf_percent$$00000011  c_w.l(_printf_llx.o)
    0x0800024e   0x0800024e   0x0000000a   Code   RO         1865    .ARM.Collect$$_printf_percent$$00000012  c_w.l(_printf_l.o)
    0x08000258   0x08000258   0x00000006   Code   RO         1847    .ARM.Collect$$_printf_percent$$00000013  c_w.l(_printf_c.o)
    0x0800025e   0x0800025e   0x00000006   Code   RO         1848    .ARM.Collect$$_printf_percent$$00000014  c_w.l(_printf_s.o)
    0x08000264   0x08000264   0x00000006   Code   RO         1866    .ARM.Collect$$_printf_percent$$00000015  c_w.l(_printf_lc.o)
    0x0800026a   0x0800026a   0x00000006   Code   RO         1867    .ARM.Collect$$_printf_percent$$00000016  c_w.l(_printf_ls.o)
    0x08000270   0x08000270   0x00000004   Code   RO         1914    .ARM.Collect$$_printf_percent$$00000017  c_w.l(_printf_percent_end.o)
    0x08000274   0x08000274   0x00000002   Code   RO         1973    .ARM.Collect$$libinit$$00000000  c_w.l(libinit.o)
    0x08000276   0x08000276   0x00000000   Code   RO         1996    .ARM.Collect$$libinit$$00000002  c_w.l(libinit2.o)
    0x08000276   0x08000276   0x00000000   Code   RO         1998    .ARM.Collect$$libinit$$00000004  c_w.l(libinit2.o)
    0x08000276   0x08000276   0x00000000   Code   RO         2001    .ARM.Collect$$libinit$$0000000A  c_w.l(libinit2.o)
    0x08000276   0x08000276   0x00000000   Code   RO         2003    .ARM.Collect$$libinit$$0000000C  c_w.l(libinit2.o)
    0x08000276   0x08000276   0x00000000   Code   RO         2005    .ARM.Collect$$libinit$$0000000E  c_w.l(libinit2.o)
    0x08000276   0x08000276   0x00000006   Code   RO         2006    .ARM.Collect$$libinit$$0000000F  c_w.l(libinit2.o)
    0x0800027c   0x0800027c   0x00000000   Code   RO         2008    .ARM.Collect$$libinit$$00000011  c_w.l(libinit2.o)
    0x0800027c   0x0800027c   0x0000000c   Code   RO         2009    .ARM.Collect$$libinit$$00000012  c_w.l(libinit2.o)
    0x08000288   0x08000288   0x00000000   Code   RO         2010    .ARM.Collect$$libinit$$00000013  c_w.l(libinit2.o)
    0x08000288   0x08000288   0x00000000   Code   RO         2012    .ARM.Collect$$libinit$$00000015  c_w.l(libinit2.o)
    0x08000288   0x08000288   0x0000000a   Code   RO         2013    .ARM.Collect$$libinit$$00000016  c_w.l(libinit2.o)
    0x08000292   0x08000292   0x00000000   Code   RO         2014    .ARM.Collect$$libinit$$00000017  c_w.l(libinit2.o)
    0x08000292   0x08000292   0x00000000   Code   RO         2016    .ARM.Collect$$libinit$$00000019  c_w.l(libinit2.o)
    0x08000292   0x08000292   0x00000000   Code   RO         2018    .ARM.Collect$$libinit$$0000001B  c_w.l(libinit2.o)
    0x08000292   0x08000292   0x00000000   Code   RO         2020    .ARM.Collect$$libinit$$0000001D  c_w.l(libinit2.o)
    0x08000292   0x08000292   0x00000000   Code   RO         2022    .ARM.Collect$$libinit$$0000001F  c_w.l(libinit2.o)
    0x08000292   0x08000292   0x00000000   Code   RO         2024    .ARM.Collect$$libinit$$00000021  c_w.l(libinit2.o)
    0x08000292   0x08000292   0x00000000   Code   RO         2026    .ARM.Collect$$libinit$$00000023  c_w.l(libinit2.o)
    0x08000292   0x08000292   0x00000000   Code   RO         2028    .ARM.Collect$$libinit$$00000025  c_w.l(libinit2.o)
    0x08000292   0x08000292   0x00000000   Code   RO         2032    .ARM.Collect$$libinit$$0000002C  c_w.l(libinit2.o)
    0x08000292   0x08000292   0x00000000   Code   RO         2034    .ARM.Collect$$libinit$$0000002E  c_w.l(libinit2.o)
    0x08000292   0x08000292   0x00000000   Code   RO         2036    .ARM.Collect$$libinit$$00000030  c_w.l(libinit2.o)
    0x08000292   0x08000292   0x00000000   Code   RO         2038    .ARM.Collect$$libinit$$00000032  c_w.l(libinit2.o)
    0x08000292   0x08000292   0x00000002   Code   RO         2039    .ARM.Collect$$libinit$$00000033  c_w.l(libinit2.o)
    0x08000294   0x08000294   0x00000002   Code   RO         2065    .ARM.Collect$$libshutdown$$00000000  c_w.l(libshutdown.o)
    0x08000296   0x08000296   0x00000000   Code   RO         2093    .ARM.Collect$$libshutdown$$00000002  c_w.l(libshutdown2.o)
    0x08000296   0x08000296   0x00000000   Code   RO         2095    .ARM.Collect$$libshutdown$$00000004  c_w.l(libshutdown2.o)
    0x08000296   0x08000296   0x00000000   Code   RO         2098    .ARM.Collect$$libshutdown$$00000007  c_w.l(libshutdown2.o)
    0x08000296   0x08000296   0x00000000   Code   RO         2101    .ARM.Collect$$libshutdown$$0000000A  c_w.l(libshutdown2.o)
    0x08000296   0x08000296   0x00000000   Code   RO         2103    .ARM.Collect$$libshutdown$$0000000C  c_w.l(libshutdown2.o)
    0x08000296   0x08000296   0x00000000   Code   RO         2106    .ARM.Collect$$libshutdown$$0000000F  c_w.l(libshutdown2.o)
    0x08000296   0x08000296   0x00000002   Code   RO         2107    .ARM.Collect$$libshutdown$$00000010  c_w.l(libshutdown2.o)
    0x08000298   0x08000298   0x00000000   Code   RO         1772    .ARM.Collect$$rtentry$$00000000  c_w.l(__rtentry.o)
    0x08000298   0x08000298   0x00000000   Code   RO         1881    .ARM.Collect$$rtentry$$00000002  c_w.l(__rtentry2.o)
    0x08000298   0x08000298   0x00000006   Code   RO         1893    .ARM.Collect$$rtentry$$00000004  c_w.l(__rtentry4.o)
    0x0800029e   0x0800029e   0x00000000   Code   RO         1883    .ARM.Collect$$rtentry$$00000009  c_w.l(__rtentry2.o)
    0x0800029e   0x0800029e   0x00000004   Code   RO         1884    .ARM.Collect$$rtentry$$0000000A  c_w.l(__rtentry2.o)
    0x080002a2   0x080002a2   0x00000000   Code   RO         1886    .ARM.Collect$$rtentry$$0000000C  c_w.l(__rtentry2.o)
    0x080002a2   0x080002a2   0x00000008   Code   RO         1887    .ARM.Collect$$rtentry$$0000000D  c_w.l(__rtentry2.o)
    0x080002aa   0x080002aa   0x00000002   Code   RO         1982    .ARM.Collect$$rtexit$$00000000  c_w.l(rtexit.o)
    0x080002ac   0x080002ac   0x00000000   Code   RO         2041    .ARM.Collect$$rtexit$$00000002  c_w.l(rtexit2.o)
    0x080002ac   0x080002ac   0x00000004   Code   RO         2042    .ARM.Collect$$rtexit$$00000003  c_w.l(rtexit2.o)
    0x080002b0   0x080002b0   0x00000006   Code   RO         2043    .ARM.Collect$$rtexit$$00000004  c_w.l(rtexit2.o)
    0x080002b6   0x080002b6   0x00000002   PAD
    0x080002b8   0x080002b8   0x00000040   Code   RO         1214    .text               startup_at32f415.o
    0x080002f8   0x080002f8   0x0000000c   Code   RO         1738    .text               cmb_fault_keil.o
    0x08000304   0x08000304   0x00000002   Code   RO         1744    .text               c_w.l(use_no_semi_2.o)
    0x08000306   0x08000306   0x000000f0   Code   RO         1746    .text               c_w.l(lludivv7m.o)
    0x080003f6   0x080003f6   0x00000002   PAD
    0x080003f8   0x080003f8   0x00000018   Code   RO         1748    .text               c_w.l(printf.o)
    0x08000410   0x08000410   0x0000002c   Code   RO         1750    .text               c_w.l(sprintf.o)
    0x0800043c   0x0800043c   0x00000044   Code   RO         1758    .text               c_w.l(rt_memclr.o)
    0x08000480   0x08000480   0x0000004e   Code   RO         1760    .text               c_w.l(rt_memclr_w.o)
    0x080004ce   0x080004ce   0x00000056   Code   RO         1762    .text               c_w.l(strncpy.o)
    0x08000524   0x08000524   0x00000004   PAD
    0x08000528   0x08000528   0x0000007c   Code   RO         1764    .text               c_w.l(strcmpv7em.o)
    0x080005a4   0x080005a4   0x00000006   Code   RO         1766    .text               c_w.l(heapauxi.o)
    0x080005aa   0x080005aa   0x00000002   Code   RO         1770    .text               c_w.l(use_no_semi.o)
    0x080005ac   0x080005ac   0x0000004e   Code   RO         1779    .text               c_w.l(_printf_pad.o)
    0x080005fa   0x080005fa   0x00000024   Code   RO         1781    .text               c_w.l(_printf_truncate.o)
    0x0800061e   0x0800061e   0x00000052   Code   RO         1783    .text               c_w.l(_printf_str.o)
    0x08000670   0x08000670   0x00000078   Code   RO         1785    .text               c_w.l(_printf_dec.o)
    0x080006e8   0x080006e8   0x00000028   Code   RO         1787    .text               c_w.l(_printf_charcount.o)
    0x08000710   0x08000710   0x00000030   Code   RO         1789    .text               c_w.l(_printf_char_common.o)
    0x08000740   0x08000740   0x0000000a   Code   RO         1791    .text               c_w.l(_sputc.o)
    0x0800074a   0x0800074a   0x00000002   PAD
    0x0800074c   0x0800074c   0x00000024   Code   RO         1793    .text               c_w.l(_printf_char_file.o)
    0x08000770   0x08000770   0x000000bc   Code   RO         1795    .text               c_w.l(_printf_wctomb.o)
    0x0800082c   0x0800082c   0x0000007c   Code   RO         1798    .text               c_w.l(_printf_longlong_dec.o)
    0x080008a8   0x080008a8   0x00000070   Code   RO         1804    .text               c_w.l(_printf_oct_int_ll.o)
    0x08000918   0x08000918   0x00000094   Code   RO         1824    .text               c_w.l(_printf_hex_int_ll_ptr.o)
    0x080009ac   0x080009ac   0x00000188   Code   RO         1844    .text               c_w.l(__printf_flags_ss_wp.o)
    0x08000b34   0x08000b34   0x0000008a   Code   RO         1897    .text               c_w.l(lludiv10.o)
    0x08000bbe   0x08000bbe   0x000000b2   Code   RO         1899    .text               c_w.l(_printf_intcommon.o)
    0x08000c70   0x08000c70   0x0000041c   Code   RO         1901    .text               c_w.l(_printf_fp_dec.o)
    0x0800108c   0x0800108c   0x000002fc   Code   RO         1905    .text               c_w.l(_printf_fp_hex.o)
    0x08001388   0x08001388   0x0000002c   Code   RO         1910    .text               c_w.l(_printf_char.o)
    0x080013b4   0x080013b4   0x0000002c   Code   RO         1912    .text               c_w.l(_printf_wchar.o)
    0x080013e0   0x080013e0   0x00000008   Code   RO         1915    .text               c_w.l(ferror.o)
    0x080013e8   0x080013e8   0x00000048   Code   RO         1919    .text               c_w.l(_c16rtomb.o)
    0x08001430   0x08001430   0x0000004a   Code   RO         1921    .text               c_w.l(sys_stackheap_outer.o)
    0x0800147a   0x0800147a   0x00000002   PAD
    0x0800147c   0x0800147c   0x00000010   Code   RO         1923    .text               c_w.l(rt_ctype_table.o)
    0x0800148c   0x0800148c   0x00000008   Code   RO         1928    .text               c_w.l(rt_locale_intlibspace.o)
    0x08001494   0x08001494   0x00000080   Code   RO         1930    .text               c_w.l(_printf_fp_infnan.o)
    0x08001514   0x08001514   0x000000e4   Code   RO         1932    .text               c_w.l(bigflt0.o)
    0x080015f8   0x080015f8   0x00000012   Code   RO         1962    .text               c_w.l(exit.o)
    0x0800160a   0x0800160a   0x00000002   PAD
    0x0800160c   0x0800160c   0x00000008   Code   RO         1979    .text               c_w.l(libspace.o)
    0x08001614   0x08001614   0x0000005a   Code   RO         1533    .text.$Sub$$DelayInit  drv_timer.o
    0x0800166e   0x0800166e   0x00000002   PAD
    0x08001670   0x08001670   0x0000002a   Code   RO         1539    .text.$Sub$$TMR1_OVF_TMR10_IRQHandler  drv_timer.o
    0x0800169a   0x0800169a   0x00000002   PAD
    0x0800169c   0x0800169c   0x00000004   Code   RO           16    .text.BusFault_Handler  at32f415_int.o
    0x080016a0   0x080016a0   0x0000007e   Code   RO         1500    .text.DbgUartInit   drv_hwuart.o
    0x0800171e   0x0800171e   0x00000002   PAD
    0x08001720   0x08001720   0x00000002   Code   RO           22    .text.DebugMon_Handler  at32f415_int.o
    0x08001722   0x08001722   0x00000002   PAD
    0x08001724   0x08001724   0x00000030   Code   RO         1223    .text.DelayBlock    delay.o
    0x08001754   0x08001754   0x00000016   Code   RO           39    .text.DelayBlockMs  main.o
    0x0800176a   0x0800176a   0x00000002   PAD
    0x0800176c   0x0800176c   0x00000016   Code   RO         1563    .text.DelayBlockMs  i2c_eeprom.o
    0x08001782   0x08001782   0x00000002   PAD
    0x08001784   0x08001784   0x00000010   Code   RO         1349    .text.DelayBlockUs  swi2cmst.o
    0x08001794   0x08001794   0x00000002   Code   RO         1221    .text.DelayInit     delay.o
    0x08001796   0x08001796   0x00000002   PAD
    0x08001798   0x08001798   0x00000104   Code   RO         1559    .text.EEPROM_DetectCapacity  i2c_eeprom.o
    0x0800189c   0x0800189c   0x0000010a   Code   RO         1557    .text.EEPROM_Hexdump  i2c_eeprom.o
    0x080019a6   0x080019a6   0x00000002   PAD
    0x080019a8   0x080019a8   0x0000000a   Code   RO         1549    .text.EEPROM_Init   i2c_eeprom.o
    0x080019b2   0x080019b2   0x00000002   PAD
    0x080019b4   0x080019b4   0x000000e4   Code   RO         1555    .text.EEPROM_ReadBlock  i2c_eeprom.o
    0x08001a98   0x08001a98   0x0000007c   Code   RO         1561    .text.EEPROM_Test   i2c_eeprom.o
    0x08001b14   0x08001b14   0x00000084   Code   RO         1553    .text.EEPROM_WaitReady  i2c_eeprom.o
    0x08001b98   0x08001b98   0x0000026e   Code   RO         1551    .text.EEPROM_WriteBlock  i2c_eeprom.o
    0x08001e06   0x08001e06   0x00000002   PAD
    0x08001e08   0x08001e08   0x00000032   Code   RO         1535    .text.GetTick100ns  drv_timer.o
    0x08001e3a   0x08001e3a   0x00000002   PAD
    0x08001e3c   0x08001e3c   0x00000016   Code   RO         1537    .text.GetTickUs     drv_timer.o
    0x08001e52   0x08001e52   0x00000002   PAD
    0x08001e54   0x08001e54   0x0000013e   Code   RO         1477    .text.HWI2C_Master_Init  drv_hwi2cmst.o
    0x08001f92   0x08001f92   0x00000002   PAD
    0x08001f94   0x08001f94   0x00000082   Code   RO         1479    .text.HWI2C_Master_IsDeviceReady  drv_hwi2cmst.o
    0x08002016   0x08002016   0x00000002   PAD
    0x08002018   0x08002018   0x000000ae   Code   RO         1481    .text.HWI2C_Master_ReadBlock  drv_hwi2cmst.o
    0x080020c6   0x080020c6   0x00000002   PAD
    0x080020c8   0x080020c8   0x00000084   Code   RO         1485    .text.HWI2C_Master_ReceiveBlock  drv_hwi2cmst.o
    0x0800214c   0x0800214c   0x00000084   Code   RO         1487    .text.HWI2C_Master_TransmitBlock  drv_hwi2cmst.o
    0x080021d0   0x080021d0   0x000000ae   Code   RO         1483    .text.HWI2C_Master_WriteBlock  drv_hwi2cmst.o
    0x0800227e   0x0800227e   0x00000002   PAD
    0x08002280   0x08002280   0x00000042   Code   RO         1249    .text.I2C_Master_Init  i2cmst.o
    0x080022c2   0x080022c2   0x00000002   PAD
    0x080022c4   0x080022c4   0x00000022   Code   RO         1251    .text.I2C_Master_IsDeviceReady  i2cmst.o
    0x080022e6   0x080022e6   0x00000002   PAD
    0x080022e8   0x080022e8   0x0000004a   Code   RO         1257    .text.I2C_Master_ReadBlock  i2cmst.o
    0x08002332   0x08002332   0x00000002   PAD
    0x08002334   0x08002334   0x000000d4   Code   RO         1289    .text.I2C_Master_ScanAddress  i2cmst.o
    0x08002408   0x08002408   0x0000004a   Code   RO         1259    .text.I2C_Master_WriteBlock  i2cmst.o
    0x08002452   0x08002452   0x00000002   PAD
    0x08002454   0x08002454   0x00000016   Code   RO         1426    .text.LOG_GetTimestamp  logger.o
    0x0800246a   0x0800246a   0x00000002   PAD
    0x0800246c   0x0800246c   0x00000004   Code   RO           14    .text.MemManage_Handler  at32f415_int.o
    0x08002470   0x08002470   0x00000002   Code   RO           10    .text.NMI_Handler   at32f415_int.o
    0x08002472   0x08002472   0x00000002   PAD
    0x08002474   0x08002474   0x0000006c   Code   RO          696    .text.NVIC_EncodePriority  at32f415_misc.o
    0x080024e0   0x080024e0   0x00000018   Code   RO         1236    .text.PIN_ReadLevel  pinctrl.o
    0x080024f8   0x080024f8   0x00000026   Code   RO         1518    .text.PIN_ReadLevel  drv_pinctrl.o
    0x0800251e   0x0800251e   0x00000002   PAD
    0x08002520   0x08002520   0x00000028   Code   RO         1234    .text.PIN_SetMode   pinctrl.o
    0x08002548   0x08002548   0x000000da   Code   RO         1516    .text.PIN_SetMode   drv_pinctrl.o
    0x08002622   0x08002622   0x00000002   PAD
    0x08002624   0x08002624   0x00000018   Code   RO         1240    .text.PIN_ToggleLevel  pinctrl.o
    0x0800263c   0x0800263c   0x00000022   Code   RO         1522    .text.PIN_ToggleLevel  drv_pinctrl.o
    0x0800265e   0x0800265e   0x00000002   PAD
    0x08002660   0x08002660   0x00000020   Code   RO         1238    .text.PIN_WriteLevel  pinctrl.o
    0x08002680   0x08002680   0x00000036   Code   RO         1520    .text.PIN_WriteLevel  drv_pinctrl.o
    0x080026b6   0x080026b6   0x00000002   PAD
    0x080026b8   0x080026b8   0x00000002   Code   RO           24    .text.PendSV_Handler  at32f415_int.o
    0x080026ba   0x080026ba   0x00000002   PAD
    0x080026bc   0x080026bc   0x00000008   Code   RO         1648    .text.SEGGER_RTT_Init  segger_rtt.o
    0x080026c4   0x080026c4   0x00000002   Code   RO           20    .text.SVC_Handler   at32f415_int.o
    0x080026c6   0x080026c6   0x00000002   PAD
    0x080026c8   0x080026c8   0x00000038   Code   RO         1353    .text.SWI2C_Master_GenerateAck  swi2cmst.o
    0x08002700   0x08002700   0x00000038   Code   RO         1355    .text.SWI2C_Master_GenerateNack  swi2cmst.o
    0x08002738   0x08002738   0x00000050   Code   RO         1341    .text.SWI2C_Master_GenerateStartSingal  swi2cmst.o
    0x08002788   0x08002788   0x0000003a   Code   RO         1347    .text.SWI2C_Master_GenerateStopSingal  swi2cmst.o
    0x080027c2   0x080027c2   0x00000002   PAD
    0x080027c4   0x080027c4   0x00000066   Code   RO         1327    .text.SWI2C_Master_Init  swi2cmst.o
    0x0800282a   0x0800282a   0x00000002   PAD
    0x0800282c   0x0800282c   0x0000003e   Code   RO         1329    .text.SWI2C_Master_IsDeviceReady  swi2cmst.o
    0x0800286a   0x0800286a   0x00000002   PAD
    0x0800286c   0x0800286c   0x00000094   Code   RO         1345    .text.SWI2C_Master_PollForAck  swi2cmst.o
    0x08002900   0x08002900   0x000000ee   Code   RO         1331    .text.SWI2C_Master_ReadBlock  swi2cmst.o
    0x080029ee   0x080029ee   0x00000002   PAD
    0x080029f0   0x080029f0   0x000000b6   Code   RO         1335    .text.SWI2C_Master_ReceiveBlock  swi2cmst.o
    0x08002aa6   0x08002aa6   0x00000002   PAD
    0x08002aa8   0x08002aa8   0x00000090   Code   RO         1351    .text.SWI2C_Master_ReceiveByte  swi2cmst.o
    0x08002b38   0x08002b38   0x00000068   Code   RO         1339    .text.SWI2C_Master_SetClock  swi2cmst.o
    0x08002ba0   0x08002ba0   0x000000b6   Code   RO         1337    .text.SWI2C_Master_TransmitBlock  swi2cmst.o
    0x08002c56   0x08002c56   0x00000002   PAD
    0x08002c58   0x08002c58   0x0000007e   Code   RO         1343    .text.SWI2C_Master_TransmitByte  swi2cmst.o
    0x08002cd6   0x08002cd6   0x00000002   PAD
    0x08002cd8   0x08002cd8   0x000000ea   Code   RO         1333    .text.SWI2C_Master_WriteBlock  swi2cmst.o
    0x08002dc2   0x08002dc2   0x00000002   PAD
    0x08002dc4   0x08002dc4   0x00000002   Code   RO           26    .text.SysTick_Handler  at32f415_int.o
    0x08002dc6   0x08002dc6   0x00000002   PAD
    0x08002dc8   0x08002dc8   0x000000d0   Code   RO         1199    .text.SystemInit    system_at32f415.o
    0x08002e98   0x08002e98   0x00000026   Code   RO           28    .text.TMR1_OVF_TMR10_IRQHandler  at32f415_int.o
    0x08002ebe   0x08002ebe   0x00000002   PAD
    0x08002ec0   0x08002ec0   0x00000004   Code   RO           18    .text.UsageFault_Handler  at32f415_int.o
    0x08002ec4   0x08002ec4   0x000000a4   Code   RO         1590    .text._DoInit       segger_rtt.o
    0x08002f68   0x08002f68   0x00000030   Code   RO          702    .text.__NVIC_EnableIRQ  at32f415_misc.o
    0x08002f98   0x08002f98   0x00000010   Code   RO          698    .text.__NVIC_GetPriorityGrouping  at32f415_misc.o
    0x08002fa8   0x08002fa8   0x00000042   Code   RO          700    .text.__NVIC_SetPriority  at32f415_misc.o
    0x08002fea   0x08002fea   0x00000002   PAD
    0x08002fec   0x08002fec   0x0000003c   Code   RO          710    .text.__NVIC_SetPriorityGrouping  at32f415_misc.o
    0x08003028   0x08003028   0x00000008   Code   RO         1502    .text._sys_exit     drv_hwuart.o
    0x08003030   0x08003030   0x0000019a   Code   RO         1701    .text.cm_backtrace_call_stack  cm_backtrace.o
    0x080031ca   0x080031ca   0x00000002   PAD
    0x080031cc   0x080031cc   0x00000306   Code   RO         1709    .text.cm_backtrace_fault  cm_backtrace.o
    0x080034d2   0x080034d2   0x00000002   PAD
    0x080034d4   0x080034d4   0x00000036   Code   RO         1695    .text.cm_backtrace_firmware_info  cm_backtrace.o
    0x0800350a   0x0800350a   0x00000002   PAD
    0x0800350c   0x0800350c   0x000000c0   Code   RO         1693    .text.cm_backtrace_init  cm_backtrace.o
    0x080035cc   0x080035cc   0x00000026   Code   RO          271    .text.crm_ahb_div_set  at32f415_crm.o
    0x080035f2   0x080035f2   0x00000002   PAD
    0x080035f4   0x080035f4   0x00000026   Code   RO          273    .text.crm_apb1_div_set  at32f415_crm.o
    0x0800361a   0x0800361a   0x00000002   PAD
    0x0800361c   0x0800361c   0x00000026   Code   RO          275    .text.crm_apb2_div_set  at32f415_crm.o
    0x08003642   0x08003642   0x00000002   PAD
    0x08003644   0x08003644   0x00000038   Code   RO          299    .text.crm_auto_step_mode_enable  at32f415_crm.o
    0x0800367c   0x0800367c   0x000000a6   Code   RO          263    .text.crm_clock_source_enable  at32f415_crm.o
    0x08003722   0x08003722   0x00000002   PAD
    0x08003724   0x08003724   0x0000026e   Code   RO          293    .text.crm_clocks_freq_get  at32f415_crm.o
    0x08003992   0x08003992   0x00000002   PAD
    0x08003994   0x08003994   0x0000003e   Code   RO          247    .text.crm_flag_get  at32f415_crm.o
    0x080039d2   0x080039d2   0x00000002   PAD
    0x080039d4   0x080039d4   0x00000064   Code   RO          251    .text.crm_hext_stable_wait  at32f415_crm.o
    0x08003a38   0x08003a38   0x00000052   Code   RO          257    .text.crm_periph_clock_enable  at32f415_crm.o
    0x08003a8a   0x08003a8a   0x00000002   PAD
    0x08003a8c   0x08003a8c   0x00000052   Code   RO          259    .text.crm_periph_reset  at32f415_crm.o
    0x08003ade   0x08003ade   0x00000002   PAD
    0x08003ae0   0x08003ae0   0x000001e4   Code   RO          285    .text.crm_pll_config  at32f415_crm.o
    0x08003cc4   0x08003cc4   0x0000009a   Code   RO          241    .text.crm_reset     at32f415_crm.o
    0x08003d5e   0x08003d5e   0x00000002   PAD
    0x08003d60   0x08003d60   0x00000046   Code   RO          289    .text.crm_sysclk_switch  at32f415_crm.o
    0x08003da6   0x08003da6   0x00000002   PAD
    0x08003da8   0x08003da8   0x00000010   Code   RO          291    .text.crm_sysclk_switch_status_get  at32f415_crm.o
    0x08003db8   0x08003db8   0x00000064   Code   RO         1699    .text.disassembly_ins_is_bl_blx  cm_backtrace.o
    0x08003e1c   0x08003e1c   0x00000120   Code   RO         1705    .text.dump_stack    cm_backtrace.o
    0x08003f3c   0x08003f3c   0x0000058c   Code   RO         1713    .text.fault_diagnosis  cm_backtrace.o
    0x080044c8   0x080044c8   0x0000004a   Code   RO         1506    .text.fputc         drv_hwuart.o
    0x08004512   0x08004512   0x00000002   PAD
    0x08004514   0x08004514   0x00000026   Code   RO          586    .text.gpio_default_para_init  at32f415_gpio.o
    0x0800453a   0x0800453a   0x00000002   PAD
    0x0800453c   0x0800453c   0x00000140   Code   RO          584    .text.gpio_init     at32f415_gpio.o
    0x0800467c   0x0800467c   0x00000354   Code   RO         1414    .text.hexdump       hexdump.o
    0x080049d0   0x080049d0   0x00000034   Code   RO          671    .text.i2c_7bit_address_send  at32f415_i2c.o
    0x08004a04   0x08004a04   0x00000022   Code   RO          641    .text.i2c_ack_enable  at32f415_i2c.o
    0x08004a26   0x08004a26   0x00000002   PAD
    0x08004a28   0x08004a28   0x0000000e   Code   RO          675    .text.i2c_data_receive  at32f415_i2c.o
    0x08004a36   0x08004a36   0x00000002   PAD
    0x08004a38   0x08004a38   0x00000014   Code   RO          673    .text.i2c_data_send  at32f415_i2c.o
    0x08004a4c   0x08004a4c   0x0000001a   Code   RO          635    .text.i2c_enable    at32f415_i2c.o
    0x08004a66   0x08004a66   0x00000002   PAD
    0x08004a68   0x08004a68   0x00000046   Code   RO          681    .text.i2c_flag_clear  at32f415_i2c.o
    0x08004aae   0x08004aae   0x00000002   PAD
    0x08004ab0   0x08004ab0   0x00000058   Code   RO          677    .text.i2c_flag_get  at32f415_i2c.o
    0x08004b08   0x08004b08   0x00000178   Code   RO          625    .text.i2c_init      at32f415_i2c.o
    0x08004c80   0x08004c80   0x00000122   Code   RO         1457    .text.i2c_master_read_addr  i2c_application.o
    0x08004da2   0x08004da2   0x00000002   PAD
    0x08004da4   0x08004da4   0x0000029e   Code   RO         1461    .text.i2c_master_receive  i2c_application.o
    0x08005042   0x08005042   0x00000002   PAD
    0x08005044   0x08005044   0x00000022   Code   RO          643    .text.i2c_master_receive_ack_set  at32f415_i2c.o
    0x08005066   0x08005066   0x00000002   PAD
    0x08005068   0x08005068   0x000000f6   Code   RO         1459    .text.i2c_master_transmit  i2c_application.o
    0x0800515e   0x0800515e   0x00000002   PAD
    0x08005160   0x08005160   0x000000b8   Code   RO         1455    .text.i2c_master_write_addr  i2c_application.o
    0x08005218   0x08005218   0x0000007c   Code   RO         1463    .text.i2c_memory_address_send  i2c_application.o
    0x08005294   0x08005294   0x00000332   Code   RO         1467    .text.i2c_memory_read  i2c_application.o
    0x080055c6   0x080055c6   0x00000002   PAD
    0x080055c8   0x080055c8   0x00000140   Code   RO         1465    .text.i2c_memory_write  i2c_application.o
    0x08005708   0x08005708   0x00000034   Code   RO          627    .text.i2c_own_address1_set  at32f415_i2c.o
    0x0800573c   0x0800573c   0x0000005c   Code   RO          621    .text.i2c_reset     at32f415_i2c.o
    0x08005798   0x08005798   0x00000012   Code   RO          667    .text.i2c_start_generate  at32f415_i2c.o
    0x080057aa   0x080057aa   0x00000002   PAD
    0x080057ac   0x080057ac   0x00000012   Code   RO          669    .text.i2c_stop_generate  at32f415_i2c.o
    0x080057be   0x080057be   0x00000002   PAD
    0x080057c0   0x080057c0   0x000000f0   Code   RO         1453    .text.i2c_wait_flag  i2c_application.o
    0x080058b0   0x080058b0   0x0000002e   Code   RO         1416    .text.isprint       hexdump.o
    0x080058de   0x080058de   0x00000002   PAD
    0x080058e0   0x080058e0   0x00000132   Code   RO           37    .text.main          main.o
    0x08005a12   0x08005a12   0x00000002   PAD
    0x08005a14   0x08005a14   0x00000034   Code   RO          694    .text.nvic_irq_enable  at32f415_misc.o
    0x08005a48   0x08005a48   0x00000014   Code   RO          708    .text.nvic_priority_group_config  at32f415_misc.o
    0x08005a5c   0x08005a5c   0x000000d4   Code   RO         1707    .text.print_call_stack  cm_backtrace.o
    0x08005b30   0x08005b30   0x00000038   Code   RO         1711    .text.statck_del_fpu_regs  cm_backtrace.o
    0x08005b68   0x08005b68   0x00000086   Code   RO            2    .text.system_clock_config  at32f415_clock.o
    0x08005bee   0x08005bee   0x00000002   PAD
    0x08005bf0   0x08005bf0   0x00000232   Code   RO         1201    .text.system_core_clock_update  system_at32f415.o
    0x08005e22   0x08005e22   0x00000002   PAD
    0x08005e24   0x08005e24   0x00000022   Code   RO          884    .text.tmr_base_init  at32f415_tmr.o
    0x08005e46   0x08005e46   0x00000002   PAD
    0x08005e48   0x08005e48   0x00000022   Code   RO          888    .text.tmr_cnt_dir_set  at32f415_tmr.o
    0x08005e6a   0x08005e6a   0x00000002   PAD
    0x08005e6c   0x08005e6c   0x0000001a   Code   RO          876    .text.tmr_counter_enable  at32f415_tmr.o
    0x08005e86   0x08005e86   0x00000002   PAD
    0x08005e88   0x08005e88   0x00000012   Code   RO          964    .text.tmr_flag_clear  at32f415_tmr.o
    0x08005e9a   0x08005e9a   0x00000002   PAD
    0x08005e9c   0x08005e9c   0x0000003a   Code   RO          958    .text.tmr_interrupt_enable  at32f415_tmr.o
    0x08005ed6   0x08005ed6   0x00000002   PAD
    0x08005ed8   0x08005ed8   0x0000003c   Code   RO          960    .text.tmr_interrupt_flag_get  at32f415_tmr.o
    0x08005f14   0x08005f14   0x00000018   Code   RO         1027    .text.usart_data_transmit  at32f415_usart.o
    0x08005f2c   0x08005f2c   0x00000022   Code   RO         1001    .text.usart_enable  at32f415_usart.o
    0x08005f4e   0x08005f4e   0x00000002   PAD
    0x08005f50   0x08005f50   0x0000002a   Code   RO         1049    .text.usart_flag_get  at32f415_usart.o
    0x08005f7a   0x08005f7a   0x00000002   PAD
    0x08005f7c   0x08005f7c   0x000000ce   Code   RO          997    .text.usart_init    at32f415_usart.o
    0x0800604a   0x0800604a   0x00000002   PAD
    0x0800604c   0x0800604c   0x00000022   Code   RO         1003    .text.usart_transmitter_enable  at32f415_usart.o
    0x0800606e   0x0800606e   0x0000003e   Code   RO         1935    CL$$btod_d2e        c_w.l(btod.o)
    0x080060ac   0x080060ac   0x00000046   Code   RO         1937    CL$$btod_d2e_denorm_low  c_w.l(btod.o)
    0x080060f2   0x080060f2   0x00000060   Code   RO         1936    CL$$btod_d2e_norm_op1  c_w.l(btod.o)
    0x08006152   0x08006152   0x00000002   PAD
    0x08006154   0x08006154   0x00000338   Code   RO         1945    CL$$btod_div_common  c_w.l(btod.o)
    0x0800648c   0x0800648c   0x000000dc   Code   RO         1942    CL$$btod_e2e        c_w.l(btod.o)
    0x08006568   0x08006568   0x0000002a   Code   RO         1939    CL$$btod_ediv       c_w.l(btod.o)
    0x08006592   0x08006592   0x0000002a   Code   RO         1938    CL$$btod_emul       c_w.l(btod.o)
    0x080065bc   0x080065bc   0x00000244   Code   RO         1944    CL$$btod_mult_common  c_w.l(btod.o)
    0x08006800   0x08006800   0x00000028   Code   RO         1977    i.__ARM_fpclassify  m_ws.l(fpclassify.o)
    0x08006828   0x08006828   0x0000000e   Code   RO         1837    i._is_digit         c_w.l(__printf_wp.o)
    0x08006836   0x08006836   0x00000002   PAD
    0x08006838   0x08006838   0x0000002c   Code   RO         1960    locale$$code        c_w.l(lc_numeric_c.o)
    0x08006864   0x08006864   0x0000002c   Code   RO         1989    locale$$code        c_w.l(lc_ctype_c.o)
    0x08006890   0x08006890   0x00000004   Code   RO         1872    x$fpl$printf1       fz_ws.l(printf1.o)
    0x08006894   0x08006894   0x00000004   Code   RO         1874    x$fpl$printf2       fz_ws.l(printf2.o)
    0x08006898   0x08006898   0x00000000   Code   RO         1976    x$fpl$usenofp       fz_ws.l(usenofp.o)
    0x08006898   0x08006898   0x00000008   Data   RO         1796    .constdata          c_w.l(_printf_wctomb.o)
    0x080068a0   0x080068a0   0x00000028   Data   RO         1825    .constdata          c_w.l(_printf_hex_int_ll_ptr.o)
    0x080068c8   0x080068c8   0x00000011   Data   RO         1845    .constdata          c_w.l(__printf_flags_ss_wp.o)
    0x080068d9   0x080068d9   0x00000026   Data   RO         1906    .constdata          c_w.l(_printf_fp_hex.o)
    0x080068ff   0x080068ff   0x00000001   PAD
    0x08006900   0x08006900   0x00000094   Data   RO         1933    .constdata          c_w.l(bigflt0.o)
    0x08006994   0x08006994   0x00000020   Data   RO         1728    .rodata..L__const.cm_backtrace_fault.regs_name  cm_backtrace.o
    0x080069b4   0x080069b4   0x00000020   Data   RO           46    .rodata..L__const.main.i2c  main.o
    0x080069d4   0x080069d4   0x00000011   Data   RO         1663    .rodata._DoInit._aInitStr  segger_rtt.o
    0x080069e5   0x080069e5   0x00000003   PAD
    0x080069e8   0x080069e8   0x00000008   Data   RO           44    .rodata.btn         main.o
    0x080069f0   0x080069f0   0x00000008   Data   RO          316    .rodata.crm_clocks_freq_get.adc_div_table  at32f415_crm.o
    0x080069f8   0x080069f8   0x00000008   Data   RO          314    .rodata.crm_clocks_freq_get.ahb_apb1_div_table  at32f415_crm.o
    0x08006a00   0x08006a00   0x00000008   Data   RO          315    .rodata.crm_clocks_freq_get.ahb_apb2_div_table  at32f415_crm.o
    0x08006a08   0x08006a08   0x00000010   Data   RO          313    .rodata.crm_clocks_freq_get.sclk_ahb_div_table  at32f415_crm.o
    0x08006a18   0x08006a18   0x00000008   Data   RO         1491    .rodata.cst8        drv_hwi2cmst.o
    0x08006a20   0x08006a20   0x00000018   Data   RO         1489    .rodata.g_hwI2cOps  drv_hwi2cmst.o
    0x08006a38   0x08006a38   0x00000010   Data   RO         1524    .rodata.g_hwPinOps  drv_pinctrl.o
    0x08006a48   0x08006a48   0x00000018   Data   RO         1357    .rodata.g_swI2cOps  swi2cmst.o
    0x08006a60   0x08006a60   0x00000008   Data   RO           42    .rodata.led1        main.o
    0x08006a68   0x08006a68   0x00000008   Data   RO           43    .rodata.led2        main.o
    0x08006a70   0x08006a70   0x00000098   Data   RO         1722    .rodata.print_info  cm_backtrace.o
    0x08006b08   0x08006b08   0x00000018   Data   RO           41    .rodata.str1.1      main.o
    0x08006b20   0x08006b20   0x00000091   Data   RO         1293    .rodata.str1.1      i2cmst.o
    0x08006bb1   0x08006bb1   0x0000007c   Data   RO         1358    .rodata.str1.1      swi2cmst.o
    0x08006c2d   0x08006c2d   0x0000003c   Data   RO         1418    .rodata.str1.1      hexdump.o
    0x08006c69   0x08006c69   0x0000003d   Data   RO         1490    .rodata.str1.1      drv_hwi2cmst.o
    0x08006ca6   0x08006ca6   0x0000003a   Data   RO         1525    .rodata.str1.1      drv_pinctrl.o
    0x08006ce0   0x08006ce0   0x0000014e   Data   RO         1565    .rodata.str1.1      i2c_eeprom.o
    0x08006e2e   0x08006e2e   0x00000009   Data   RO         1664    .rodata.str1.1      segger_rtt.o
    0x08006e37   0x08006e37   0x00000964   Data   RO         1723    .rodata.str1.1      cm_backtrace.o
    0x0800779b   0x0800779b   0x00000010   Data   RO         1204    .rodata.system_core_clock_update.sys_ahb_div_table  system_at32f415.o
    0x080077ab   0x080077ab   0x00000001   PAD
    0x080077ac   0x080077ac   0x00000020   Data   RO         2110    Region$$Table       anon$$obj.o
    0x080077cc   0x080077cc   0x0000001c   Data   RO         1959    locale$$data        c_w.l(lc_numeric_c.o)
    0x080077e8   0x080077e8   0x00000110   Data   RO         1988    locale$$data        c_w.l(lc_ctype_c.o)


    Execution Region RW_IRAM1 (Exec base: 0x20000000, Load base: 0x080078f8, Size: 0x00001770, Max: 0x00008000, ABSOLUTE)

    Exec Addr    Load Addr    Size         Type   Attr      Idx    E Section Name        Object

    0x20000000   0x080078f8   0x0000001c   Data   RW           45    .data.hi2c1         main.o
    0x2000001c   0x08007914   0x00000004   Data   RW         1203    .data.system_core_clock  system_at32f415.o
    0x20000020        -       0x00000060   Zero   RW         1980    .bss                c_w.l(libspace.o)
    0x20000080        -       0x000000a8   Zero   RW         1660    .bss._SEGGER_RTT    segger_rtt.o
    0x20000128        -       0x00000054   Zero   RW         1508    .bss.__stdout       drv_hwuart.o
    0x2000017c        -       0x00000010   Zero   RW         1666    .bss._acDownBuffer  segger_rtt.o
    0x2000018c        -       0x00000400   Zero   RW         1665    .bss._acUpBuffer    segger_rtt.o
    0x2000058c        -       0x00000120   Zero   RW         1730    .bss.call_stack_info  cm_backtrace.o
    0x200006ac        -       0x00000004   Zero   RW         1721    .bss.code_size      cm_backtrace.o
    0x200006b0        -       0x00000004   Zero   RW         1720    .bss.code_start_addr  cm_backtrace.o
    0x200006b4        -       0x00000021   Zero   RW         1715    .bss.fw_name        cm_backtrace.o
    0x200006d5        -       0x00000021   Zero   RW         1716    .bss.hw_ver         cm_backtrace.o
    0x200006f6        -       0x00000001   Zero   RW         1724    .bss.init_ok        cm_backtrace.o
    0x200006f7   0x08007918   0x00000001   PAD
    0x200006f8        -       0x00000004   Zero   RW         1541    .bss.m_Tick         drv_timer.o
    0x200006fc        -       0x00000004   Zero   RW         1719    .bss.main_stack_size  cm_backtrace.o
    0x20000700        -       0x00000004   Zero   RW         1718    .bss.main_stack_start_addr  cm_backtrace.o
    0x20000704        -       0x00000001   Zero   RW         1725    .bss.on_fault       cm_backtrace.o
    0x20000705        -       0x00000001   Zero   RW         1729    .bss.on_thread_before_fault  cm_backtrace.o
    0x20000706   0x08007918   0x00000002   PAD
    0x20000708        -       0x00000044   Zero   RW         1727    .bss.regs           cm_backtrace.o
    0x2000074c        -       0x00000001   Zero   RW         1726    .bss.stack_is_overflow  cm_backtrace.o
    0x2000074d        -       0x00000001   Zero   RW         1731    .bss.statck_has_fpu_regs  cm_backtrace.o
    0x2000074e        -       0x00000021   Zero   RW         1717    .bss.sw_ver         cm_backtrace.o
    0x2000076f   0x08007918   0x00000001   PAD
    0x20000770        -       0x00000800   Zero   RW         1212    HEAP                startup_at32f415.o
    0x20000f70        -       0x00000800   Zero   RW         1211    STACK               startup_at32f415.o


==============================================================================

Image component sizes


      Code (inc. data)   RO Data    RW Data    ZI Data      Debug   Object Name

       134          0          0          0          0       6437   at32f415_clock.o
      2008          6         40          0          0      19678   at32f415_crm.o
       358          0          0          0          0      12883   at32f415_gpio.o
       894          0          0          0          0       9793   at32f415_i2c.o
        60          0          0          0          0       5936   at32f415_int.o
       370          0          0          0          0       6259   at32f415_misc.o
       230          0          0          0          0      23416   at32f415_tmr.o
       340          0          0          0          0       9848   at32f415_usart.o
      3506          0       2588          0        476       8065   cm_backtrace.o
        12          0          0          0          0        364   cmb_fault_keil.o
        50          0          0          0          0        958   delay.o
      1060          0         93          0          0       8303   drv_hwi2cmst.o
       208          0          0          0         84       8488   drv_hwuart.o
       344          4         74          0          0       6322   drv_pinctrl.o
       204          0          0          0          4       8465   drv_timer.o
       898         16         60          0          0       1893   hexdump.o
      2892          0          0          0          0       7885   i2c_application.o
      1664          0        334          0          0       4579   i2c_eeprom.o
       460          0        145          0          0       7132   i2cmst.o
        22          0          0          0          0        481   logger.o
       328          0         80         28          0       6068   main.o
       120          0          0          0          0       1555   pinctrl.o
       172          0         26          0       1208      13301   segger_rtt.o
        64         26        368          0       4096        792   startup_at32f415.o
      1788          0        148          0          0       5995   swi2cmst.o
       770          0         16          4          0       7977   system_at32f415.o

    ----------------------------------------------------------------------
     19110         52       4008         32       5872     192873   Object Totals
         0          0         32          0          0          0   (incl. Generated)
       154          0          4          0          4          0   (incl. Padding)

    ----------------------------------------------------------------------

      Code (inc. data)   RO Data    RW Data    ZI Data      Debug   Library Member Name

         8          0          0          0          0         68   __main.o
       392          4         17          0          0         92   __printf_flags_ss_wp.o
        14          0          0          0          0         68   __printf_wp.o
         0          0          0          0          0          0   __rtentry.o
        12          0          0          0          0          0   __rtentry2.o
         6          0          0          0          0          0   __rtentry4.o
        52          8          0          0          0          0   __scatter.o
        26          0          0          0          0          0   __scatter_copy.o
        28          0          0          0          0          0   __scatter_zi.o
        72          0          0          0          0         96   _c16rtomb.o
         6          0          0          0          0          0   _printf_a.o
         6          0          0          0          0          0   _printf_c.o
        44          0          0          0          0        108   _printf_char.o
        48          6          0          0          0         96   _printf_char_common.o
        36          4          0          0          0         80   _printf_char_file.o
        40          0          0          0          0         68   _printf_charcount.o
         6          0          0          0          0          0   _printf_d.o
       120         16          0          0          0         92   _printf_dec.o
         6          0          0          0          0          0   _printf_e.o
         6          0          0          0          0          0   _printf_f.o
      1052          0          0          0          0        148   _printf_fp_dec.o
       764          8         38          0          0        100   _printf_fp_hex.o
       128         16          0          0          0         84   _printf_fp_infnan.o
         6          0          0          0          0          0   _printf_g.o
       148          4         40          0          0        160   _printf_hex_int_ll_ptr.o
         6          0          0          0          0          0   _printf_i.o
       178          0          0          0          0         88   _printf_intcommon.o
        10          0          0          0          0          0   _printf_l.o
         6          0          0          0          0          0   _printf_lc.o
        10          0          0          0          0          0   _printf_ll.o
         6          0          0          0          0          0   _printf_lld.o
         6          0          0          0          0          0   _printf_lli.o
         6          0          0          0          0          0   _printf_llo.o
         6          0          0          0          0          0   _printf_llu.o
         6          0          0          0          0          0   _printf_llx.o
       124         16          0          0          0         92   _printf_longlong_dec.o
         6          0          0          0          0          0   _printf_ls.o
         6          0          0          0          0          0   _printf_n.o
         6          0          0          0          0          0   _printf_o.o
       112          8          0          0          0        124   _printf_oct_int_ll.o
         6          0          0          0          0          0   _printf_p.o
        78          0          0          0          0        108   _printf_pad.o
         0          0          0          0          0          0   _printf_percent.o
         4          0          0          0          0          0   _printf_percent_end.o
         6          0          0          0          0          0   _printf_s.o
        82          0          0          0          0         80   _printf_str.o
        36          0          0          0          0         84   _printf_truncate.o
         6          0          0          0          0          0   _printf_u.o
        44          0          0          0          0        108   _printf_wchar.o
       188          6          8          0          0         92   _printf_wctomb.o
         6          0          0          0          0          0   _printf_x.o
        10          0          0          0          0         68   _sputc.o
       228          4        148          0          0         96   bigflt0.o
      1936        128          0          0          0        668   btod.o
        18          0          0          0          0         80   exit.o
         8          0          0          0          0         68   ferror.o
         6          0          0          0          0        152   heapauxi.o
        44         10        272          0          0         76   lc_ctype_c.o
        44         10         28          0          0         76   lc_numeric_c.o
         2          0          0          0          0          0   libinit.o
        30          0          0          0          0          0   libinit2.o
         2          0          0          0          0          0   libshutdown.o
         2          0          0          0          0          0   libshutdown2.o
         8          4          0          0         96         68   libspace.o
       138          0          0          0          0         80   lludiv10.o
       240          0          0          0          0        100   lludivv7m.o
        24          4          0          0          0         84   printf.o
        16          4          0          0          0         76   rt_ctype_table.o
         8          4          0          0          0         68   rt_locale_intlibspace.o
        68          0          0          0          0         68   rt_memclr.o
        78          0          0          0          0         80   rt_memclr_w.o
         2          0          0          0          0          0   rtexit.o
        10          0          0          0          0          0   rtexit2.o
        44          6          0          0          0         84   sprintf.o
       124          0          0          0          0         88   strcmpv7em.o
        86          0          0          0          0         76   strncpy.o
        74          0          0          0          0         80   sys_stackheap_outer.o
         2          0          0          0          0         68   use_no_semi.o
         2          0          0          0          0         68   use_no_semi_2.o
         4          0          0          0          0         68   printf1.o
         4          0          0          0          0         68   printf2.o
         0          0          0          0          0          0   usenofp.o
        40          0          0          0          0         68   fpclassify.o

    ----------------------------------------------------------------------
      7298        270        552          0         96       4612   Library Totals
        20          0          1          0          0          0   (incl. Padding)

    ----------------------------------------------------------------------

      Code (inc. data)   RO Data    RW Data    ZI Data      Debug   Library Name

      7230        270        551          0         96       4408   c_w.l
         8          0          0          0          0        136   fz_ws.l
        40          0          0          0          0         68   m_ws.l

    ----------------------------------------------------------------------
      7298        270        552          0         96       4612   Library Totals

    ----------------------------------------------------------------------

==============================================================================


      Code (inc. data)   RO Data    RW Data    ZI Data      Debug   

     26408        322       4560         32       5968     194473   Grand Totals
     26408        322       4560         32       5968     194473   ELF Image Totals
     26408        322       4560         32          0          0   ROM Totals

==============================================================================

    Total RO  Size (Code + RO Data)                30968 (  30.24kB)
    Total RW  Size (RW Data + ZI Data)              6000 (   5.86kB)
    Total ROM Size (Code + RO Data + RW Data)      31000 (  30.27kB)

==============================================================================

